 * Debugger is active!
 * Debugger PIN: 606-389-275
 * Running on http://127.0.0.1:5000/ (Press CTRL+C to quit)
127.0.0.1 - - [29/Jun/2021 00:46:52] "GET /appliances/refrigerators HTTP/1.1" 200 -
127.0.0.1 - - [29/Jun/2021 00:46:52] "[33mGET /robots.txt?1624942012666 HTTP/1.1[0m" 404 -
127.0.0.1 - - [29/Jun/2021 00:46:53] "[36mGET /static/css/styles.css HTTP/1.1[0m" 304 -
127.0.0.1 - - [29/Jun/2021 00:46:53] "[36mGET /static/images/refrigerators/side-by-side.png HTTP/1.1[0m" 304 -
127.0.0.1 - - [29/Jun/2021 00:46:53] "[36mGET /static/images/refrigerators/botton-freezer.png HTTP/1.1[0m" 304 -
127.0.0.1 - - [29/Jun/2021 00:46:53] "[36mGET /static/images/refrigerators/top-fridge.png HTTP/1.1[0m" 304 -
127.0.0.1 - - [29/Jun/2021 00:46:53] "[36mGET /static/images/refrigerators/freezerless-fridge.jpg HTTP/1.1[0m" 304 -
127.0.0.1 - - [29/Jun/2021 00:46:53] "[36mGET /static/images/refrigerators/upright-freezer.png HTTP/1.1[0m" 304 -
127.0.0.1 - - [29/Jun/2021 00:46:53] "[36mGET /static/images/refrigerators/chest-freezer.png HTTP/1.1[0m" 304 -
127.0.0.1 - - [29/Jun/2021 00:46:53] "[36mGET /static/images/refrigerators/mini-fridge.jpg HTTP/1.1[0m" 304 -
127.0.0.1 - - [29/Jun/2021 00:46:53] "[36mGET /static/images/stainless_steel.jpg HTTP/1.1[0m" 304 -
127.0.0.1 - - [29/Jun/2021 00:46:53] "[36mGET /static/images/black.png HTTP/1.1[0m" 304 -
127.0.0.1 - - [29/Jun/2021 00:46:53] "[36mGET /static/images/white.png HTTP/1.1[0m" 304 -
127.0.0.1 - - [29/Jun/2021 00:46:53] "[36mGET /static/images/logo.svg HTTP/1.1[0m" 304 -
127.0.0.1 - - [29/Jun/2021 00:46:53] "[36mGET /static/images/refrigerators/french-door.png HTTP/1.1[0m" 304 -
127.0.0.1 - - [29/Jun/2021 00:46:58] "POST /appliances/refrigerators HTTP/1.1" 200 -
127.0.0.1 - - [29/Jun/2021 00:46:58] "[33mGET /robots.txt?1624942018250 HTTP/1.1[0m" 404 -
127.0.0.1 - - [29/Jun/2021 00:46:58] "[36mGET /static/css/styles.css HTTP/1.1[0m" 304 -
127.0.0.1 - - [29/Jun/2021 00:46:58] "[36mGET /static/images/logo.svg HTTP/1.1[0m" 304 -
127.0.0.1 - - [29/Jun/2021 00:46:58] "[36mGET /static/images/refrigerators/french-door.png HTTP/1.1[0m" 304 -
127.0.0.1 - - [29/Jun/2021 00:47:28] "GET /appliances/refrigerators HTTP/1.1" 200 -
127.0.0.1 - - [29/Jun/2021 00:47:28] "[33mGET /robots.txt?1624942048477 HTTP/1.1[0m" 404 -
127.0.0.1 - - [29/Jun/2021 00:47:28] "[36mGET /static/css/styles.css HTTP/1.1[0m" 304 -
127.0.0.1 - - [29/Jun/2021 00:47:28] "[36mGET /static/images/logo.svg HTTP/1.1[0m" 304 -
127.0.0.1 - - [29/Jun/2021 00:47:28] "[36mGET /static/images/refrigerators/french-door.png HTTP/1.1[0m" 304 -
127.0.0.1 - - [29/Jun/2021 00:47:28] "[36mGET /static/images/refrigerators/side-by-side.png HTTP/1.1[0m" 304 -
127.0.0.1 - - [29/Jun/2021 00:47:28] "[36mGET /static/images/refrigerators/botton-freezer.png HTTP/1.1[0m" 304 -
127.0.0.1 - - [29/Jun/2021 00:47:28] "[36mGET /static/images/refrigerators/top-fridge.png HTTP/1.1[0m" 304 -
127.0.0.1 - - [29/Jun/2021 00:47:28] "[36mGET /static/images/refrigerators/freezerless-fridge.jpg HTTP/1.1[0m" 304 -
127.0.0.1 - - [29/Jun/2021 00:47:28] "[36mGET /static/images/refrigerators/upright-freezer.png HTTP/1.1[0m" 304 -
127.0.0.1 - - [29/Jun/2021 00:47:28] "[36mGET /static/images/refrigerators/chest-freezer.png HTTP/1.1[0m" 304 -
127.0.0.1 - - [29/Jun/2021 00:47:28] "[36mGET /static/images/refrigerators/mini-fridge.jpg HTTP/1.1[0m" 304 -
127.0.0.1 - - [29/Jun/2021 00:47:28] "[36mGET /static/images/stainless_steel.jpg HTTP/1.1[0m" 304 -
127.0.0.1 - - [29/Jun/2021 00:47:28] "[36mGET /static/images/black.png HTTP/1.1[0m" 304 -
127.0.0.1 - - [29/Jun/2021 00:47:28] "[36mGET /static/images/white.png HTTP/1.1[0m" 304 -
127.0.0.1 - - [29/Jun/2021 00:47:58] "GET /appliances/refrigerators HTTP/1.1" 200 -
127.0.0.1 - - [29/Jun/2021 00:47:58] "[33mGET /robots.txt?1624942078707 HTTP/1.1[0m" 404 -
127.0.0.1 - - [29/Jun/2021 00:47:58] "[36mGET /static/css/styles.css HTTP/1.1[0m" 304 -
127.0.0.1 - - [29/Jun/2021 00:47:58] "[36mGET /static/images/logo.svg HTTP/1.1[0m" 304 -
127.0.0.1 - - [29/Jun/2021 00:47:58] "[36mGET /static/images/refrigerators/french-door.png HTTP/1.1[0m" 304 -
127.0.0.1 - - [29/Jun/2021 00:47:58] "[36mGET /static/images/refrigerators/side-by-side.png HTTP/1.1[0m" 304 -
127.0.0.1 - - [29/Jun/2021 00:47:58] "[36mGET /static/images/refrigerators/botton-freezer.png HTTP/1.1[0m" 304 -
127.0.0.1 - - [29/Jun/2021 00:47:58] "[36mGET /static/images/refrigerators/top-fridge.png HTTP/1.1[0m" 304 -
127.0.0.1 - - [29/Jun/2021 00:47:58] "[36mGET /static/images/refrigerators/freezerless-fridge.jpg HTTP/1.1[0m" 304 -
127.0.0.1 - - [29/Jun/2021 00:47:58] "[36mGET /static/images/refrigerators/upright-freezer.png HTTP/1.1[0m" 304 -
127.0.0.1 - - [29/Jun/2021 00:47:58] "[36mGET /static/images/refrigerators/chest-freezer.png HTTP/1.1[0m" 304 -
127.0.0.1 - - [29/Jun/2021 00:47:58] "[36mGET /static/images/refrigerators/mini-fridge.jpg HTTP/1.1[0m" 304 -
127.0.0.1 - - [29/Jun/2021 00:47:58] "[36mGET /static/images/stainless_steel.jpg HTTP/1.1[0m" 304 -
127.0.0.1 - - [29/Jun/2021 00:47:58] "[36mGET /static/images/black.png HTTP/1.1[0m" 304 -
127.0.0.1 - - [29/Jun/2021 00:47:58] "[36mGET /static/images/white.png HTTP/1.1[0m" 304 -
127.0.0.1 - - [29/Jun/2021 00:48:28] "GET /appliances/refrigerators HTTP/1.1" 200 -
127.0.0.1 - - [29/Jun/2021 00:48:28] "[33mGET /robots.txt?1624942108959 HTTP/1.1[0m" 404 -
127.0.0.1 - - [29/Jun/2021 00:48:28] "[36mGET /static/css/styles.css HTTP/1.1[0m" 304 -
127.0.0.1 - - [29/Jun/2021 00:48:29] "[36mGET /static/images/logo.svg HTTP/1.1[0m" 304 -
127.0.0.1 - - [29/Jun/2021 00:48:29] "[36mGET /static/images/refrigerators/french-door.png HTTP/1.1[0m" 304 -
127.0.0.1 - - [29/Jun/2021 00:48:29] "[36mGET /static/images/refrigerators/side-by-side.png HTTP/1.1[0m" 304 -
127.0.0.1 - - [29/Jun/2021 00:48:29] "[36mGET /static/images/refrigerators/botton-freezer.png HTTP/1.1[0m" 304 -
127.0.0.1 - - [29/Jun/2021 00:48:29] "[36mGET /static/images/refrigerators/top-fridge.png HTTP/1.1[0m" 304 -
127.0.0.1 - - [29/Jun/2021 00:48:29] "[36mGET /static/images/refrigerators/freezerless-fridge.jpg HTTP/1.1[0m" 304 -
127.0.0.1 - - [29/Jun/2021 00:48:29] "[36mGET /static/images/refrigerators/upright-freezer.png HTTP/1.1[0m" 304 -
127.0.0.1 - - [29/Jun/2021 00:48:29] "[36mGET /static/images/refrigerators/chest-freezer.png HTTP/1.1[0m" 304 -
127.0.0.1 - - [29/Jun/2021 00:48:29] "[36mGET /static/images/refrigerators/mini-fridge.jpg HTTP/1.1[0m" 304 -
127.0.0.1 - - [29/Jun/2021 00:48:29] "[36mGET /static/images/stainless_steel.jpg HTTP/1.1[0m" 304 -
127.0.0.1 - - [29/Jun/2021 00:48:29] "[36mGET /static/images/black.png HTTP/1.1[0m" 304 -
127.0.0.1 - - [29/Jun/2021 00:48:29] "[36mGET /static/images/white.png HTTP/1.1[0m" 304 -
127.0.0.1 - - [29/Jun/2021 00:48:59] "GET /appliances/refrigerators HTTP/1.1" 200 -
127.0.0.1 - - [29/Jun/2021 00:48:59] "[33mGET /robots.txt?1624942139224 HTTP/1.1[0m" 404 -
127.0.0.1 - - [29/Jun/2021 00:48:59] "[36mGET /static/css/styles.css HTTP/1.1[0m" 304 -
127.0.0.1 - - [29/Jun/2021 00:48:59] "[36mGET /static/images/logo.svg HTTP/1.1[0m" 304 -
127.0.0.1 - - [29/Jun/2021 00:48:59] "[36mGET /static/images/refrigerators/french-door.png HTTP/1.1[0m" 304 -
127.0.0.1 - - [29/Jun/2021 00:48:59] "[36mGET /static/images/refrigerators/side-by-side.png HTTP/1.1[0m" 304 -
127.0.0.1 - - [29/Jun/2021 00:48:59] "[36mGET /static/images/refrigerators/botton-freezer.png HTTP/1.1[0m" 304 -
127.0.0.1 - - [29/Jun/2021 00:48:59] "[36mGET /static/images/refrigerators/top-fridge.png HTTP/1.1[0m" 304 -
127.0.0.1 - - [29/Jun/2021 00:48:59] "[36mGET /static/images/refrigerators/freezerless-fridge.jpg HTTP/1.1[0m" 304 -
127.0.0.1 - - [29/Jun/2021 00:48:59] "[36mGET /static/images/refrigerators/upright-freezer.png HTTP/1.1[0m" 304 -
127.0.0.1 - - [29/Jun/2021 00:48:59] "[36mGET /static/images/refrigerators/chest-freezer.png HTTP/1.1[0m" 304 -
127.0.0.1 - - [29/Jun/2021 00:48:59] "[36mGET /static/images/refrigerators/mini-fridge.jpg HTTP/1.1[0m" 304 -
127.0.0.1 - - [29/Jun/2021 00:48:59] "[36mGET /static/images/stainless_steel.jpg HTTP/1.1[0m" 304 -
127.0.0.1 - - [29/Jun/2021 00:48:59] "[36mGET /static/images/black.png HTTP/1.1[0m" 304 -
127.0.0.1 - - [29/Jun/2021 00:48:59] "[36mGET /static/images/white.png HTTP/1.1[0m" 304 -
127.0.0.1 - - [29/Jun/2021 00:49:29] "GET /appliances/refrigerators HTTP/1.1" 200 -
127.0.0.1 - - [29/Jun/2021 00:49:29] "[33mGET /robots.txt?1624942169458 HTTP/1.1[0m" 404 -
127.0.0.1 - - [29/Jun/2021 00:49:29] "[36mGET /static/css/styles.css HTTP/1.1[0m" 304 -
127.0.0.1 - - [29/Jun/2021 00:49:29] "[36mGET /static/images/logo.svg HTTP/1.1[0m" 304 -
127.0.0.1 - - [29/Jun/2021 00:49:29] "[36mGET /static/images/refrigerators/french-door.png HTTP/1.1[0m" 304 -
127.0.0.1 - - [29/Jun/2021 00:49:29] "[36mGET /static/images/refrigerators/side-by-side.png HTTP/1.1[0m" 304 -
127.0.0.1 - - [29/Jun/2021 00:49:29] "[36mGET /static/images/refrigerators/botton-freezer.png HTTP/1.1[0m" 304 -
127.0.0.1 - - [29/Jun/2021 00:49:29] "[36mGET /static/images/refrigerators/top-fridge.png HTTP/1.1[0m" 304 -
127.0.0.1 - - [29/Jun/2021 00:49:29] "[36mGET /static/images/refrigerators/freezerless-fridge.jpg HTTP/1.1[0m" 304 -
127.0.0.1 - - [29/Jun/2021 00:49:29] "[36mGET /static/images/refrigerators/upright-freezer.png HTTP/1.1[0m" 304 -
127.0.0.1 - - [29/Jun/2021 00:49:29] "[36mGET /static/images/refrigerators/chest-freezer.png HTTP/1.1[0m" 304 -
127.0.0.1 - - [29/Jun/2021 00:49:29] "[36mGET /static/images/refrigerators/mini-fridge.jpg HTTP/1.1[0m" 304 -
127.0.0.1 - - [29/Jun/2021 00:49:29] "[36mGET /static/images/stainless_steel.jpg HTTP/1.1[0m" 304 -
127.0.0.1 - - [29/Jun/2021 00:49:29] "[36mGET /static/images/black.png HTTP/1.1[0m" 304 -
127.0.0.1 - - [29/Jun/2021 00:49:29] "[36mGET /static/images/white.png HTTP/1.1[0m" 304 -
127.0.0.1 - - [29/Jun/2021 00:49:59] "GET /appliances/refrigerators HTTP/1.1" 200 -
127.0.0.1 - - [29/Jun/2021 00:49:59] "[33mGET /robots.txt?1624942199684 HTTP/1.1[0m" 404 -
127.0.0.1 - - [29/Jun/2021 00:49:59] "[36mGET /static/css/styles.css HTTP/1.1[0m" 304 -
127.0.0.1 - - [29/Jun/2021 00:49:59] "[36mGET /static/images/logo.svg HTTP/1.1[0m" 304 -
127.0.0.1 - - [29/Jun/2021 00:49:59] "[36mGET /static/images/refrigerators/french-door.png HTTP/1.1[0m" 304 -
127.0.0.1 - - [29/Jun/2021 00:49:59] "[36mGET /static/images/refrigerators/side-by-side.png HTTP/1.1[0m" 304 -
127.0.0.1 - - [29/Jun/2021 00:49:59] "[36mGET /static/images/refrigerators/botton-freezer.png HTTP/1.1[0m" 304 -
127.0.0.1 - - [29/Jun/2021 00:49:59] "[36mGET /static/images/refrigerators/top-fridge.png HTTP/1.1[0m" 304 -
127.0.0.1 - - [29/Jun/2021 00:49:59] "[36mGET /static/images/refrigerators/freezerless-fridge.jpg HTTP/1.1[0m" 304 -
127.0.0.1 - - [29/Jun/2021 00:49:59] "[36mGET /static/images/refrigerators/upright-freezer.png HTTP/1.1[0m" 304 -
127.0.0.1 - - [29/Jun/2021 00:49:59] "[36mGET /static/images/refrigerators/chest-freezer.png HTTP/1.1[0m" 304 -
127.0.0.1 - - [29/Jun/2021 00:49:59] "[36mGET /static/images/refrigerators/mini-fridge.jpg HTTP/1.1[0m" 304 -
127.0.0.1 - - [29/Jun/2021 00:49:59] "[36mGET /static/images/stainless_steel.jpg HTTP/1.1[0m" 304 -
127.0.0.1 - - [29/Jun/2021 00:49:59] "[36mGET /static/images/black.png HTTP/1.1[0m" 304 -
127.0.0.1 - - [29/Jun/2021 00:49:59] "[36mGET /static/images/white.png HTTP/1.1[0m" 304 -
127.0.0.1 - - [29/Jun/2021 00:50:29] "GET /appliances/refrigerators HTTP/1.1" 200 -
127.0.0.1 - - [29/Jun/2021 00:50:29] "[33mGET /robots.txt?1624942229942 HTTP/1.1[0m" 404 -
127.0.0.1 - - [29/Jun/2021 00:50:29] "[36mGET /static/css/styles.css HTTP/1.1[0m" 304 -
127.0.0.1 - - [29/Jun/2021 00:50:29] "[36mGET /static/images/logo.svg HTTP/1.1[0m" 304 -
127.0.0.1 - - [29/Jun/2021 00:50:30] "[36mGET /static/images/refrigerators/french-door.png HTTP/1.1[0m" 304 -
127.0.0.1 - - [29/Jun/2021 00:50:30] "[36mGET /static/images/refrigerators/side-by-side.png HTTP/1.1[0m" 304 -
127.0.0.1 - - [29/Jun/2021 00:50:30] "[36mGET /static/images/refrigerators/botton-freezer.png HTTP/1.1[0m" 304 -
127.0.0.1 - - [29/Jun/2021 00:50:30] "[36mGET /static/images/refrigerators/top-fridge.png HTTP/1.1[0m" 304 -
127.0.0.1 - - [29/Jun/2021 00:50:30] "[36mGET /static/images/refrigerators/freezerless-fridge.jpg HTTP/1.1[0m" 304 -
127.0.0.1 - - [29/Jun/2021 00:50:30] "[36mGET /static/images/refrigerators/upright-freezer.png HTTP/1.1[0m" 304 -
127.0.0.1 - - [29/Jun/2021 00:50:30] "[36mGET /static/images/refrigerators/chest-freezer.png HTTP/1.1[0m" 304 -
127.0.0.1 - - [29/Jun/2021 00:50:30] "[36mGET /static/images/refrigerators/mini-fridge.jpg HTTP/1.1[0m" 304 -
127.0.0.1 - - [29/Jun/2021 00:50:30] "[36mGET /static/images/stainless_steel.jpg HTTP/1.1[0m" 304 -
127.0.0.1 - - [29/Jun/2021 00:50:30] "[36mGET /static/images/black.png HTTP/1.1[0m" 304 -
127.0.0.1 - - [29/Jun/2021 00:50:30] "[36mGET /static/images/white.png HTTP/1.1[0m" 304 -
127.0.0.1 - - [29/Jun/2021 00:51:00] "GET /appliances/refrigerators HTTP/1.1" 200 -
127.0.0.1 - - [29/Jun/2021 00:51:00] "[33mGET /robots.txt?1624942260166 HTTP/1.1[0m" 404 -
127.0.0.1 - - [29/Jun/2021 00:51:00] "[36mGET /static/css/styles.css HTTP/1.1[0m" 304 -
127.0.0.1 - - [29/Jun/2021 00:51:00] "[36mGET /static/images/logo.svg HTTP/1.1[0m" 304 -
127.0.0.1 - - [29/Jun/2021 00:51:00] "[36mGET /static/images/refrigerators/french-door.png HTTP/1.1[0m" 304 -
127.0.0.1 - - [29/Jun/2021 00:51:00] "[36mGET /static/images/refrigerators/side-by-side.png HTTP/1.1[0m" 304 -
127.0.0.1 - - [29/Jun/2021 00:51:00] "[36mGET /static/images/refrigerators/botton-freezer.png HTTP/1.1[0m" 304 -
127.0.0.1 - - [29/Jun/2021 00:51:00] "[36mGET /static/images/refrigerators/top-fridge.png HTTP/1.1[0m" 304 -
127.0.0.1 - - [29/Jun/2021 00:51:00] "[36mGET /static/images/refrigerators/freezerless-fridge.jpg HTTP/1.1[0m" 304 -
127.0.0.1 - - [29/Jun/2021 00:51:00] "[36mGET /static/images/refrigerators/upright-freezer.png HTTP/1.1[0m" 304 -
127.0.0.1 - - [29/Jun/2021 00:51:00] "[36mGET /static/images/refrigerators/chest-freezer.png HTTP/1.1[0m" 304 -
127.0.0.1 - - [29/Jun/2021 00:51:00] "[36mGET /static/images/refrigerators/mini-fridge.jpg HTTP/1.1[0m" 304 -
127.0.0.1 - - [29/Jun/2021 00:51:00] "[36mGET /static/images/stainless_steel.jpg HTTP/1.1[0m" 304 -
127.0.0.1 - - [29/Jun/2021 00:51:00] "[36mGET /static/images/black.png HTTP/1.1[0m" 304 -
127.0.0.1 - - [29/Jun/2021 00:51:00] "[36mGET /static/images/white.png HTTP/1.1[0m" 304 -
127.0.0.1 - - [29/Jun/2021 00:51:30] "GET /appliances/refrigerators HTTP/1.1" 200 -
127.0.0.1 - - [29/Jun/2021 00:51:30] "[33mGET /robots.txt?1624942290409 HTTP/1.1[0m" 404 -
127.0.0.1 - - [29/Jun/2021 00:51:30] "[36mGET /static/css/styles.css HTTP/1.1[0m" 304 -
127.0.0.1 - - [29/Jun/2021 00:51:30] "[36mGET /static/images/logo.svg HTTP/1.1[0m" 304 -
127.0.0.1 - - [29/Jun/2021 00:51:30] "[36mGET /static/images/refrigerators/french-door.png HTTP/1.1[0m" 304 -
127.0.0.1 - - [29/Jun/2021 00:51:30] "[36mGET /static/images/refrigerators/side-by-side.png HTTP/1.1[0m" 304 -
127.0.0.1 - - [29/Jun/2021 00:51:30] "[36mGET /static/images/refrigerators/top-fridge.png HTTP/1.1[0m" 304 -
127.0.0.1 - - [29/Jun/2021 00:51:30] "[36mGET /static/images/refrigerators/botton-freezer.png HTTP/1.1[0m" 304 -
127.0.0.1 - - [29/Jun/2021 00:51:30] "[36mGET /static/images/refrigerators/freezerless-fridge.jpg HTTP/1.1[0m" 304 -
127.0.0.1 - - [29/Jun/2021 00:51:30] "[36mGET /static/images/refrigerators/upright-freezer.png HTTP/1.1[0m" 304 -
127.0.0.1 - - [29/Jun/2021 00:51:30] "[36mGET /static/images/refrigerators/chest-freezer.png HTTP/1.1[0m" 304 -
127.0.0.1 - - [29/Jun/2021 00:51:30] "[36mGET /static/images/refrigerators/mini-fridge.jpg HTTP/1.1[0m" 304 -
127.0.0.1 - - [29/Jun/2021 00:51:30] "[36mGET /static/images/stainless_steel.jpg HTTP/1.1[0m" 304 -
127.0.0.1 - - [29/Jun/2021 00:51:30] "[36mGET /static/images/white.png HTTP/1.1[0m" 304 -
127.0.0.1 - - [29/Jun/2021 00:51:30] "[36mGET /static/images/black.png HTTP/1.1[0m" 304 -
127.0.0.1 - - [29/Jun/2021 00:52:00] "GET /appliances/refrigerators HTTP/1.1" 200 -
127.0.0.1 - - [29/Jun/2021 00:52:00] "[33mGET /robots.txt?1624942320719 HTTP/1.1[0m" 404 -
127.0.0.1 - - [29/Jun/2021 00:52:00] "[36mGET /static/css/styles.css HTTP/1.1[0m" 304 -
127.0.0.1 - - [29/Jun/2021 00:52:00] "[36mGET /static/images/logo.svg HTTP/1.1[0m" 304 -
127.0.0.1 - - [29/Jun/2021 00:52:00] "[36mGET /static/images/refrigerators/french-door.png HTTP/1.1[0m" 304 -
127.0.0.1 - - [29/Jun/2021 00:52:00] "[36mGET /static/images/refrigerators/side-by-side.png HTTP/1.1[0m" 304 -
127.0.0.1 - - [29/Jun/2021 00:52:00] "[36mGET /static/images/refrigerators/botton-freezer.png HTTP/1.1[0m" 304 -
127.0.0.1 - - [29/Jun/2021 00:52:00] "[36mGET /static/images/refrigerators/top-fridge.png HTTP/1.1[0m" 304 -
127.0.0.1 - - [29/Jun/2021 00:52:00] "[36mGET /static/images/refrigerators/freezerless-fridge.jpg HTTP/1.1[0m" 304 -
127.0.0.1 - - [29/Jun/2021 00:52:00] "[36mGET /static/images/refrigerators/upright-freezer.png HTTP/1.1[0m" 304 -
127.0.0.1 - - [29/Jun/2021 00:52:00] "[36mGET /static/images/refrigerators/chest-freezer.png HTTP/1.1[0m" 304 -
127.0.0.1 - - [29/Jun/2021 00:52:00] "[36mGET /static/images/stainless_steel.jpg HTTP/1.1[0m" 304 -
127.0.0.1 - - [29/Jun/2021 00:52:00] "[36mGET /static/images/refrigerators/mini-fridge.jpg HTTP/1.1[0m" 304 -
127.0.0.1 - - [29/Jun/2021 00:52:00] "[36mGET /static/images/black.png HTTP/1.1[0m" 304 -
127.0.0.1 - - [29/Jun/2021 00:52:00] "[36mGET /static/images/white.png HTTP/1.1[0m" 304 -
127.0.0.1 - - [29/Jun/2021 00:52:30] "GET /appliances/refrigerators HTTP/1.1" 200 -
127.0.0.1 - - [29/Jun/2021 00:52:30] "[33mGET /robots.txt?1624942350968 HTTP/1.1[0m" 404 -
127.0.0.1 - - [29/Jun/2021 00:52:30] "[36mGET /static/css/styles.css HTTP/1.1[0m" 304 -
127.0.0.1 - - [29/Jun/2021 00:52:31] "[36mGET /static/images/logo.svg HTTP/1.1[0m" 304 -
127.0.0.1 - - [29/Jun/2021 00:52:31] "[36mGET /static/images/refrigerators/french-door.png HTTP/1.1[0m" 304 -
127.0.0.1 - - [29/Jun/2021 00:52:31] "[36mGET /static/images/refrigerators/side-by-side.png HTTP/1.1[0m" 304 -
127.0.0.1 - - [29/Jun/2021 00:52:31] "[36mGET /static/images/refrigerators/botton-freezer.png HTTP/1.1[0m" 304 -
127.0.0.1 - - [29/Jun/2021 00:52:31] "[36mGET /static/images/refrigerators/top-fridge.png HTTP/1.1[0m" 304 -
127.0.0.1 - - [29/Jun/2021 00:52:31] "[36mGET /static/images/refrigerators/freezerless-fridge.jpg HTTP/1.1[0m" 304 -
127.0.0.1 - - [29/Jun/2021 00:52:31] "[36mGET /static/images/refrigerators/upright-freezer.png HTTP/1.1[0m" 304 -
127.0.0.1 - - [29/Jun/2021 00:52:31] "[36mGET /static/images/refrigerators/chest-freezer.png HTTP/1.1[0m" 304 -
127.0.0.1 - - [29/Jun/2021 00:52:31] "[36mGET /static/images/refrigerators/mini-fridge.jpg HTTP/1.1[0m" 304 -
127.0.0.1 - - [29/Jun/2021 00:52:31] "[36mGET /static/images/stainless_steel.jpg HTTP/1.1[0m" 304 -
127.0.0.1 - - [29/Jun/2021 00:52:31] "[36mGET /static/images/black.png HTTP/1.1[0m" 304 -
127.0.0.1 - - [29/Jun/2021 00:52:31] "[36mGET /static/images/white.png HTTP/1.1[0m" 304 -
127.0.0.1 - - [29/Jun/2021 00:53:01] "GET /appliances/refrigerators HTTP/1.1" 200 -
127.0.0.1 - - [29/Jun/2021 00:53:01] "[33mGET /robots.txt?1624942381201 HTTP/1.1[0m" 404 -
127.0.0.1 - - [29/Jun/2021 00:53:01] "[36mGET /static/css/styles.css HTTP/1.1[0m" 304 -
127.0.0.1 - - [29/Jun/2021 00:53:01] "[36mGET /static/images/logo.svg HTTP/1.1[0m" 304 -
127.0.0.1 - - [29/Jun/2021 00:53:01] "[36mGET /static/images/refrigerators/french-door.png HTTP/1.1[0m" 304 -
127.0.0.1 - - [29/Jun/2021 00:53:01] "[36mGET /static/images/refrigerators/side-by-side.png HTTP/1.1[0m" 304 -
127.0.0.1 - - [29/Jun/2021 00:53:01] "[36mGET /static/images/refrigerators/botton-freezer.png HTTP/1.1[0m" 304 -
127.0.0.1 - - [29/Jun/2021 00:53:01] "[36mGET /static/images/refrigerators/top-fridge.png HTTP/1.1[0m" 304 -
127.0.0.1 - - [29/Jun/2021 00:53:01] "[36mGET /static/images/refrigerators/freezerless-fridge.jpg HTTP/1.1[0m" 304 -
127.0.0.1 - - [29/Jun/2021 00:53:01] "[36mGET /static/images/refrigerators/upright-freezer.png HTTP/1.1[0m" 304 -
127.0.0.1 - - [29/Jun/2021 00:53:01] "[36mGET /static/images/refrigerators/chest-freezer.png HTTP/1.1[0m" 304 -
127.0.0.1 - - [29/Jun/2021 00:53:01] "[36mGET /static/images/refrigerators/mini-fridge.jpg HTTP/1.1[0m" 304 -
127.0.0.1 - - [29/Jun/2021 00:53:01] "[36mGET /static/images/stainless_steel.jpg HTTP/1.1[0m" 304 -
127.0.0.1 - - [29/Jun/2021 00:53:01] "[36mGET /static/images/black.png HTTP/1.1[0m" 304 -
127.0.0.1 - - [29/Jun/2021 00:53:01] "[36mGET /static/images/white.png HTTP/1.1[0m" 304 -
127.0.0.1 - - [29/Jun/2021 00:53:31] "GET /appliances/refrigerators HTTP/1.1" 200 -
127.0.0.1 - - [29/Jun/2021 00:53:31] "[33mGET /robots.txt?1624942411430 HTTP/1.1[0m" 404 -
127.0.0.1 - - [29/Jun/2021 00:53:31] "[36mGET /static/css/styles.css HTTP/1.1[0m" 304 -
127.0.0.1 - - [29/Jun/2021 00:53:31] "[36mGET /static/images/logo.svg HTTP/1.1[0m" 304 -
127.0.0.1 - - [29/Jun/2021 00:53:31] "[36mGET /static/images/refrigerators/french-door.png HTTP/1.1[0m" 304 -
127.0.0.1 - - [29/Jun/2021 00:53:31] "[36mGET /static/images/refrigerators/side-by-side.png HTTP/1.1[0m" 304 -
127.0.0.1 - - [29/Jun/2021 00:53:31] "[36mGET /static/images/refrigerators/botton-freezer.png HTTP/1.1[0m" 304 -
127.0.0.1 - - [29/Jun/2021 00:53:31] "[36mGET /static/images/refrigerators/top-fridge.png HTTP/1.1[0m" 304 -
127.0.0.1 - - [29/Jun/2021 00:53:31] "[36mGET /static/images/refrigerators/freezerless-fridge.jpg HTTP/1.1[0m" 304 -
127.0.0.1 - - [29/Jun/2021 00:53:31] "[36mGET /static/images/refrigerators/upright-freezer.png HTTP/1.1[0m" 304 -
127.0.0.1 - - [29/Jun/2021 00:53:31] "[36mGET /static/images/refrigerators/chest-freezer.png HTTP/1.1[0m" 304 -
127.0.0.1 - - [29/Jun/2021 00:53:31] "[36mGET /static/images/white.png HTTP/1.1[0m" 304 -
127.0.0.1 - - [29/Jun/2021 00:53:31] "[36mGET /static/images/refrigerators/mini-fridge.jpg HTTP/1.1[0m" 304 -
127.0.0.1 - - [29/Jun/2021 00:53:31] "[36mGET /static/images/stainless_steel.jpg HTTP/1.1[0m" 304 -
127.0.0.1 - - [29/Jun/2021 00:53:31] "[36mGET /static/images/black.png HTTP/1.1[0m" 304 -
127.0.0.1 - - [29/Jun/2021 00:53:31] "GET /appliances/refrigerators HTTP/1.1" 200 -
127.0.0.1 - - [29/Jun/2021 00:53:31] "[33mGET /robots.txt?1624942411792 HTTP/1.1[0m" 404 -
127.0.0.1 - - [29/Jun/2021 00:53:31] "[36mGET /static/css/styles.css HTTP/1.1[0m" 304 -
127.0.0.1 - - [29/Jun/2021 00:53:31] "[36mGET /static/images/logo.svg HTTP/1.1[0m" 304 -
127.0.0.1 - - [29/Jun/2021 00:53:31] "[36mGET /static/images/refrigerators/french-door.png HTTP/1.1[0m" 304 -
127.0.0.1 - - [29/Jun/2021 00:53:31] "[36mGET /static/images/refrigerators/side-by-side.png HTTP/1.1[0m" 304 -
127.0.0.1 - - [29/Jun/2021 00:53:31] "[36mGET /static/images/refrigerators/botton-freezer.png HTTP/1.1[0m" 304 -
127.0.0.1 - - [29/Jun/2021 00:53:31] "[36mGET /static/images/refrigerators/top-fridge.png HTTP/1.1[0m" 304 -
127.0.0.1 - - [29/Jun/2021 00:53:31] "[36mGET /static/images/refrigerators/freezerless-fridge.jpg HTTP/1.1[0m" 304 -
127.0.0.1 - - [29/Jun/2021 00:53:31] "[36mGET /static/images/refrigerators/upright-freezer.png HTTP/1.1[0m" 304 -
127.0.0.1 - - [29/Jun/2021 00:53:31] "[36mGET /static/images/refrigerators/chest-freezer.png HTTP/1.1[0m" 304 -
127.0.0.1 - - [29/Jun/2021 00:53:31] "[36mGET /static/images/white.png HTTP/1.1[0m" 304 -
127.0.0.1 - - [29/Jun/2021 00:53:31] "[36mGET /static/images/refrigerators/mini-fridge.jpg HTTP/1.1[0m" 304 -
127.0.0.1 - - [29/Jun/2021 00:53:31] "[36mGET /static/images/stainless_steel.jpg HTTP/1.1[0m" 304 -
127.0.0.1 - - [29/Jun/2021 00:53:31] "[36mGET /static/images/black.png HTTP/1.1[0m" 304 -
127.0.0.1 - - [29/Jun/2021 00:53:46] "GET /appliances/refrigerators HTTP/1.1" 200 -
127.0.0.1 - - [29/Jun/2021 00:53:46] "[33mGET /robots.txt?1624942426283 HTTP/1.1[0m" 404 -
127.0.0.1 - - [29/Jun/2021 00:53:46] "[36mGET /static/css/styles.css HTTP/1.1[0m" 304 -
127.0.0.1 - - [29/Jun/2021 00:53:46] "[36mGET /static/images/logo.svg HTTP/1.1[0m" 304 -
127.0.0.1 - - [29/Jun/2021 00:53:46] "[36mGET /static/images/refrigerators/french-door.png HTTP/1.1[0m" 304 -
127.0.0.1 - - [29/Jun/2021 00:53:46] "[36mGET /static/images/refrigerators/side-by-side.png HTTP/1.1[0m" 304 -
127.0.0.1 - - [29/Jun/2021 00:53:46] "[36mGET /static/images/refrigerators/botton-freezer.png HTTP/1.1[0m" 304 -
127.0.0.1 - - [29/Jun/2021 00:53:46] "[36mGET /static/images/refrigerators/top-fridge.png HTTP/1.1[0m" 304 -
127.0.0.1 - - [29/Jun/2021 00:53:46] "[36mGET /static/images/refrigerators/freezerless-fridge.jpg HTTP/1.1[0m" 304 -
127.0.0.1 - - [29/Jun/2021 00:53:46] "[36mGET /static/images/refrigerators/upright-freezer.png HTTP/1.1[0m" 304 -
127.0.0.1 - - [29/Jun/2021 00:53:46] "[36mGET /static/images/refrigerators/chest-freezer.png HTTP/1.1[0m" 304 -
127.0.0.1 - - [29/Jun/2021 00:53:46] "[36mGET /static/images/refrigerators/mini-fridge.jpg HTTP/1.1[0m" 304 -
127.0.0.1 - - [29/Jun/2021 00:53:46] "[36mGET /static/images/stainless_steel.jpg HTTP/1.1[0m" 304 -
127.0.0.1 - - [29/Jun/2021 00:53:46] "[36mGET /static/images/black.png HTTP/1.1[0m" 304 -
127.0.0.1 - - [29/Jun/2021 00:53:46] "[36mGET /static/images/white.png HTTP/1.1[0m" 304 -
127.0.0.1 - - [29/Jun/2021 00:54:16] "GET /appliances/refrigerators HTTP/1.1" 200 -
127.0.0.1 - - [29/Jun/2021 00:54:16] "[33mGET /robots.txt?1624942456529 HTTP/1.1[0m" 404 -
127.0.0.1 - - [29/Jun/2021 00:54:16] "[36mGET /static/css/styles.css HTTP/1.1[0m" 304 -
127.0.0.1 - - [29/Jun/2021 00:54:16] "[36mGET /static/images/logo.svg HTTP/1.1[0m" 304 -
127.0.0.1 - - [29/Jun/2021 00:54:16] "[36mGET /static/images/refrigerators/french-door.png HTTP/1.1[0m" 304 -
127.0.0.1 - - [29/Jun/2021 00:54:16] "[36mGET /static/images/refrigerators/side-by-side.png HTTP/1.1[0m" 304 -
127.0.0.1 - - [29/Jun/2021 00:54:16] "[36mGET /static/images/refrigerators/botton-freezer.png HTTP/1.1[0m" 304 -
127.0.0.1 - - [29/Jun/2021 00:54:16] "[36mGET /static/images/refrigerators/top-fridge.png HTTP/1.1[0m" 304 -
127.0.0.1 - - [29/Jun/2021 00:54:16] "[36mGET /static/images/refrigerators/freezerless-fridge.jpg HTTP/1.1[0m" 304 -
127.0.0.1 - - [29/Jun/2021 00:54:16] "[36mGET /static/images/refrigerators/upright-freezer.png HTTP/1.1[0m" 304 -
127.0.0.1 - - [29/Jun/2021 00:54:16] "[36mGET /static/images/refrigerators/chest-freezer.png HTTP/1.1[0m" 304 -
127.0.0.1 - - [29/Jun/2021 00:54:16] "[36mGET /static/images/refrigerators/mini-fridge.jpg HTTP/1.1[0m" 304 -
127.0.0.1 - - [29/Jun/2021 00:54:16] "[36mGET /static/images/stainless_steel.jpg HTTP/1.1[0m" 304 -
127.0.0.1 - - [29/Jun/2021 00:54:16] "[36mGET /static/images/black.png HTTP/1.1[0m" 304 -
127.0.0.1 - - [29/Jun/2021 00:54:16] "[36mGET /static/images/white.png HTTP/1.1[0m" 304 -
127.0.0.1 - - [29/Jun/2021 00:54:21] "GET /appliances/refrigerators HTTP/1.1" 200 -
127.0.0.1 - - [29/Jun/2021 00:54:21] "[33mGET /robots.txt?1624942461264 HTTP/1.1[0m" 404 -
127.0.0.1 - - [29/Jun/2021 00:54:21] "[36mGET /static/css/styles.css HTTP/1.1[0m" 304 -
127.0.0.1 - - [29/Jun/2021 00:54:21] "[36mGET /static/images/logo.svg HTTP/1.1[0m" 304 -
127.0.0.1 - - [29/Jun/2021 00:54:21] "[36mGET /static/images/refrigerators/french-door.png HTTP/1.1[0m" 304 -
127.0.0.1 - - [29/Jun/2021 00:54:21] "[36mGET /static/images/refrigerators/side-by-side.png HTTP/1.1[0m" 304 -
127.0.0.1 - - [29/Jun/2021 00:54:21] "[36mGET /static/images/refrigerators/botton-freezer.png HTTP/1.1[0m" 304 -
127.0.0.1 - - [29/Jun/2021 00:54:21] "[36mGET /static/images/refrigerators/top-fridge.png HTTP/1.1[0m" 304 -
127.0.0.1 - - [29/Jun/2021 00:54:21] "[36mGET /static/images/refrigerators/freezerless-fridge.jpg HTTP/1.1[0m" 304 -
127.0.0.1 - - [29/Jun/2021 00:54:21] "[36mGET /static/images/refrigerators/upright-freezer.png HTTP/1.1[0m" 304 -
127.0.0.1 - - [29/Jun/2021 00:54:21] "[36mGET /static/images/refrigerators/mini-fridge.jpg HTTP/1.1[0m" 304 -
127.0.0.1 - - [29/Jun/2021 00:54:21] "[36mGET /static/images/white.png HTTP/1.1[0m" 304 -
127.0.0.1 - - [29/Jun/2021 00:54:21] "[36mGET /static/images/stainless_steel.jpg HTTP/1.1[0m" 304 -
127.0.0.1 - - [29/Jun/2021 00:54:21] "[36mGET /static/images/refrigerators/chest-freezer.png HTTP/1.1[0m" 304 -
127.0.0.1 - - [29/Jun/2021 00:54:21] "[36mGET /static/images/black.png HTTP/1.1[0m" 304 -
127.0.0.1 - - [29/Jun/2021 00:54:51] "GET /appliances/refrigerators HTTP/1.1" 200 -
127.0.0.1 - - [29/Jun/2021 00:54:51] "[33mGET /robots.txt?1624942491517 HTTP/1.1[0m" 404 -
127.0.0.1 - - [29/Jun/2021 00:54:51] "[36mGET /static/css/styles.css HTTP/1.1[0m" 304 -
127.0.0.1 - - [29/Jun/2021 00:54:51] "[36mGET /static/images/logo.svg HTTP/1.1[0m" 304 -
127.0.0.1 - - [29/Jun/2021 00:54:51] "[36mGET /static/images/refrigerators/french-door.png HTTP/1.1[0m" 304 -
127.0.0.1 - - [29/Jun/2021 00:54:51] "[36mGET /static/images/refrigerators/side-by-side.png HTTP/1.1[0m" 304 -
127.0.0.1 - - [29/Jun/2021 00:54:51] "[36mGET /static/images/refrigerators/botton-freezer.png HTTP/1.1[0m" 304 -
127.0.0.1 - - [29/Jun/2021 00:54:51] "[36mGET /static/images/refrigerators/top-fridge.png HTTP/1.1[0m" 304 -
127.0.0.1 - - [29/Jun/2021 00:54:51] "[36mGET /static/images/refrigerators/freezerless-fridge.jpg HTTP/1.1[0m" 304 -
127.0.0.1 - - [29/Jun/2021 00:54:51] "[36mGET /static/images/refrigerators/upright-freezer.png HTTP/1.1[0m" 304 -
127.0.0.1 - - [29/Jun/2021 00:54:51] "[36mGET /static/images/refrigerators/chest-freezer.png HTTP/1.1[0m" 304 -
127.0.0.1 - - [29/Jun/2021 00:54:51] "[36mGET /static/images/refrigerators/mini-fridge.jpg HTTP/1.1[0m" 304 -
127.0.0.1 - - [29/Jun/2021 00:54:51] "[36mGET /static/images/stainless_steel.jpg HTTP/1.1[0m" 304 -
127.0.0.1 - - [29/Jun/2021 00:54:51] "[36mGET /static/images/black.png HTTP/1.1[0m" 304 -
127.0.0.1 - - [29/Jun/2021 00:54:51] "[36mGET /static/images/white.png HTTP/1.1[0m" 304 -
127.0.0.1 - - [29/Jun/2021 00:55:21] "GET /appliances/refrigerators HTTP/1.1" 200 -
127.0.0.1 - - [29/Jun/2021 00:55:21] "[33mGET /robots.txt?1624942521753 HTTP/1.1[0m" 404 -
127.0.0.1 - - [29/Jun/2021 00:55:21] "[36mGET /static/css/styles.css HTTP/1.1[0m" 304 -
127.0.0.1 - - [29/Jun/2021 00:55:21] "[36mGET /static/images/logo.svg HTTP/1.1[0m" 304 -
127.0.0.1 - - [29/Jun/2021 00:55:21] "[36mGET /static/images/refrigerators/french-door.png HTTP/1.1[0m" 304 -
127.0.0.1 - - [29/Jun/2021 00:55:21] "[36mGET /static/images/refrigerators/side-by-side.png HTTP/1.1[0m" 304 -
127.0.0.1 - - [29/Jun/2021 00:55:21] "[36mGET /static/images/refrigerators/botton-freezer.png HTTP/1.1[0m" 304 -
127.0.0.1 - - [29/Jun/2021 00:55:21] "[36mGET /static/images/refrigerators/top-fridge.png HTTP/1.1[0m" 304 -
127.0.0.1 - - [29/Jun/2021 00:55:21] "[36mGET /static/images/refrigerators/freezerless-fridge.jpg HTTP/1.1[0m" 304 -
127.0.0.1 - - [29/Jun/2021 00:55:21] "[36mGET /static/images/refrigerators/upright-freezer.png HTTP/1.1[0m" 304 -
127.0.0.1 - - [29/Jun/2021 00:55:21] "[36mGET /static/images/refrigerators/chest-freezer.png HTTP/1.1[0m" 304 -
127.0.0.1 - - [29/Jun/2021 00:55:21] "[36mGET /static/images/refrigerators/mini-fridge.jpg HTTP/1.1[0m" 304 -
127.0.0.1 - - [29/Jun/2021 00:55:21] "[36mGET /static/images/stainless_steel.jpg HTTP/1.1[0m" 304 -
127.0.0.1 - - [29/Jun/2021 00:55:21] "[36mGET /static/images/black.png HTTP/1.1[0m" 304 -
127.0.0.1 - - [29/Jun/2021 00:55:21] "[36mGET /static/images/white.png HTTP/1.1[0m" 304 -
127.0.0.1 - - [29/Jun/2021 00:55:31] "GET /appliances/refrigerators HTTP/1.1" 200 -
127.0.0.1 - - [29/Jun/2021 00:55:31] "[33mGET /robots.txt?1624942531162 HTTP/1.1[0m" 404 -
127.0.0.1 - - [29/Jun/2021 00:55:31] "[36mGET /static/css/styles.css HTTP/1.1[0m" 304 -
127.0.0.1 - - [29/Jun/2021 00:55:31] "[36mGET /static/images/logo.svg HTTP/1.1[0m" 304 -
127.0.0.1 - - [29/Jun/2021 00:55:31] "[36mGET /static/images/refrigerators/french-door.png HTTP/1.1[0m" 304 -
127.0.0.1 - - [29/Jun/2021 00:55:31] "[36mGET /static/images/refrigerators/side-by-side.png HTTP/1.1[0m" 304 -
127.0.0.1 - - [29/Jun/2021 00:55:31] "[36mGET /static/images/refrigerators/botton-freezer.png HTTP/1.1[0m" 304 -
127.0.0.1 - - [29/Jun/2021 00:55:31] "[36mGET /static/images/refrigerators/upright-freezer.png HTTP/1.1[0m" 304 -
127.0.0.1 - - [29/Jun/2021 00:55:31] "[36mGET /static/images/refrigerators/top-fridge.png HTTP/1.1[0m" 304 -
127.0.0.1 - - [29/Jun/2021 00:55:31] "[36mGET /static/images/refrigerators/freezerless-fridge.jpg HTTP/1.1[0m" 304 -
127.0.0.1 - - [29/Jun/2021 00:55:31] "[36mGET /static/images/refrigerators/mini-fridge.jpg HTTP/1.1[0m" 304 -
127.0.0.1 - - [29/Jun/2021 00:55:31] "[36mGET /static/images/white.png HTTP/1.1[0m" 304 -
127.0.0.1 - - [29/Jun/2021 00:55:31] "[36mGET /static/images/stainless_steel.jpg HTTP/1.1[0m" 304 -
127.0.0.1 - - [29/Jun/2021 00:55:31] "[36mGET /static/images/refrigerators/chest-freezer.png HTTP/1.1[0m" 304 -
127.0.0.1 - - [29/Jun/2021 00:55:31] "[36mGET /static/images/black.png HTTP/1.1[0m" 304 -
127.0.0.1 - - [29/Jun/2021 00:55:31] "GET /appliances/refrigerators HTTP/1.1" 200 -
127.0.0.1 - - [29/Jun/2021 00:55:31] "[33mGET /robots.txt?1624942531733 HTTP/1.1[0m" 404 -
127.0.0.1 - - [29/Jun/2021 00:55:31] "[36mGET /static/css/styles.css HTTP/1.1[0m" 304 -
127.0.0.1 - - [29/Jun/2021 00:55:31] "[36mGET /static/images/logo.svg HTTP/1.1[0m" 304 -
127.0.0.1 - - [29/Jun/2021 00:55:31] "[36mGET /static/images/refrigerators/french-door.png HTTP/1.1[0m" 304 -
127.0.0.1 - - [29/Jun/2021 00:55:31] "[36mGET /static/images/refrigerators/side-by-side.png HTTP/1.1[0m" 304 -
127.0.0.1 - - [29/Jun/2021 00:55:31] "[36mGET /static/images/refrigerators/botton-freezer.png HTTP/1.1[0m" 304 -
127.0.0.1 - - [29/Jun/2021 00:55:31] "[36mGET /static/images/refrigerators/freezerless-fridge.jpg HTTP/1.1[0m" 304 -
127.0.0.1 - - [29/Jun/2021 00:55:31] "[36mGET /static/images/refrigerators/top-fridge.png HTTP/1.1[0m" 304 -
127.0.0.1 - - [29/Jun/2021 00:55:31] "[36mGET /static/images/refrigerators/upright-freezer.png HTTP/1.1[0m" 304 -
127.0.0.1 - - [29/Jun/2021 00:55:31] "[36mGET /static/images/refrigerators/chest-freezer.png HTTP/1.1[0m" 304 -
127.0.0.1 - - [29/Jun/2021 00:55:31] "[36mGET /static/images/refrigerators/mini-fridge.jpg HTTP/1.1[0m" 304 -
127.0.0.1 - - [29/Jun/2021 00:55:31] "[36mGET /static/images/stainless_steel.jpg HTTP/1.1[0m" 304 -
127.0.0.1 - - [29/Jun/2021 00:55:31] "[36mGET /static/images/black.png HTTP/1.1[0m" 304 -
127.0.0.1 - - [29/Jun/2021 00:55:31] "[36mGET /static/images/white.png HTTP/1.1[0m" 304 -
127.0.0.1 - - [29/Jun/2021 00:55:38] "GET /appliances/refrigerators HTTP/1.1" 200 -
127.0.0.1 - - [29/Jun/2021 00:55:38] "[33mGET /robots.txt?1624942538577 HTTP/1.1[0m" 404 -
127.0.0.1 - - [29/Jun/2021 00:55:38] "[36mGET /static/css/styles.css HTTP/1.1[0m" 304 -
127.0.0.1 - - [29/Jun/2021 00:55:38] "[36mGET /static/images/logo.svg HTTP/1.1[0m" 304 -
127.0.0.1 - - [29/Jun/2021 00:55:38] "[36mGET /static/images/refrigerators/french-door.png HTTP/1.1[0m" 304 -
127.0.0.1 - - [29/Jun/2021 00:55:38] "[36mGET /static/images/refrigerators/side-by-side.png HTTP/1.1[0m" 304 -
127.0.0.1 - - [29/Jun/2021 00:55:38] "[36mGET /static/images/refrigerators/botton-freezer.png HTTP/1.1[0m" 304 -
127.0.0.1 - - [29/Jun/2021 00:55:38] "[36mGET /static/images/refrigerators/top-fridge.png HTTP/1.1[0m" 304 -
127.0.0.1 - - [29/Jun/2021 00:55:38] "[36mGET /static/images/refrigerators/freezerless-fridge.jpg HTTP/1.1[0m" 304 -
127.0.0.1 - - [29/Jun/2021 00:55:38] "[36mGET /static/images/refrigerators/upright-freezer.png HTTP/1.1[0m" 304 -
127.0.0.1 - - [29/Jun/2021 00:55:38] "[36mGET /static/images/white.png HTTP/1.1[0m" 304 -
127.0.0.1 - - [29/Jun/2021 00:55:38] "[36mGET /static/images/refrigerators/mini-fridge.jpg HTTP/1.1[0m" 304 -
127.0.0.1 - - [29/Jun/2021 00:55:38] "[36mGET /static/images/stainless_steel.jpg HTTP/1.1[0m" 304 -
127.0.0.1 - - [29/Jun/2021 00:55:38] "[36mGET /static/images/refrigerators/chest-freezer.png HTTP/1.1[0m" 304 -
127.0.0.1 - - [29/Jun/2021 00:55:38] "[36mGET /static/images/black.png HTTP/1.1[0m" 304 -
127.0.0.1 - - [29/Jun/2021 00:55:39] "GET /appliances/refrigerators HTTP/1.1" 200 -
127.0.0.1 - - [29/Jun/2021 00:55:39] "[33mGET /robots.txt?1624942539027 HTTP/1.1[0m" 404 -
127.0.0.1 - - [29/Jun/2021 00:55:39] "[36mGET /static/css/styles.css HTTP/1.1[0m" 304 -
127.0.0.1 - - [29/Jun/2021 00:55:39] "[36mGET /static/images/logo.svg HTTP/1.1[0m" 304 -
127.0.0.1 - - [29/Jun/2021 00:55:39] "[36mGET /static/images/refrigerators/french-door.png HTTP/1.1[0m" 304 -
127.0.0.1 - - [29/Jun/2021 00:55:39] "[36mGET /static/images/refrigerators/side-by-side.png HTTP/1.1[0m" 304 -
127.0.0.1 - - [29/Jun/2021 00:55:39] "[36mGET /static/images/refrigerators/botton-freezer.png HTTP/1.1[0m" 304 -
127.0.0.1 - - [29/Jun/2021 00:55:39] "[36mGET /static/images/refrigerators/top-fridge.png HTTP/1.1[0m" 304 -
127.0.0.1 - - [29/Jun/2021 00:55:39] "[36mGET /static/images/refrigerators/freezerless-fridge.jpg HTTP/1.1[0m" 304 -
127.0.0.1 - - [29/Jun/2021 00:55:39] "[36mGET /static/images/refrigerators/upright-freezer.png HTTP/1.1[0m" 304 -
127.0.0.1 - - [29/Jun/2021 00:55:39] "[36mGET /static/images/refrigerators/chest-freezer.png HTTP/1.1[0m" 304 -
127.0.0.1 - - [29/Jun/2021 00:55:39] "[36mGET /static/images/white.png HTTP/1.1[0m" 304 -
127.0.0.1 - - [29/Jun/2021 00:55:39] "[36mGET /static/images/refrigerators/mini-fridge.jpg HTTP/1.1[0m" 304 -
127.0.0.1 - - [29/Jun/2021 00:55:39] "[36mGET /static/images/stainless_steel.jpg HTTP/1.1[0m" 304 -
127.0.0.1 - - [29/Jun/2021 00:55:39] "[36mGET /static/images/black.png HTTP/1.1[0m" 304 -
127.0.0.1 - - [29/Jun/2021 00:55:39] "GET /appliances/refrigerators HTTP/1.1" 200 -
127.0.0.1 - - [29/Jun/2021 00:55:39] "[33mGET /robots.txt?1624942539465 HTTP/1.1[0m" 404 -
127.0.0.1 - - [29/Jun/2021 00:55:39] "[36mGET /static/css/styles.css HTTP/1.1[0m" 304 -
127.0.0.1 - - [29/Jun/2021 00:55:39] "[36mGET /static/images/logo.svg HTTP/1.1[0m" 304 -
127.0.0.1 - - [29/Jun/2021 00:55:39] "[36mGET /static/images/refrigerators/french-door.png HTTP/1.1[0m" 304 -
127.0.0.1 - - [29/Jun/2021 00:55:39] "[36mGET /static/images/refrigerators/side-by-side.png HTTP/1.1[0m" 304 -
127.0.0.1 - - [29/Jun/2021 00:55:39] "[36mGET /static/images/refrigerators/botton-freezer.png HTTP/1.1[0m" 304 -
127.0.0.1 - - [29/Jun/2021 00:55:39] "[36mGET /static/images/refrigerators/top-fridge.png HTTP/1.1[0m" 304 -
127.0.0.1 - - [29/Jun/2021 00:55:39] "[36mGET /static/images/refrigerators/upright-freezer.png HTTP/1.1[0m" 304 -
127.0.0.1 - - [29/Jun/2021 00:55:39] "[36mGET /static/images/refrigerators/freezerless-fridge.jpg HTTP/1.1[0m" 304 -
127.0.0.1 - - [29/Jun/2021 00:55:39] "[36mGET /static/images/refrigerators/chest-freezer.png HTTP/1.1[0m" 304 -
127.0.0.1 - - [29/Jun/2021 00:55:39] "[36mGET /static/images/refrigerators/mini-fridge.jpg HTTP/1.1[0m" 304 -
127.0.0.1 - - [29/Jun/2021 00:55:39] "[36mGET /static/images/stainless_steel.jpg HTTP/1.1[0m" 304 -
127.0.0.1 - - [29/Jun/2021 00:55:39] "[36mGET /static/images/black.png HTTP/1.1[0m" 304 -
127.0.0.1 - - [29/Jun/2021 00:55:39] "[36mGET /static/images/white.png HTTP/1.1[0m" 304 -
127.0.0.1 - - [29/Jun/2021 00:56:09] "GET /appliances/refrigerators HTTP/1.1" 200 -
127.0.0.1 - - [29/Jun/2021 00:56:09] "[33mGET /robots.txt?1624942569683 HTTP/1.1[0m" 404 -
127.0.0.1 - - [29/Jun/2021 00:56:09] "[36mGET /static/css/styles.css HTTP/1.1[0m" 304 -
127.0.0.1 - - [29/Jun/2021 00:56:09] "[36mGET /static/images/logo.svg HTTP/1.1[0m" 304 -
127.0.0.1 - - [29/Jun/2021 00:56:09] "[36mGET /static/images/refrigerators/french-door.png HTTP/1.1[0m" 304 -
127.0.0.1 - - [29/Jun/2021 00:56:09] "[36mGET /static/images/refrigerators/side-by-side.png HTTP/1.1[0m" 304 -
127.0.0.1 - - [29/Jun/2021 00:56:09] "[36mGET /static/images/refrigerators/botton-freezer.png HTTP/1.1[0m" 304 -
127.0.0.1 - - [29/Jun/2021 00:56:09] "[36mGET /static/images/refrigerators/top-fridge.png HTTP/1.1[0m" 304 -
127.0.0.1 - - [29/Jun/2021 00:56:09] "[36mGET /static/images/refrigerators/freezerless-fridge.jpg HTTP/1.1[0m" 304 -
127.0.0.1 - - [29/Jun/2021 00:56:09] "[36mGET /static/images/refrigerators/upright-freezer.png HTTP/1.1[0m" 304 -
127.0.0.1 - - [29/Jun/2021 00:56:09] "[36mGET /static/images/refrigerators/chest-freezer.png HTTP/1.1[0m" 304 -
127.0.0.1 - - [29/Jun/2021 00:56:09] "[36mGET /static/images/refrigerators/mini-fridge.jpg HTTP/1.1[0m" 304 -
127.0.0.1 - - [29/Jun/2021 00:56:09] "[36mGET /static/images/stainless_steel.jpg HTTP/1.1[0m" 304 -
127.0.0.1 - - [29/Jun/2021 00:56:09] "[36mGET /static/images/black.png HTTP/1.1[0m" 304 -
127.0.0.1 - - [29/Jun/2021 00:56:09] "[36mGET /static/images/white.png HTTP/1.1[0m" 304 -
127.0.0.1 - - [29/Jun/2021 00:56:39] "GET /appliances/refrigerators HTTP/1.1" 200 -
127.0.0.1 - - [29/Jun/2021 00:56:39] "[33mGET /robots.txt?1624942599910 HTTP/1.1[0m" 404 -
127.0.0.1 - - [29/Jun/2021 00:56:39] "[36mGET /static/css/styles.css HTTP/1.1[0m" 304 -
127.0.0.1 - - [29/Jun/2021 00:56:39] "[36mGET /static/images/logo.svg HTTP/1.1[0m" 304 -
127.0.0.1 - - [29/Jun/2021 00:56:40] "[36mGET /static/images/refrigerators/french-door.png HTTP/1.1[0m" 304 -
127.0.0.1 - - [29/Jun/2021 00:56:40] "[36mGET /static/images/refrigerators/side-by-side.png HTTP/1.1[0m" 304 -
127.0.0.1 - - [29/Jun/2021 00:56:40] "[36mGET /static/images/refrigerators/botton-freezer.png HTTP/1.1[0m" 304 -
127.0.0.1 - - [29/Jun/2021 00:56:40] "[36mGET /static/images/refrigerators/top-fridge.png HTTP/1.1[0m" 304 -
127.0.0.1 - - [29/Jun/2021 00:56:40] "[36mGET /static/images/refrigerators/freezerless-fridge.jpg HTTP/1.1[0m" 304 -
127.0.0.1 - - [29/Jun/2021 00:56:40] "[36mGET /static/images/refrigerators/upright-freezer.png HTTP/1.1[0m" 304 -
127.0.0.1 - - [29/Jun/2021 00:56:40] "[36mGET /static/images/refrigerators/chest-freezer.png HTTP/1.1[0m" 304 -
127.0.0.1 - - [29/Jun/2021 00:56:40] "[36mGET /static/images/refrigerators/mini-fridge.jpg HTTP/1.1[0m" 304 -
127.0.0.1 - - [29/Jun/2021 00:56:40] "[36mGET /static/images/stainless_steel.jpg HTTP/1.1[0m" 304 -
127.0.0.1 - - [29/Jun/2021 00:56:40] "[36mGET /static/images/black.png HTTP/1.1[0m" 304 -
127.0.0.1 - - [29/Jun/2021 00:56:40] "[36mGET /static/images/white.png HTTP/1.1[0m" 304 -
127.0.0.1 - - [29/Jun/2021 00:56:45] "GET /appliances/refrigerators HTTP/1.1" 200 -
127.0.0.1 - - [29/Jun/2021 00:56:45] "[33mGET /robots.txt?1624942605691 HTTP/1.1[0m" 404 -
127.0.0.1 - - [29/Jun/2021 00:56:45] "[36mGET /static/css/styles.css HTTP/1.1[0m" 304 -
127.0.0.1 - - [29/Jun/2021 00:56:45] "[36mGET /static/images/logo.svg HTTP/1.1[0m" 304 -
127.0.0.1 - - [29/Jun/2021 00:56:45] "[36mGET /static/images/refrigerators/french-door.png HTTP/1.1[0m" 304 -
127.0.0.1 - - [29/Jun/2021 00:56:45] "[36mGET /static/images/refrigerators/side-by-side.png HTTP/1.1[0m" 304 -
127.0.0.1 - - [29/Jun/2021 00:56:45] "[36mGET /static/images/refrigerators/botton-freezer.png HTTP/1.1[0m" 304 -
127.0.0.1 - - [29/Jun/2021 00:56:45] "[36mGET /static/images/refrigerators/top-fridge.png HTTP/1.1[0m" 304 -
127.0.0.1 - - [29/Jun/2021 00:56:45] "[36mGET /static/images/refrigerators/freezerless-fridge.jpg HTTP/1.1[0m" 304 -
127.0.0.1 - - [29/Jun/2021 00:56:45] "[36mGET /static/images/refrigerators/upright-freezer.png HTTP/1.1[0m" 304 -
127.0.0.1 - - [29/Jun/2021 00:56:45] "[36mGET /static/images/refrigerators/chest-freezer.png HTTP/1.1[0m" 304 -
127.0.0.1 - - [29/Jun/2021 00:56:45] "[36mGET /static/images/refrigerators/mini-fridge.jpg HTTP/1.1[0m" 304 -
127.0.0.1 - - [29/Jun/2021 00:56:45] "[36mGET /static/images/stainless_steel.jpg HTTP/1.1[0m" 304 -
127.0.0.1 - - [29/Jun/2021 00:56:45] "[36mGET /static/images/white.png HTTP/1.1[0m" 304 -
127.0.0.1 - - [29/Jun/2021 00:56:45] "[36mGET /static/images/black.png HTTP/1.1[0m" 304 -
127.0.0.1 - - [29/Jun/2021 00:56:46] "GET /appliances/refrigerators HTTP/1.1" 200 -
127.0.0.1 - - [29/Jun/2021 00:56:46] "[33mGET /robots.txt?1624942606189 HTTP/1.1[0m" 404 -
127.0.0.1 - - [29/Jun/2021 00:56:46] "[36mGET /static/css/styles.css HTTP/1.1[0m" 304 -
127.0.0.1 - - [29/Jun/2021 00:56:46] "[36mGET /static/images/logo.svg HTTP/1.1[0m" 304 -
127.0.0.1 - - [29/Jun/2021 00:56:46] "[36mGET /static/images/refrigerators/french-door.png HTTP/1.1[0m" 304 -
127.0.0.1 - - [29/Jun/2021 00:56:46] "[36mGET /static/images/refrigerators/side-by-side.png HTTP/1.1[0m" 304 -
127.0.0.1 - - [29/Jun/2021 00:56:46] "[36mGET /static/images/refrigerators/botton-freezer.png HTTP/1.1[0m" 304 -
127.0.0.1 - - [29/Jun/2021 00:56:46] "[36mGET /static/images/refrigerators/top-fridge.png HTTP/1.1[0m" 304 -
127.0.0.1 - - [29/Jun/2021 00:56:46] "[36mGET /static/images/refrigerators/freezerless-fridge.jpg HTTP/1.1[0m" 304 -
127.0.0.1 - - [29/Jun/2021 00:56:46] "[36mGET /static/images/refrigerators/upright-freezer.png HTTP/1.1[0m" 304 -
127.0.0.1 - - [29/Jun/2021 00:56:46] "[36mGET /static/images/refrigerators/chest-freezer.png HTTP/1.1[0m" 304 -
127.0.0.1 - - [29/Jun/2021 00:56:46] "[36mGET /static/images/refrigerators/mini-fridge.jpg HTTP/1.1[0m" 304 -
127.0.0.1 - - [29/Jun/2021 00:56:46] "[36mGET /static/images/black.png HTTP/1.1[0m" 304 -
127.0.0.1 - - [29/Jun/2021 00:56:46] "[36mGET /static/images/stainless_steel.jpg HTTP/1.1[0m" 304 -
127.0.0.1 - - [29/Jun/2021 00:56:46] "[36mGET /static/images/white.png HTTP/1.1[0m" 304 -
127.0.0.1 - - [29/Jun/2021 00:56:58] "POST /appliances/refrigerators HTTP/1.1" 200 -
127.0.0.1 - - [29/Jun/2021 00:56:58] "[33mGET /robots.txt?1624942618986 HTTP/1.1[0m" 404 -
127.0.0.1 - - [29/Jun/2021 00:56:59] "[36mGET /static/css/styles.css HTTP/1.1[0m" 304 -
127.0.0.1 - - [29/Jun/2021 00:56:59] "[36mGET /static/images/logo.svg HTTP/1.1[0m" 304 -
127.0.0.1 - - [29/Jun/2021 00:56:59] "[36mGET /static/images/refrigerators/french-door.png HTTP/1.1[0m" 304 -
127.0.0.1 - - [29/Jun/2021 00:57:00] "GET /appliances/refrigerators HTTP/1.1" 200 -
127.0.0.1 - - [29/Jun/2021 00:57:00] "[33mGET /robots.txt?1624942620262 HTTP/1.1[0m" 404 -
127.0.0.1 - - [29/Jun/2021 00:57:30] "GET /appliances/refrigerators HTTP/1.1" 200 -
127.0.0.1 - - [29/Jun/2021 00:57:30] "[33mGET /robots.txt?1624942650478 HTTP/1.1[0m" 404 -
127.0.0.1 - - [29/Jun/2021 00:57:30] "[36mGET /static/css/styles.css HTTP/1.1[0m" 304 -
127.0.0.1 - - [29/Jun/2021 00:57:30] "[36mGET /static/images/logo.svg HTTP/1.1[0m" 304 -
127.0.0.1 - - [29/Jun/2021 00:57:30] "[36mGET /static/images/refrigerators/french-door.png HTTP/1.1[0m" 304 -
127.0.0.1 - - [29/Jun/2021 00:57:30] "[36mGET /static/images/refrigerators/side-by-side.png HTTP/1.1[0m" 304 -
127.0.0.1 - - [29/Jun/2021 00:57:30] "[36mGET /static/images/refrigerators/botton-freezer.png HTTP/1.1[0m" 304 -
127.0.0.1 - - [29/Jun/2021 00:57:30] "[36mGET /static/images/refrigerators/top-fridge.png HTTP/1.1[0m" 304 -
127.0.0.1 - - [29/Jun/2021 00:57:30] "[36mGET /static/images/refrigerators/freezerless-fridge.jpg HTTP/1.1[0m" 304 -
127.0.0.1 - - [29/Jun/2021 00:57:30] "[36mGET /static/images/refrigerators/upright-freezer.png HTTP/1.1[0m" 304 -
127.0.0.1 - - [29/Jun/2021 00:57:30] "[36mGET /static/images/refrigerators/chest-freezer.png HTTP/1.1[0m" 304 -
127.0.0.1 - - [29/Jun/2021 00:57:30] "[36mGET /static/images/refrigerators/mini-fridge.jpg HTTP/1.1[0m" 304 -
127.0.0.1 - - [29/Jun/2021 00:57:30] "[36mGET /static/images/stainless_steel.jpg HTTP/1.1[0m" 304 -
127.0.0.1 - - [29/Jun/2021 00:57:30] "[36mGET /static/images/black.png HTTP/1.1[0m" 304 -
127.0.0.1 - - [29/Jun/2021 00:57:30] "[36mGET /static/images/white.png HTTP/1.1[0m" 304 -
127.0.0.1 - - [29/Jun/2021 00:58:00] "GET /appliances/refrigerators HTTP/1.1" 200 -
127.0.0.1 - - [29/Jun/2021 00:58:00] "[33mGET /robots.txt?1624942680727 HTTP/1.1[0m" 404 -
127.0.0.1 - - [29/Jun/2021 00:58:00] "[36mGET /static/css/styles.css HTTP/1.1[0m" 304 -
127.0.0.1 - - [29/Jun/2021 00:58:00] "[36mGET /static/images/logo.svg HTTP/1.1[0m" 304 -
127.0.0.1 - - [29/Jun/2021 00:58:00] "[36mGET /static/images/refrigerators/french-door.png HTTP/1.1[0m" 304 -
127.0.0.1 - - [29/Jun/2021 00:58:00] "[36mGET /static/images/refrigerators/side-by-side.png HTTP/1.1[0m" 304 -
127.0.0.1 - - [29/Jun/2021 00:58:00] "[36mGET /static/images/refrigerators/botton-freezer.png HTTP/1.1[0m" 304 -
127.0.0.1 - - [29/Jun/2021 00:58:00] "[36mGET /static/images/refrigerators/top-fridge.png HTTP/1.1[0m" 304 -
127.0.0.1 - - [29/Jun/2021 00:58:00] "[36mGET /static/images/refrigerators/freezerless-fridge.jpg HTTP/1.1[0m" 304 -
127.0.0.1 - - [29/Jun/2021 00:58:00] "[36mGET /static/images/refrigerators/upright-freezer.png HTTP/1.1[0m" 304 -
127.0.0.1 - - [29/Jun/2021 00:58:00] "[36mGET /static/images/refrigerators/mini-fridge.jpg HTTP/1.1[0m" 304 -
127.0.0.1 - - [29/Jun/2021 00:58:00] "[36mGET /static/images/refrigerators/chest-freezer.png HTTP/1.1[0m" 304 -
127.0.0.1 - - [29/Jun/2021 00:58:00] "[36mGET /static/images/stainless_steel.jpg HTTP/1.1[0m" 304 -
127.0.0.1 - - [29/Jun/2021 00:58:00] "[36mGET /static/images/white.png HTTP/1.1[0m" 304 -
127.0.0.1 - - [29/Jun/2021 00:58:00] "[36mGET /static/images/black.png HTTP/1.1[0m" 304 -
127.0.0.1 - - [29/Jun/2021 00:58:30] "GET /appliances/refrigerators HTTP/1.1" 200 -
127.0.0.1 - - [29/Jun/2021 00:58:30] "[33mGET /robots.txt?1624942710981 HTTP/1.1[0m" 404 -
127.0.0.1 - - [29/Jun/2021 00:58:30] "[36mGET /static/css/styles.css HTTP/1.1[0m" 304 -
127.0.0.1 - - [29/Jun/2021 00:58:31] "[36mGET /static/images/logo.svg HTTP/1.1[0m" 304 -
127.0.0.1 - - [29/Jun/2021 00:58:31] "[36mGET /static/images/refrigerators/french-door.png HTTP/1.1[0m" 304 -
127.0.0.1 - - [29/Jun/2021 00:58:31] "[36mGET /static/images/refrigerators/side-by-side.png HTTP/1.1[0m" 304 -
127.0.0.1 - - [29/Jun/2021 00:58:31] "[36mGET /static/images/refrigerators/botton-freezer.png HTTP/1.1[0m" 304 -
127.0.0.1 - - [29/Jun/2021 00:58:31] "[36mGET /static/images/refrigerators/top-fridge.png HTTP/1.1[0m" 304 -
127.0.0.1 - - [29/Jun/2021 00:58:31] "[36mGET /static/images/refrigerators/freezerless-fridge.jpg HTTP/1.1[0m" 304 -
127.0.0.1 - - [29/Jun/2021 00:58:31] "[36mGET /static/images/refrigerators/upright-freezer.png HTTP/1.1[0m" 304 -
127.0.0.1 - - [29/Jun/2021 00:58:31] "[36mGET /static/images/refrigerators/chest-freezer.png HTTP/1.1[0m" 304 -
127.0.0.1 - - [29/Jun/2021 00:58:31] "[36mGET /static/images/refrigerators/mini-fridge.jpg HTTP/1.1[0m" 304 -
127.0.0.1 - - [29/Jun/2021 00:58:31] "[36mGET /static/images/stainless_steel.jpg HTTP/1.1[0m" 304 -
127.0.0.1 - - [29/Jun/2021 00:58:31] "[36mGET /static/images/black.png HTTP/1.1[0m" 304 -
127.0.0.1 - - [29/Jun/2021 00:58:31] "[36mGET /static/images/white.png HTTP/1.1[0m" 304 -
127.0.0.1 - - [29/Jun/2021 00:58:32] "GET /appliances/refrigerators HTTP/1.1" 200 -
127.0.0.1 - - [29/Jun/2021 00:58:32] "[33mGET /robots.txt?1624942712529 HTTP/1.1[0m" 404 -
127.0.0.1 - - [29/Jun/2021 00:58:32] "[36mGET /static/css/styles.css HTTP/1.1[0m" 304 -
127.0.0.1 - - [29/Jun/2021 00:58:32] "[36mGET /static/images/logo.svg HTTP/1.1[0m" 304 -
127.0.0.1 - - [29/Jun/2021 00:58:32] "[36mGET /static/images/refrigerators/french-door.png HTTP/1.1[0m" 304 -
127.0.0.1 - - [29/Jun/2021 00:58:32] "[36mGET /static/images/refrigerators/side-by-side.png HTTP/1.1[0m" 304 -
127.0.0.1 - - [29/Jun/2021 00:58:32] "[36mGET /static/images/refrigerators/botton-freezer.png HTTP/1.1[0m" 304 -
127.0.0.1 - - [29/Jun/2021 00:58:32] "[36mGET /static/images/refrigerators/top-fridge.png HTTP/1.1[0m" 304 -
127.0.0.1 - - [29/Jun/2021 00:58:32] "[36mGET /static/images/refrigerators/freezerless-fridge.jpg HTTP/1.1[0m" 304 -
127.0.0.1 - - [29/Jun/2021 00:58:32] "[36mGET /static/images/refrigerators/upright-freezer.png HTTP/1.1[0m" 304 -
127.0.0.1 - - [29/Jun/2021 00:58:32] "[36mGET /static/images/white.png HTTP/1.1[0m" 304 -
127.0.0.1 - - [29/Jun/2021 00:58:32] "[36mGET /static/images/refrigerators/mini-fridge.jpg HTTP/1.1[0m" 304 -
127.0.0.1 - - [29/Jun/2021 00:58:32] "[36mGET /static/images/refrigerators/chest-freezer.png HTTP/1.1[0m" 304 -
127.0.0.1 - - [29/Jun/2021 00:58:32] "[36mGET /static/images/stainless_steel.jpg HTTP/1.1[0m" 304 -
127.0.0.1 - - [29/Jun/2021 00:58:32] "[36mGET /static/images/black.png HTTP/1.1[0m" 304 -
127.0.0.1 - - [29/Jun/2021 00:58:32] "GET /appliances/refrigerators HTTP/1.1" 200 -
127.0.0.1 - - [29/Jun/2021 00:58:32] "[33mGET /robots.txt?1624942712989 HTTP/1.1[0m" 404 -
127.0.0.1 - - [29/Jun/2021 00:58:33] "[36mGET /static/css/styles.css HTTP/1.1[0m" 304 -
127.0.0.1 - - [29/Jun/2021 00:58:33] "[36mGET /static/images/logo.svg HTTP/1.1[0m" 304 -
127.0.0.1 - - [29/Jun/2021 00:58:33] "[36mGET /static/images/refrigerators/french-door.png HTTP/1.1[0m" 304 -
127.0.0.1 - - [29/Jun/2021 00:58:33] "[36mGET /static/images/refrigerators/side-by-side.png HTTP/1.1[0m" 304 -
127.0.0.1 - - [29/Jun/2021 00:58:33] "[36mGET /static/images/refrigerators/botton-freezer.png HTTP/1.1[0m" 304 -
127.0.0.1 - - [29/Jun/2021 00:58:33] "[36mGET /static/images/refrigerators/top-fridge.png HTTP/1.1[0m" 304 -
127.0.0.1 - - [29/Jun/2021 00:58:33] "[36mGET /static/images/refrigerators/freezerless-fridge.jpg HTTP/1.1[0m" 304 -
127.0.0.1 - - [29/Jun/2021 00:58:33] "[36mGET /static/images/refrigerators/upright-freezer.png HTTP/1.1[0m" 304 -
127.0.0.1 - - [29/Jun/2021 00:58:33] "[36mGET /static/images/refrigerators/mini-fridge.jpg HTTP/1.1[0m" 304 -
127.0.0.1 - - [29/Jun/2021 00:58:33] "[36mGET /static/images/refrigerators/chest-freezer.png HTTP/1.1[0m" 304 -
127.0.0.1 - - [29/Jun/2021 00:58:33] "[36mGET /static/images/stainless_steel.jpg HTTP/1.1[0m" 304 -
127.0.0.1 - - [29/Jun/2021 00:58:33] "[36mGET /static/images/black.png HTTP/1.1[0m" 304 -
127.0.0.1 - - [29/Jun/2021 00:58:33] "[36mGET /static/images/white.png HTTP/1.1[0m" 304 -
127.0.0.1 - - [29/Jun/2021 00:58:37] "POST /appliances/refrigerators HTTP/1.1" 200 -
127.0.0.1 - - [29/Jun/2021 00:58:37] "[33mGET /robots.txt?1624942717845 HTTP/1.1[0m" 404 -
127.0.0.1 - - [29/Jun/2021 00:58:37] "[36mGET /static/css/styles.css HTTP/1.1[0m" 304 -
127.0.0.1 - - [29/Jun/2021 00:58:37] "[36mGET /static/images/logo.svg HTTP/1.1[0m" 304 -
127.0.0.1 - - [29/Jun/2021 00:58:37] "[36mGET /static/images/refrigerators/french-door.png HTTP/1.1[0m" 304 -
127.0.0.1 - - [29/Jun/2021 00:58:39] "GET /appliances/refrigerators HTTP/1.1" 200 -
127.0.0.1 - - [29/Jun/2021 00:58:39] "[33mGET /robots.txt?1624942719253 HTTP/1.1[0m" 404 -
127.0.0.1 - - [29/Jun/2021 00:58:46] "POST /appliances/refrigerators HTTP/1.1" 200 -
127.0.0.1 - - [29/Jun/2021 00:58:46] "[33mGET /robots.txt?1624942726982 HTTP/1.1[0m" 404 -
127.0.0.1 - - [29/Jun/2021 00:58:46] "[36mGET /static/css/styles.css HTTP/1.1[0m" 304 -
127.0.0.1 - - [29/Jun/2021 00:58:46] "[36mGET /static/images/logo.svg HTTP/1.1[0m" 304 -
127.0.0.1 - - [29/Jun/2021 00:58:47] "[36mGET /static/images/refrigerators/french-door.png HTTP/1.1[0m" 304 -
127.0.0.1 - - [29/Jun/2021 00:58:48] "GET /appliances/refrigerators HTTP/1.1" 200 -
127.0.0.1 - - [29/Jun/2021 00:58:48] "[33mGET /robots.txt?1624942728343 HTTP/1.1[0m" 404 -
127.0.0.1 - - [29/Jun/2021 00:59:18] "GET /appliances/refrigerators HTTP/1.1" 200 -
127.0.0.1 - - [29/Jun/2021 00:59:18] "[33mGET /robots.txt?1624942758561 HTTP/1.1[0m" 404 -
127.0.0.1 - - [29/Jun/2021 00:59:18] "[36mGET /static/css/styles.css HTTP/1.1[0m" 304 -
127.0.0.1 - - [29/Jun/2021 00:59:18] "[36mGET /static/images/logo.svg HTTP/1.1[0m" 304 -
127.0.0.1 - - [29/Jun/2021 00:59:18] "[36mGET /static/images/refrigerators/french-door.png HTTP/1.1[0m" 304 -
127.0.0.1 - - [29/Jun/2021 00:59:18] "[36mGET /static/images/refrigerators/side-by-side.png HTTP/1.1[0m" 304 -
127.0.0.1 - - [29/Jun/2021 00:59:18] "[36mGET /static/images/refrigerators/botton-freezer.png HTTP/1.1[0m" 304 -
127.0.0.1 - - [29/Jun/2021 00:59:18] "[36mGET /static/images/refrigerators/top-fridge.png HTTP/1.1[0m" 304 -
127.0.0.1 - - [29/Jun/2021 00:59:18] "[36mGET /static/images/refrigerators/freezerless-fridge.jpg HTTP/1.1[0m" 304 -
127.0.0.1 - - [29/Jun/2021 00:59:18] "[36mGET /static/images/refrigerators/upright-freezer.png HTTP/1.1[0m" 304 -
127.0.0.1 - - [29/Jun/2021 00:59:18] "[36mGET /static/images/refrigerators/chest-freezer.png HTTP/1.1[0m" 304 -
127.0.0.1 - - [29/Jun/2021 00:59:18] "[36mGET /static/images/refrigerators/mini-fridge.jpg HTTP/1.1[0m" 304 -
127.0.0.1 - - [29/Jun/2021 00:59:18] "[36mGET /static/images/stainless_steel.jpg HTTP/1.1[0m" 304 -
127.0.0.1 - - [29/Jun/2021 00:59:18] "[36mGET /static/images/black.png HTTP/1.1[0m" 304 -
127.0.0.1 - - [29/Jun/2021 00:59:18] "[36mGET /static/images/white.png HTTP/1.1[0m" 304 -
127.0.0.1 - - [29/Jun/2021 00:59:48] "GET /appliances/refrigerators HTTP/1.1" 200 -
127.0.0.1 - - [29/Jun/2021 00:59:48] "[33mGET /robots.txt?1624942788785 HTTP/1.1[0m" 404 -
127.0.0.1 - - [29/Jun/2021 00:59:48] "[36mGET /static/css/styles.css HTTP/1.1[0m" 304 -
127.0.0.1 - - [29/Jun/2021 00:59:48] "[36mGET /static/images/logo.svg HTTP/1.1[0m" 304 -
127.0.0.1 - - [29/Jun/2021 00:59:48] "[36mGET /static/images/refrigerators/french-door.png HTTP/1.1[0m" 304 -
127.0.0.1 - - [29/Jun/2021 00:59:48] "[36mGET /static/images/refrigerators/side-by-side.png HTTP/1.1[0m" 304 -
127.0.0.1 - - [29/Jun/2021 00:59:48] "[36mGET /static/images/refrigerators/botton-freezer.png HTTP/1.1[0m" 304 -
127.0.0.1 - - [29/Jun/2021 00:59:48] "[36mGET /static/images/refrigerators/top-fridge.png HTTP/1.1[0m" 304 -
127.0.0.1 - - [29/Jun/2021 00:59:48] "[36mGET /static/images/refrigerators/freezerless-fridge.jpg HTTP/1.1[0m" 304 -
127.0.0.1 - - [29/Jun/2021 00:59:48] "[36mGET /static/images/refrigerators/upright-freezer.png HTTP/1.1[0m" 304 -
127.0.0.1 - - [29/Jun/2021 00:59:48] "[36mGET /static/images/refrigerators/chest-freezer.png HTTP/1.1[0m" 304 -
127.0.0.1 - - [29/Jun/2021 00:59:48] "[36mGET /static/images/refrigerators/mini-fridge.jpg HTTP/1.1[0m" 304 -
127.0.0.1 - - [29/Jun/2021 00:59:48] "[36mGET /static/images/stainless_steel.jpg HTTP/1.1[0m" 304 -
127.0.0.1 - - [29/Jun/2021 00:59:48] "[36mGET /static/images/black.png HTTP/1.1[0m" 304 -
127.0.0.1 - - [29/Jun/2021 00:59:48] "[36mGET /static/images/white.png HTTP/1.1[0m" 304 -
127.0.0.1 - - [29/Jun/2021 01:00:19] "GET /appliances/refrigerators HTTP/1.1" 200 -
127.0.0.1 - - [29/Jun/2021 01:00:19] "[33mGET /robots.txt?1624942819026 HTTP/1.1[0m" 404 -
127.0.0.1 - - [29/Jun/2021 01:00:19] "[36mGET /static/css/styles.css HTTP/1.1[0m" 304 -
127.0.0.1 - - [29/Jun/2021 01:00:19] "[36mGET /static/images/logo.svg HTTP/1.1[0m" 304 -
127.0.0.1 - - [29/Jun/2021 01:00:19] "[36mGET /static/images/refrigerators/french-door.png HTTP/1.1[0m" 304 -
127.0.0.1 - - [29/Jun/2021 01:00:19] "[36mGET /static/images/refrigerators/side-by-side.png HTTP/1.1[0m" 304 -
127.0.0.1 - - [29/Jun/2021 01:00:19] "[36mGET /static/images/refrigerators/botton-freezer.png HTTP/1.1[0m" 304 -
127.0.0.1 - - [29/Jun/2021 01:00:19] "[36mGET /static/images/refrigerators/top-fridge.png HTTP/1.1[0m" 304 -
127.0.0.1 - - [29/Jun/2021 01:00:19] "[36mGET /static/images/refrigerators/freezerless-fridge.jpg HTTP/1.1[0m" 304 -
127.0.0.1 - - [29/Jun/2021 01:00:19] "[36mGET /static/images/refrigerators/upright-freezer.png HTTP/1.1[0m" 304 -
127.0.0.1 - - [29/Jun/2021 01:00:19] "[36mGET /static/images/refrigerators/chest-freezer.png HTTP/1.1[0m" 304 -
127.0.0.1 - - [29/Jun/2021 01:00:19] "[36mGET /static/images/refrigerators/mini-fridge.jpg HTTP/1.1[0m" 304 -
127.0.0.1 - - [29/Jun/2021 01:00:19] "[36mGET /static/images/black.png HTTP/1.1[0m" 304 -
127.0.0.1 - - [29/Jun/2021 01:00:19] "[36mGET /static/images/stainless_steel.jpg HTTP/1.1[0m" 304 -
127.0.0.1 - - [29/Jun/2021 01:00:19] "[36mGET /static/images/white.png HTTP/1.1[0m" 304 -
127.0.0.1 - - [29/Jun/2021 01:00:44] "GET /appliances/refrigerators HTTP/1.1" 200 -
127.0.0.1 - - [29/Jun/2021 01:00:44] "[33mGET /robots.txt?1624942844634 HTTP/1.1[0m" 404 -
127.0.0.1 - - [29/Jun/2021 01:00:44] "[36mGET /static/css/styles.css HTTP/1.1[0m" 304 -
127.0.0.1 - - [29/Jun/2021 01:00:44] "[36mGET /static/images/logo.svg HTTP/1.1[0m" 304 -
127.0.0.1 - - [29/Jun/2021 01:00:44] "[36mGET /static/images/refrigerators/french-door.png HTTP/1.1[0m" 304 -
127.0.0.1 - - [29/Jun/2021 01:00:44] "[36mGET /static/images/refrigerators/side-by-side.png HTTP/1.1[0m" 304 -
127.0.0.1 - - [29/Jun/2021 01:00:44] "[36mGET /static/images/refrigerators/top-fridge.png HTTP/1.1[0m" 304 -
127.0.0.1 - - [29/Jun/2021 01:00:44] "[36mGET /static/images/refrigerators/botton-freezer.png HTTP/1.1[0m" 304 -
127.0.0.1 - - [29/Jun/2021 01:00:44] "[36mGET /static/images/refrigerators/freezerless-fridge.jpg HTTP/1.1[0m" 304 -
127.0.0.1 - - [29/Jun/2021 01:00:44] "[36mGET /static/images/refrigerators/upright-freezer.png HTTP/1.1[0m" 304 -
127.0.0.1 - - [29/Jun/2021 01:00:44] "[36mGET /static/images/black.png HTTP/1.1[0m" 304 -
127.0.0.1 - - [29/Jun/2021 01:00:44] "[36mGET /static/images/refrigerators/mini-fridge.jpg HTTP/1.1[0m" 304 -
127.0.0.1 - - [29/Jun/2021 01:00:44] "[36mGET /static/images/refrigerators/chest-freezer.png HTTP/1.1[0m" 304 -
127.0.0.1 - - [29/Jun/2021 01:00:44] "[36mGET /static/images/stainless_steel.jpg HTTP/1.1[0m" 304 -
127.0.0.1 - - [29/Jun/2021 01:00:44] "[36mGET /static/images/white.png HTTP/1.1[0m" 304 -
127.0.0.1 - - [29/Jun/2021 01:00:45] "GET /appliances/refrigerators HTTP/1.1" 200 -
127.0.0.1 - - [29/Jun/2021 01:00:45] "[33mGET /robots.txt?1624942845119 HTTP/1.1[0m" 404 -
127.0.0.1 - - [29/Jun/2021 01:00:45] "[36mGET /static/css/styles.css HTTP/1.1[0m" 304 -
127.0.0.1 - - [29/Jun/2021 01:00:45] "[36mGET /static/images/logo.svg HTTP/1.1[0m" 304 -
127.0.0.1 - - [29/Jun/2021 01:00:45] "[36mGET /static/images/refrigerators/french-door.png HTTP/1.1[0m" 304 -
127.0.0.1 - - [29/Jun/2021 01:00:45] "[36mGET /static/images/refrigerators/side-by-side.png HTTP/1.1[0m" 304 -
127.0.0.1 - - [29/Jun/2021 01:00:45] "[36mGET /static/images/refrigerators/botton-freezer.png HTTP/1.1[0m" 304 -
127.0.0.1 - - [29/Jun/2021 01:00:45] "[36mGET /static/images/refrigerators/top-fridge.png HTTP/1.1[0m" 304 -
127.0.0.1 - - [29/Jun/2021 01:00:45] "[36mGET /static/images/refrigerators/freezerless-fridge.jpg HTTP/1.1[0m" 304 -
127.0.0.1 - - [29/Jun/2021 01:00:45] "[36mGET /static/images/refrigerators/upright-freezer.png HTTP/1.1[0m" 304 -
127.0.0.1 - - [29/Jun/2021 01:00:45] "[36mGET /static/images/refrigerators/chest-freezer.png HTTP/1.1[0m" 304 -
127.0.0.1 - - [29/Jun/2021 01:00:45] "[36mGET /static/images/black.png HTTP/1.1[0m" 304 -
127.0.0.1 - - [29/Jun/2021 01:00:45] "[36mGET /static/images/refrigerators/mini-fridge.jpg HTTP/1.1[0m" 304 -
127.0.0.1 - - [29/Jun/2021 01:00:45] "[36mGET /static/images/stainless_steel.jpg HTTP/1.1[0m" 304 -
127.0.0.1 - - [29/Jun/2021 01:00:45] "[36mGET /static/images/white.png HTTP/1.1[0m" 304 -
127.0.0.1 - - [29/Jun/2021 01:00:45] "GET /appliances/refrigerators HTTP/1.1" 200 -
127.0.0.1 - - [29/Jun/2021 01:00:45] "[33mGET /robots.txt?1624942845393 HTTP/1.1[0m" 404 -
127.0.0.1 - - [29/Jun/2021 01:00:45] "[36mGET /static/css/styles.css HTTP/1.1[0m" 304 -
127.0.0.1 - - [29/Jun/2021 01:00:45] "[36mGET /static/images/logo.svg HTTP/1.1[0m" 304 -
127.0.0.1 - - [29/Jun/2021 01:00:45] "[36mGET /static/images/refrigerators/french-door.png HTTP/1.1[0m" 304 -
127.0.0.1 - - [29/Jun/2021 01:00:45] "[36mGET /static/images/refrigerators/botton-freezer.png HTTP/1.1[0m" 304 -
127.0.0.1 - - [29/Jun/2021 01:00:45] "[36mGET /static/images/refrigerators/side-by-side.png HTTP/1.1[0m" 304 -
127.0.0.1 - - [29/Jun/2021 01:00:45] "[36mGET /static/images/refrigerators/top-fridge.png HTTP/1.1[0m" 304 -
127.0.0.1 - - [29/Jun/2021 01:00:45] "[36mGET /static/images/refrigerators/freezerless-fridge.jpg HTTP/1.1[0m" 304 -
127.0.0.1 - - [29/Jun/2021 01:00:45] "[36mGET /static/images/refrigerators/upright-freezer.png HTTP/1.1[0m" 304 -
127.0.0.1 - - [29/Jun/2021 01:00:45] "[36mGET /static/images/black.png HTTP/1.1[0m" 304 -
127.0.0.1 - - [29/Jun/2021 01:00:45] "[36mGET /static/images/stainless_steel.jpg HTTP/1.1[0m" 304 -
127.0.0.1 - - [29/Jun/2021 01:00:45] "[36mGET /static/images/refrigerators/mini-fridge.jpg HTTP/1.1[0m" 304 -
127.0.0.1 - - [29/Jun/2021 01:00:45] "[36mGET /static/images/refrigerators/chest-freezer.png HTTP/1.1[0m" 304 -
127.0.0.1 - - [29/Jun/2021 01:00:45] "[36mGET /static/images/white.png HTTP/1.1[0m" 304 -
127.0.0.1 - - [29/Jun/2021 01:00:48] "POST /appliances/refrigerators HTTP/1.1" 200 -
127.0.0.1 - - [29/Jun/2021 01:00:48] "[33mGET /robots.txt?1624942848706 HTTP/1.1[0m" 404 -
127.0.0.1 - - [29/Jun/2021 01:00:48] "[36mGET /static/css/styles.css HTTP/1.1[0m" 304 -
127.0.0.1 - - [29/Jun/2021 01:00:48] "[36mGET /static/images/logo.svg HTTP/1.1[0m" 304 -
127.0.0.1 - - [29/Jun/2021 01:00:48] "[36mGET /static/images/refrigerators/french-door.png HTTP/1.1[0m" 304 -
127.0.0.1 - - [29/Jun/2021 01:00:50] "GET /appliances/refrigerators HTTP/1.1" 200 -
127.0.0.1 - - [29/Jun/2021 01:00:50] "[33mGET /robots.txt?1624942850289 HTTP/1.1[0m" 404 -
127.0.0.1 - - [29/Jun/2021 01:00:50] "[33mGET /robots.txt?1624942850641 HTTP/1.1[0m" 404 -
127.0.0.1 - - [29/Jun/2021 01:00:51] "[33mGET /robots.txt?1624942851466 HTTP/1.1[0m" 404 -
127.0.0.1 - - [29/Jun/2021 01:00:53] "GET /appliances/refrigerators HTTP/1.1" 200 -
127.0.0.1 - - [29/Jun/2021 01:00:53] "[33mGET /robots.txt?1624942853199 HTTP/1.1[0m" 404 -
127.0.0.1 - - [29/Jun/2021 01:00:53] "[36mGET /static/css/styles.css HTTP/1.1[0m" 304 -
127.0.0.1 - - [29/Jun/2021 01:00:53] "[36mGET /static/images/logo.svg HTTP/1.1[0m" 304 -
127.0.0.1 - - [29/Jun/2021 01:00:53] "[36mGET /static/images/refrigerators/french-door.png HTTP/1.1[0m" 304 -
127.0.0.1 - - [29/Jun/2021 01:00:53] "[36mGET /static/images/refrigerators/side-by-side.png HTTP/1.1[0m" 304 -
127.0.0.1 - - [29/Jun/2021 01:00:53] "[36mGET /static/images/refrigerators/botton-freezer.png HTTP/1.1[0m" 304 -
127.0.0.1 - - [29/Jun/2021 01:00:53] "[36mGET /static/images/refrigerators/top-fridge.png HTTP/1.1[0m" 304 -
127.0.0.1 - - [29/Jun/2021 01:00:53] "[36mGET /static/images/refrigerators/freezerless-fridge.jpg HTTP/1.1[0m" 304 -
127.0.0.1 - - [29/Jun/2021 01:00:53] "[36mGET /static/images/refrigerators/upright-freezer.png HTTP/1.1[0m" 304 -
127.0.0.1 - - [29/Jun/2021 01:00:53] "[36mGET /static/images/refrigerators/chest-freezer.png HTTP/1.1[0m" 304 -
127.0.0.1 - - [29/Jun/2021 01:00:53] "[36mGET /static/images/refrigerators/mini-fridge.jpg HTTP/1.1[0m" 304 -
127.0.0.1 - - [29/Jun/2021 01:00:53] "[36mGET /static/images/stainless_steel.jpg HTTP/1.1[0m" 304 -
127.0.0.1 - - [29/Jun/2021 01:00:53] "[36mGET /static/images/black.png HTTP/1.1[0m" 304 -
127.0.0.1 - - [29/Jun/2021 01:00:53] "[36mGET /static/images/white.png HTTP/1.1[0m" 304 -
127.0.0.1 - - [29/Jun/2021 01:00:53] "GET /appliances/refrigerators HTTP/1.1" 200 -
127.0.0.1 - - [29/Jun/2021 01:00:53] "[33mGET /robots.txt?1624942853618 HTTP/1.1[0m" 404 -
127.0.0.1 - - [29/Jun/2021 01:00:53] "[36mGET /static/css/styles.css HTTP/1.1[0m" 304 -
127.0.0.1 - - [29/Jun/2021 01:00:53] "[36mGET /static/images/logo.svg HTTP/1.1[0m" 304 -
127.0.0.1 - - [29/Jun/2021 01:00:53] "[36mGET /static/images/refrigerators/french-door.png HTTP/1.1[0m" 304 -
127.0.0.1 - - [29/Jun/2021 01:00:53] "[36mGET /static/images/refrigerators/side-by-side.png HTTP/1.1[0m" 304 -
127.0.0.1 - - [29/Jun/2021 01:00:53] "[36mGET /static/images/refrigerators/botton-freezer.png HTTP/1.1[0m" 304 -
127.0.0.1 - - [29/Jun/2021 01:00:53] "[36mGET /static/images/refrigerators/top-fridge.png HTTP/1.1[0m" 304 -
127.0.0.1 - - [29/Jun/2021 01:00:53] "[36mGET /static/images/refrigerators/freezerless-fridge.jpg HTTP/1.1[0m" 304 -
127.0.0.1 - - [29/Jun/2021 01:00:53] "[36mGET /static/images/refrigerators/upright-freezer.png HTTP/1.1[0m" 304 -
127.0.0.1 - - [29/Jun/2021 01:00:53] "[36mGET /static/images/refrigerators/chest-freezer.png HTTP/1.1[0m" 304 -
127.0.0.1 - - [29/Jun/2021 01:00:53] "[36mGET /static/images/black.png HTTP/1.1[0m" 304 -
127.0.0.1 - - [29/Jun/2021 01:00:53] "[36mGET /static/images/refrigerators/mini-fridge.jpg HTTP/1.1[0m" 304 -
127.0.0.1 - - [29/Jun/2021 01:00:53] "[36mGET /static/images/stainless_steel.jpg HTTP/1.1[0m" 304 -
127.0.0.1 - - [29/Jun/2021 01:00:53] "[36mGET /static/images/white.png HTTP/1.1[0m" 304 -
127.0.0.1 - - [29/Jun/2021 01:00:53] "GET /appliances/refrigerators HTTP/1.1" 200 -
127.0.0.1 - - [29/Jun/2021 01:00:53] "[33mGET /robots.txt?1624942853875 HTTP/1.1[0m" 404 -
127.0.0.1 - - [29/Jun/2021 01:00:53] "[36mGET /static/css/styles.css HTTP/1.1[0m" 304 -
127.0.0.1 - - [29/Jun/2021 01:00:53] "[36mGET /static/images/logo.svg HTTP/1.1[0m" 304 -
127.0.0.1 - - [29/Jun/2021 01:00:53] "[36mGET /static/images/refrigerators/french-door.png HTTP/1.1[0m" 304 -
127.0.0.1 - - [29/Jun/2021 01:00:53] "[36mGET /static/images/refrigerators/side-by-side.png HTTP/1.1[0m" 304 -
127.0.0.1 - - [29/Jun/2021 01:00:53] "[36mGET /static/images/refrigerators/botton-freezer.png HTTP/1.1[0m" 304 -
127.0.0.1 - - [29/Jun/2021 01:00:53] "[36mGET /static/images/refrigerators/top-fridge.png HTTP/1.1[0m" 304 -
127.0.0.1 - - [29/Jun/2021 01:00:53] "[36mGET /static/images/refrigerators/freezerless-fridge.jpg HTTP/1.1[0m" 304 -
127.0.0.1 - - [29/Jun/2021 01:00:53] "[36mGET /static/images/refrigerators/upright-freezer.png HTTP/1.1[0m" 304 -
127.0.0.1 - - [29/Jun/2021 01:00:53] "[36mGET /static/images/refrigerators/chest-freezer.png HTTP/1.1[0m" 304 -
127.0.0.1 - - [29/Jun/2021 01:00:53] "[36mGET /static/images/refrigerators/mini-fridge.jpg HTTP/1.1[0m" 304 -
127.0.0.1 - - [29/Jun/2021 01:00:53] "[36mGET /static/images/stainless_steel.jpg HTTP/1.1[0m" 304 -
127.0.0.1 - - [29/Jun/2021 01:00:53] "[36mGET /static/images/black.png HTTP/1.1[0m" 304 -
127.0.0.1 - - [29/Jun/2021 01:00:53] "[36mGET /static/images/white.png HTTP/1.1[0m" 304 -
127.0.0.1 - - [29/Jun/2021 01:00:58] "POST /appliances/refrigerators HTTP/1.1" 200 -
127.0.0.1 - - [29/Jun/2021 01:00:58] "[33mGET /robots.txt?1624942858513 HTTP/1.1[0m" 404 -
127.0.0.1 - - [29/Jun/2021 01:00:58] "[36mGET /static/css/styles.css HTTP/1.1[0m" 304 -
127.0.0.1 - - [29/Jun/2021 01:00:58] "[36mGET /static/images/logo.svg HTTP/1.1[0m" 304 -
127.0.0.1 - - [29/Jun/2021 01:00:58] "[36mGET /static/images/refrigerators/french-door.png HTTP/1.1[0m" 304 -
127.0.0.1 - - [29/Jun/2021 01:00:59] "GET /appliances/refrigerators HTTP/1.1" 200 -
127.0.0.1 - - [29/Jun/2021 01:00:59] "[33mGET /robots.txt?1624942859817 HTTP/1.1[0m" 404 -
127.0.0.1 - - [29/Jun/2021 01:01:30] "GET /appliances/refrigerators HTTP/1.1" 200 -
127.0.0.1 - - [29/Jun/2021 01:01:30] "[33mGET /robots.txt?1624942890044 HTTP/1.1[0m" 404 -
127.0.0.1 - - [29/Jun/2021 01:01:30] "[36mGET /static/css/styles.css HTTP/1.1[0m" 304 -
127.0.0.1 - - [29/Jun/2021 01:01:30] "[36mGET /static/images/logo.svg HTTP/1.1[0m" 304 -
127.0.0.1 - - [29/Jun/2021 01:01:30] "[36mGET /static/images/refrigerators/french-door.png HTTP/1.1[0m" 304 -
127.0.0.1 - - [29/Jun/2021 01:01:30] "[36mGET /static/images/refrigerators/side-by-side.png HTTP/1.1[0m" 304 -
127.0.0.1 - - [29/Jun/2021 01:01:30] "[36mGET /static/images/refrigerators/botton-freezer.png HTTP/1.1[0m" 304 -
127.0.0.1 - - [29/Jun/2021 01:01:30] "[36mGET /static/images/refrigerators/top-fridge.png HTTP/1.1[0m" 304 -
127.0.0.1 - - [29/Jun/2021 01:01:30] "[36mGET /static/images/refrigerators/freezerless-fridge.jpg HTTP/1.1[0m" 304 -
127.0.0.1 - - [29/Jun/2021 01:01:30] "[36mGET /static/images/refrigerators/upright-freezer.png HTTP/1.1[0m" 304 -
127.0.0.1 - - [29/Jun/2021 01:01:30] "[36mGET /static/images/refrigerators/chest-freezer.png HTTP/1.1[0m" 304 -
127.0.0.1 - - [29/Jun/2021 01:01:30] "[36mGET /static/images/refrigerators/mini-fridge.jpg HTTP/1.1[0m" 304 -
127.0.0.1 - - [29/Jun/2021 01:01:30] "[36mGET /static/images/stainless_steel.jpg HTTP/1.1[0m" 304 -
127.0.0.1 - - [29/Jun/2021 01:01:30] "[36mGET /static/images/black.png HTTP/1.1[0m" 304 -
127.0.0.1 - - [29/Jun/2021 01:01:30] "[36mGET /static/images/white.png HTTP/1.1[0m" 304 -
127.0.0.1 - - [29/Jun/2021 01:02:00] "GET /appliances/refrigerators HTTP/1.1" 200 -
127.0.0.1 - - [29/Jun/2021 01:02:00] "[33mGET /robots.txt?1624942920261 HTTP/1.1[0m" 404 -
127.0.0.1 - - [29/Jun/2021 01:02:00] "[36mGET /static/css/styles.css HTTP/1.1[0m" 304 -
127.0.0.1 - - [29/Jun/2021 01:02:00] "[36mGET /static/images/logo.svg HTTP/1.1[0m" 304 -
127.0.0.1 - - [29/Jun/2021 01:02:00] "[36mGET /static/images/refrigerators/french-door.png HTTP/1.1[0m" 304 -
127.0.0.1 - - [29/Jun/2021 01:02:00] "[36mGET /static/images/refrigerators/side-by-side.png HTTP/1.1[0m" 304 -
127.0.0.1 - - [29/Jun/2021 01:02:00] "[36mGET /static/images/refrigerators/botton-freezer.png HTTP/1.1[0m" 304 -
127.0.0.1 - - [29/Jun/2021 01:02:00] "[36mGET /static/images/refrigerators/top-fridge.png HTTP/1.1[0m" 304 -
127.0.0.1 - - [29/Jun/2021 01:02:00] "[36mGET /static/images/refrigerators/freezerless-fridge.jpg HTTP/1.1[0m" 304 -
127.0.0.1 - - [29/Jun/2021 01:02:00] "[36mGET /static/images/refrigerators/upright-freezer.png HTTP/1.1[0m" 304 -
127.0.0.1 - - [29/Jun/2021 01:02:00] "[36mGET /static/images/refrigerators/chest-freezer.png HTTP/1.1[0m" 304 -
127.0.0.1 - - [29/Jun/2021 01:02:00] "[36mGET /static/images/refrigerators/mini-fridge.jpg HTTP/1.1[0m" 304 -
127.0.0.1 - - [29/Jun/2021 01:02:00] "[36mGET /static/images/stainless_steel.jpg HTTP/1.1[0m" 304 -
127.0.0.1 - - [29/Jun/2021 01:02:00] "[36mGET /static/images/black.png HTTP/1.1[0m" 304 -
127.0.0.1 - - [29/Jun/2021 01:02:00] "[36mGET /static/images/white.png HTTP/1.1[0m" 304 -
127.0.0.1 - - [29/Jun/2021 01:02:30] "GET /appliances/refrigerators HTTP/1.1" 200 -
127.0.0.1 - - [29/Jun/2021 01:02:30] "[33mGET /robots.txt?1624942950513 HTTP/1.1[0m" 404 -
127.0.0.1 - - [29/Jun/2021 01:02:30] "[36mGET /static/css/styles.css HTTP/1.1[0m" 304 -
127.0.0.1 - - [29/Jun/2021 01:02:30] "[36mGET /static/images/logo.svg HTTP/1.1[0m" 304 -
127.0.0.1 - - [29/Jun/2021 01:02:30] "[36mGET /static/images/refrigerators/french-door.png HTTP/1.1[0m" 304 -
127.0.0.1 - - [29/Jun/2021 01:02:30] "[36mGET /static/images/refrigerators/side-by-side.png HTTP/1.1[0m" 304 -
127.0.0.1 - - [29/Jun/2021 01:02:30] "[36mGET /static/images/refrigerators/botton-freezer.png HTTP/1.1[0m" 304 -
127.0.0.1 - - [29/Jun/2021 01:02:30] "[36mGET /static/images/refrigerators/top-fridge.png HTTP/1.1[0m" 304 -
127.0.0.1 - - [29/Jun/2021 01:02:30] "[36mGET /static/images/refrigerators/freezerless-fridge.jpg HTTP/1.1[0m" 304 -
127.0.0.1 - - [29/Jun/2021 01:02:30] "[36mGET /static/images/refrigerators/upright-freezer.png HTTP/1.1[0m" 304 -
127.0.0.1 - - [29/Jun/2021 01:02:30] "[36mGET /static/images/refrigerators/chest-freezer.png HTTP/1.1[0m" 304 -
127.0.0.1 - - [29/Jun/2021 01:02:30] "[36mGET /static/images/refrigerators/mini-fridge.jpg HTTP/1.1[0m" 304 -
127.0.0.1 - - [29/Jun/2021 01:02:30] "[36mGET /static/images/stainless_steel.jpg HTTP/1.1[0m" 304 -
127.0.0.1 - - [29/Jun/2021 01:02:30] "[36mGET /static/images/black.png HTTP/1.1[0m" 304 -
127.0.0.1 - - [29/Jun/2021 01:02:30] "[36mGET /static/images/white.png HTTP/1.1[0m" 304 -
127.0.0.1 - - [29/Jun/2021 01:02:45] "GET /appliances/refrigerators HTTP/1.1" 200 -
127.0.0.1 - - [29/Jun/2021 01:02:45] "[33mGET /robots.txt?1624942965757 HTTP/1.1[0m" 404 -
127.0.0.1 - - [29/Jun/2021 01:02:45] "[36mGET /static/css/styles.css HTTP/1.1[0m" 304 -
127.0.0.1 - - [29/Jun/2021 01:02:45] "[36mGET /static/images/logo.svg HTTP/1.1[0m" 304 -
127.0.0.1 - - [29/Jun/2021 01:02:45] "[36mGET /static/images/refrigerators/french-door.png HTTP/1.1[0m" 304 -
127.0.0.1 - - [29/Jun/2021 01:02:45] "[36mGET /static/images/refrigerators/side-by-side.png HTTP/1.1[0m" 304 -
127.0.0.1 - - [29/Jun/2021 01:02:45] "[36mGET /static/images/refrigerators/botton-freezer.png HTTP/1.1[0m" 304 -
127.0.0.1 - - [29/Jun/2021 01:02:45] "[36mGET /static/images/refrigerators/top-fridge.png HTTP/1.1[0m" 304 -
127.0.0.1 - - [29/Jun/2021 01:02:45] "[36mGET /static/images/refrigerators/freezerless-fridge.jpg HTTP/1.1[0m" 304 -
127.0.0.1 - - [29/Jun/2021 01:02:45] "[36mGET /static/images/refrigerators/upright-freezer.png HTTP/1.1[0m" 304 -
127.0.0.1 - - [29/Jun/2021 01:02:45] "[36mGET /static/images/refrigerators/chest-freezer.png HTTP/1.1[0m" 304 -
127.0.0.1 - - [29/Jun/2021 01:02:45] "[36mGET /static/images/refrigerators/mini-fridge.jpg HTTP/1.1[0m" 304 -
127.0.0.1 - - [29/Jun/2021 01:02:45] "[36mGET /static/images/black.png HTTP/1.1[0m" 304 -
127.0.0.1 - - [29/Jun/2021 01:02:45] "[36mGET /static/images/stainless_steel.jpg HTTP/1.1[0m" 304 -
127.0.0.1 - - [29/Jun/2021 01:02:45] "[36mGET /static/images/white.png HTTP/1.1[0m" 304 -
127.0.0.1 - - [29/Jun/2021 01:03:15] "GET /appliances/refrigerators HTTP/1.1" 200 -
127.0.0.1 - - [29/Jun/2021 01:03:16] "[33mGET /robots.txt?1624942996011 HTTP/1.1[0m" 404 -
127.0.0.1 - - [29/Jun/2021 01:03:16] "[36mGET /static/css/styles.css HTTP/1.1[0m" 304 -
127.0.0.1 - - [29/Jun/2021 01:03:16] "[36mGET /static/images/logo.svg HTTP/1.1[0m" 304 -
127.0.0.1 - - [29/Jun/2021 01:03:16] "[36mGET /static/images/refrigerators/french-door.png HTTP/1.1[0m" 304 -
127.0.0.1 - - [29/Jun/2021 01:03:16] "[36mGET /static/images/refrigerators/side-by-side.png HTTP/1.1[0m" 304 -
127.0.0.1 - - [29/Jun/2021 01:03:16] "[36mGET /static/images/refrigerators/botton-freezer.png HTTP/1.1[0m" 304 -
127.0.0.1 - - [29/Jun/2021 01:03:16] "[36mGET /static/images/refrigerators/top-fridge.png HTTP/1.1[0m" 304 -
127.0.0.1 - - [29/Jun/2021 01:03:16] "[36mGET /static/images/refrigerators/freezerless-fridge.jpg HTTP/1.1[0m" 304 -
127.0.0.1 - - [29/Jun/2021 01:03:16] "[36mGET /static/images/refrigerators/upright-freezer.png HTTP/1.1[0m" 304 -
127.0.0.1 - - [29/Jun/2021 01:03:16] "[36mGET /static/images/refrigerators/chest-freezer.png HTTP/1.1[0m" 304 -
127.0.0.1 - - [29/Jun/2021 01:03:16] "[36mGET /static/images/refrigerators/mini-fridge.jpg HTTP/1.1[0m" 304 -
127.0.0.1 - - [29/Jun/2021 01:03:16] "[36mGET /static/images/stainless_steel.jpg HTTP/1.1[0m" 304 -
127.0.0.1 - - [29/Jun/2021 01:03:16] "[36mGET /static/images/black.png HTTP/1.1[0m" 304 -
127.0.0.1 - - [29/Jun/2021 01:03:16] "[36mGET /static/images/white.png HTTP/1.1[0m" 304 -
127.0.0.1 - - [29/Jun/2021 01:03:46] "GET /appliances/refrigerators HTTP/1.1" 200 -
127.0.0.1 - - [29/Jun/2021 01:03:46] "[33mGET /robots.txt?1624943026309 HTTP/1.1[0m" 404 -
127.0.0.1 - - [29/Jun/2021 01:03:46] "[36mGET /static/css/styles.css HTTP/1.1[0m" 304 -
127.0.0.1 - - [29/Jun/2021 01:03:46] "[36mGET /static/images/logo.svg HTTP/1.1[0m" 304 -
127.0.0.1 - - [29/Jun/2021 01:03:46] "[36mGET /static/images/refrigerators/side-by-side.png HTTP/1.1[0m" 304 -
127.0.0.1 - - [29/Jun/2021 01:03:46] "[36mGET /static/images/refrigerators/botton-freezer.png HTTP/1.1[0m" 304 -
127.0.0.1 - - [29/Jun/2021 01:03:46] "[36mGET /static/images/refrigerators/top-fridge.png HTTP/1.1[0m" 304 -
127.0.0.1 - - [29/Jun/2021 01:03:46] "[36mGET /static/images/refrigerators/french-door.png HTTP/1.1[0m" 304 -
127.0.0.1 - - [29/Jun/2021 01:03:46] "[36mGET /static/images/refrigerators/freezerless-fridge.jpg HTTP/1.1[0m" 304 -
127.0.0.1 - - [29/Jun/2021 01:03:46] "[36mGET /static/images/refrigerators/upright-freezer.png HTTP/1.1[0m" 304 -
127.0.0.1 - - [29/Jun/2021 01:03:46] "[36mGET /static/images/refrigerators/chest-freezer.png HTTP/1.1[0m" 304 -
127.0.0.1 - - [29/Jun/2021 01:03:46] "[36mGET /static/images/refrigerators/mini-fridge.jpg HTTP/1.1[0m" 304 -
127.0.0.1 - - [29/Jun/2021 01:03:46] "[36mGET /static/images/black.png HTTP/1.1[0m" 304 -
127.0.0.1 - - [29/Jun/2021 01:03:46] "[36mGET /static/images/stainless_steel.jpg HTTP/1.1[0m" 304 -
127.0.0.1 - - [29/Jun/2021 01:03:46] "[36mGET /static/images/white.png HTTP/1.1[0m" 304 -
127.0.0.1 - - [29/Jun/2021 01:04:16] "GET /appliances/refrigerators HTTP/1.1" 200 -
127.0.0.1 - - [29/Jun/2021 01:04:16] "[33mGET /robots.txt?1624943056572 HTTP/1.1[0m" 404 -
127.0.0.1 - - [29/Jun/2021 01:04:16] "[36mGET /static/css/styles.css HTTP/1.1[0m" 304 -
127.0.0.1 - - [29/Jun/2021 01:04:16] "[36mGET /static/images/logo.svg HTTP/1.1[0m" 304 -
127.0.0.1 - - [29/Jun/2021 01:04:16] "[36mGET /static/images/refrigerators/french-door.png HTTP/1.1[0m" 304 -
127.0.0.1 - - [29/Jun/2021 01:04:16] "[36mGET /static/images/refrigerators/botton-freezer.png HTTP/1.1[0m" 304 -
127.0.0.1 - - [29/Jun/2021 01:04:16] "[36mGET /static/images/refrigerators/side-by-side.png HTTP/1.1[0m" 304 -
127.0.0.1 - - [29/Jun/2021 01:04:16] "[36mGET /static/images/refrigerators/top-fridge.png HTTP/1.1[0m" 304 -
127.0.0.1 - - [29/Jun/2021 01:04:16] "[36mGET /static/images/refrigerators/freezerless-fridge.jpg HTTP/1.1[0m" 304 -
127.0.0.1 - - [29/Jun/2021 01:04:16] "[36mGET /static/images/refrigerators/upright-freezer.png HTTP/1.1[0m" 304 -
127.0.0.1 - - [29/Jun/2021 01:04:16] "[36mGET /static/images/black.png HTTP/1.1[0m" 304 -
127.0.0.1 - - [29/Jun/2021 01:04:16] "[36mGET /static/images/refrigerators/chest-freezer.png HTTP/1.1[0m" 304 -
127.0.0.1 - - [29/Jun/2021 01:04:16] "[36mGET /static/images/refrigerators/mini-fridge.jpg HTTP/1.1[0m" 304 -
127.0.0.1 - - [29/Jun/2021 01:04:16] "[36mGET /static/images/stainless_steel.jpg HTTP/1.1[0m" 304 -
127.0.0.1 - - [29/Jun/2021 01:04:16] "[36mGET /static/images/white.png HTTP/1.1[0m" 304 -
127.0.0.1 - - [29/Jun/2021 01:04:46] "GET /appliances/refrigerators HTTP/1.1" 200 -
127.0.0.1 - - [29/Jun/2021 01:04:46] "[33mGET /robots.txt?1624943086835 HTTP/1.1[0m" 404 -
127.0.0.1 - - [29/Jun/2021 01:04:46] "[36mGET /static/css/styles.css HTTP/1.1[0m" 304 -
127.0.0.1 - - [29/Jun/2021 01:04:46] "[36mGET /static/images/logo.svg HTTP/1.1[0m" 304 -
127.0.0.1 - - [29/Jun/2021 01:04:46] "[36mGET /static/images/refrigerators/french-door.png HTTP/1.1[0m" 304 -
127.0.0.1 - - [29/Jun/2021 01:04:46] "[36mGET /static/images/refrigerators/side-by-side.png HTTP/1.1[0m" 304 -
127.0.0.1 - - [29/Jun/2021 01:04:46] "[36mGET /static/images/refrigerators/botton-freezer.png HTTP/1.1[0m" 304 -
127.0.0.1 - - [29/Jun/2021 01:04:46] "[36mGET /static/images/refrigerators/top-fridge.png HTTP/1.1[0m" 304 -
127.0.0.1 - - [29/Jun/2021 01:04:46] "[36mGET /static/images/refrigerators/freezerless-fridge.jpg HTTP/1.1[0m" 304 -
127.0.0.1 - - [29/Jun/2021 01:04:46] "[36mGET /static/images/refrigerators/upright-freezer.png HTTP/1.1[0m" 304 -
127.0.0.1 - - [29/Jun/2021 01:04:46] "[36mGET /static/images/refrigerators/chest-freezer.png HTTP/1.1[0m" 304 -
127.0.0.1 - - [29/Jun/2021 01:04:46] "[36mGET /static/images/refrigerators/mini-fridge.jpg HTTP/1.1[0m" 304 -
127.0.0.1 - - [29/Jun/2021 01:04:46] "[36mGET /static/images/stainless_steel.jpg HTTP/1.1[0m" 304 -
127.0.0.1 - - [29/Jun/2021 01:04:46] "[36mGET /static/images/black.png HTTP/1.1[0m" 304 -
127.0.0.1 - - [29/Jun/2021 01:04:46] "[36mGET /static/images/white.png HTTP/1.1[0m" 304 -
127.0.0.1 - - [29/Jun/2021 01:05:17] "GET /appliances/refrigerators HTTP/1.1" 200 -
127.0.0.1 - - [29/Jun/2021 01:05:17] "[33mGET /robots.txt?1624943117110 HTTP/1.1[0m" 404 -
127.0.0.1 - - [29/Jun/2021 01:05:17] "[36mGET /static/css/styles.css HTTP/1.1[0m" 304 -
127.0.0.1 - - [29/Jun/2021 01:05:17] "[36mGET /static/images/logo.svg HTTP/1.1[0m" 304 -
127.0.0.1 - - [29/Jun/2021 01:05:17] "[36mGET /static/images/refrigerators/french-door.png HTTP/1.1[0m" 304 -
127.0.0.1 - - [29/Jun/2021 01:05:17] "[36mGET /static/images/refrigerators/botton-freezer.png HTTP/1.1[0m" 304 -
127.0.0.1 - - [29/Jun/2021 01:05:17] "[36mGET /static/images/refrigerators/side-by-side.png HTTP/1.1[0m" 304 -
127.0.0.1 - - [29/Jun/2021 01:05:17] "[36mGET /static/images/refrigerators/top-fridge.png HTTP/1.1[0m" 304 -
127.0.0.1 - - [29/Jun/2021 01:05:17] "[36mGET /static/images/refrigerators/freezerless-fridge.jpg HTTP/1.1[0m" 304 -
127.0.0.1 - - [29/Jun/2021 01:05:17] "[36mGET /static/images/refrigerators/upright-freezer.png HTTP/1.1[0m" 304 -
127.0.0.1 - - [29/Jun/2021 01:05:17] "[36mGET /static/images/refrigerators/chest-freezer.png HTTP/1.1[0m" 304 -
127.0.0.1 - - [29/Jun/2021 01:05:17] "[36mGET /static/images/black.png HTTP/1.1[0m" 304 -
127.0.0.1 - - [29/Jun/2021 01:05:17] "[36mGET /static/images/refrigerators/mini-fridge.jpg HTTP/1.1[0m" 304 -
127.0.0.1 - - [29/Jun/2021 01:05:17] "[36mGET /static/images/stainless_steel.jpg HTTP/1.1[0m" 304 -
127.0.0.1 - - [29/Jun/2021 01:05:17] "[36mGET /static/images/white.png HTTP/1.1[0m" 304 -
127.0.0.1 - - [29/Jun/2021 01:05:47] "GET /appliances/refrigerators HTTP/1.1" 200 -
127.0.0.1 - - [29/Jun/2021 01:05:47] "[33mGET /robots.txt?1624943147369 HTTP/1.1[0m" 404 -
127.0.0.1 - - [29/Jun/2021 01:05:47] "[36mGET /static/css/styles.css HTTP/1.1[0m" 304 -
127.0.0.1 - - [29/Jun/2021 01:05:47] "[36mGET /static/images/logo.svg HTTP/1.1[0m" 304 -
127.0.0.1 - - [29/Jun/2021 01:05:47] "[36mGET /static/images/refrigerators/french-door.png HTTP/1.1[0m" 304 -
127.0.0.1 - - [29/Jun/2021 01:05:47] "[36mGET /static/images/refrigerators/side-by-side.png HTTP/1.1[0m" 304 -
127.0.0.1 - - [29/Jun/2021 01:05:47] "[36mGET /static/images/refrigerators/botton-freezer.png HTTP/1.1[0m" 304 -
127.0.0.1 - - [29/Jun/2021 01:05:47] "[36mGET /static/images/refrigerators/top-fridge.png HTTP/1.1[0m" 304 -
127.0.0.1 - - [29/Jun/2021 01:05:47] "[36mGET /static/images/refrigerators/freezerless-fridge.jpg HTTP/1.1[0m" 304 -
127.0.0.1 - - [29/Jun/2021 01:05:47] "[36mGET /static/images/refrigerators/chest-freezer.png HTTP/1.1[0m" 304 -
127.0.0.1 - - [29/Jun/2021 01:05:47] "[36mGET /static/images/refrigerators/upright-freezer.png HTTP/1.1[0m" 304 -
127.0.0.1 - - [29/Jun/2021 01:05:47] "[36mGET /static/images/refrigerators/mini-fridge.jpg HTTP/1.1[0m" 304 -
127.0.0.1 - - [29/Jun/2021 01:05:47] "[36mGET /static/images/black.png HTTP/1.1[0m" 304 -
127.0.0.1 - - [29/Jun/2021 01:05:47] "[36mGET /static/images/stainless_steel.jpg HTTP/1.1[0m" 304 -
127.0.0.1 - - [29/Jun/2021 01:05:47] "[36mGET /static/images/white.png HTTP/1.1[0m" 304 -
127.0.0.1 - - [29/Jun/2021 01:06:17] "GET /appliances/refrigerators HTTP/1.1" 200 -
127.0.0.1 - - [29/Jun/2021 01:06:17] "[33mGET /robots.txt?1624943177618 HTTP/1.1[0m" 404 -
127.0.0.1 - - [29/Jun/2021 01:06:17] "[36mGET /static/css/styles.css HTTP/1.1[0m" 304 -
127.0.0.1 - - [29/Jun/2021 01:06:17] "[36mGET /static/images/logo.svg HTTP/1.1[0m" 304 -
127.0.0.1 - - [29/Jun/2021 01:06:17] "[36mGET /static/images/refrigerators/french-door.png HTTP/1.1[0m" 304 -
127.0.0.1 - - [29/Jun/2021 01:06:17] "[36mGET /static/images/refrigerators/side-by-side.png HTTP/1.1[0m" 304 -
127.0.0.1 - - [29/Jun/2021 01:06:17] "[36mGET /static/images/refrigerators/botton-freezer.png HTTP/1.1[0m" 304 -
127.0.0.1 - - [29/Jun/2021 01:06:17] "[36mGET /static/images/refrigerators/top-fridge.png HTTP/1.1[0m" 304 -
127.0.0.1 - - [29/Jun/2021 01:06:17] "[36mGET /static/images/refrigerators/freezerless-fridge.jpg HTTP/1.1[0m" 304 -
127.0.0.1 - - [29/Jun/2021 01:06:17] "[36mGET /static/images/refrigerators/upright-freezer.png HTTP/1.1[0m" 304 -
127.0.0.1 - - [29/Jun/2021 01:06:17] "[36mGET /static/images/refrigerators/chest-freezer.png HTTP/1.1[0m" 304 -
127.0.0.1 - - [29/Jun/2021 01:06:17] "[36mGET /static/images/refrigerators/mini-fridge.jpg HTTP/1.1[0m" 304 -
127.0.0.1 - - [29/Jun/2021 01:06:17] "[36mGET /static/images/stainless_steel.jpg HTTP/1.1[0m" 304 -
127.0.0.1 - - [29/Jun/2021 01:06:17] "[36mGET /static/images/black.png HTTP/1.1[0m" 304 -
127.0.0.1 - - [29/Jun/2021 01:06:17] "[36mGET /static/images/white.png HTTP/1.1[0m" 304 -
127.0.0.1 - - [29/Jun/2021 01:06:47] "GET /appliances/refrigerators HTTP/1.1" 200 -
127.0.0.1 - - [29/Jun/2021 01:06:47] "[33mGET /robots.txt?1624943207870 HTTP/1.1[0m" 404 -
127.0.0.1 - - [29/Jun/2021 01:06:47] "[36mGET /static/css/styles.css HTTP/1.1[0m" 304 -
127.0.0.1 - - [29/Jun/2021 01:06:47] "[36mGET /static/images/logo.svg HTTP/1.1[0m" 304 -
127.0.0.1 - - [29/Jun/2021 01:06:47] "[36mGET /static/images/refrigerators/french-door.png HTTP/1.1[0m" 304 -
127.0.0.1 - - [29/Jun/2021 01:06:47] "[36mGET /static/images/refrigerators/side-by-side.png HTTP/1.1[0m" 304 -
127.0.0.1 - - [29/Jun/2021 01:06:47] "[36mGET /static/images/refrigerators/botton-freezer.png HTTP/1.1[0m" 304 -
127.0.0.1 - - [29/Jun/2021 01:06:47] "[36mGET /static/images/refrigerators/freezerless-fridge.jpg HTTP/1.1[0m" 304 -
127.0.0.1 - - [29/Jun/2021 01:06:47] "[36mGET /static/images/refrigerators/top-fridge.png HTTP/1.1[0m" 304 -
127.0.0.1 - - [29/Jun/2021 01:06:47] "[36mGET /static/images/refrigerators/upright-freezer.png HTTP/1.1[0m" 304 -
127.0.0.1 - - [29/Jun/2021 01:06:47] "[36mGET /static/images/refrigerators/chest-freezer.png HTTP/1.1[0m" 304 -
127.0.0.1 - - [29/Jun/2021 01:06:48] "[36mGET /static/images/refrigerators/mini-fridge.jpg HTTP/1.1[0m" 304 -
127.0.0.1 - - [29/Jun/2021 01:06:48] "[36mGET /static/images/stainless_steel.jpg HTTP/1.1[0m" 304 -
127.0.0.1 - - [29/Jun/2021 01:06:48] "[36mGET /static/images/black.png HTTP/1.1[0m" 304 -
127.0.0.1 - - [29/Jun/2021 01:06:48] "[36mGET /static/images/white.png HTTP/1.1[0m" 304 -
127.0.0.1 - - [29/Jun/2021 01:07:18] "GET /appliances/refrigerators HTTP/1.1" 200 -
127.0.0.1 - - [29/Jun/2021 01:07:18] "[33mGET /robots.txt?1624943238096 HTTP/1.1[0m" 404 -
127.0.0.1 - - [29/Jun/2021 01:07:18] "[36mGET /static/css/styles.css HTTP/1.1[0m" 304 -
127.0.0.1 - - [29/Jun/2021 01:07:18] "[36mGET /static/images/logo.svg HTTP/1.1[0m" 304 -
127.0.0.1 - - [29/Jun/2021 01:07:18] "[36mGET /static/images/refrigerators/french-door.png HTTP/1.1[0m" 304 -
127.0.0.1 - - [29/Jun/2021 01:07:18] "[36mGET /static/images/refrigerators/side-by-side.png HTTP/1.1[0m" 304 -
127.0.0.1 - - [29/Jun/2021 01:07:18] "[36mGET /static/images/refrigerators/botton-freezer.png HTTP/1.1[0m" 304 -
127.0.0.1 - - [29/Jun/2021 01:07:18] "[36mGET /static/images/refrigerators/top-fridge.png HTTP/1.1[0m" 304 -
127.0.0.1 - - [29/Jun/2021 01:07:18] "[36mGET /static/images/refrigerators/freezerless-fridge.jpg HTTP/1.1[0m" 304 -
127.0.0.1 - - [29/Jun/2021 01:07:18] "[36mGET /static/images/refrigerators/upright-freezer.png HTTP/1.1[0m" 304 -
127.0.0.1 - - [29/Jun/2021 01:07:18] "[36mGET /static/images/refrigerators/chest-freezer.png HTTP/1.1[0m" 304 -
127.0.0.1 - - [29/Jun/2021 01:07:18] "[36mGET /static/images/refrigerators/mini-fridge.jpg HTTP/1.1[0m" 304 -
127.0.0.1 - - [29/Jun/2021 01:07:18] "[36mGET /static/images/stainless_steel.jpg HTTP/1.1[0m" 304 -
127.0.0.1 - - [29/Jun/2021 01:07:18] "[36mGET /static/images/black.png HTTP/1.1[0m" 304 -
127.0.0.1 - - [29/Jun/2021 01:07:18] "[36mGET /static/images/white.png HTTP/1.1[0m" 304 -
127.0.0.1 - - [29/Jun/2021 01:07:24] "GET /appliances/refrigerators HTTP/1.1" 200 -
127.0.0.1 - - [29/Jun/2021 01:07:24] "[33mGET /robots.txt?1624943244476 HTTP/1.1[0m" 404 -
127.0.0.1 - - [29/Jun/2021 01:07:24] "[36mGET /static/css/styles.css HTTP/1.1[0m" 304 -
127.0.0.1 - - [29/Jun/2021 01:07:24] "[36mGET /static/images/logo.svg HTTP/1.1[0m" 304 -
127.0.0.1 - - [29/Jun/2021 01:07:24] "[36mGET /static/images/refrigerators/french-door.png HTTP/1.1[0m" 304 -
127.0.0.1 - - [29/Jun/2021 01:07:24] "[36mGET /static/images/refrigerators/side-by-side.png HTTP/1.1[0m" 304 -
127.0.0.1 - - [29/Jun/2021 01:07:24] "[36mGET /static/images/refrigerators/botton-freezer.png HTTP/1.1[0m" 304 -
127.0.0.1 - - [29/Jun/2021 01:07:24] "[36mGET /static/images/refrigerators/top-fridge.png HTTP/1.1[0m" 304 -
127.0.0.1 - - [29/Jun/2021 01:07:24] "[36mGET /static/images/refrigerators/freezerless-fridge.jpg HTTP/1.1[0m" 304 -
127.0.0.1 - - [29/Jun/2021 01:07:24] "[36mGET /static/images/refrigerators/upright-freezer.png HTTP/1.1[0m" 304 -
127.0.0.1 - - [29/Jun/2021 01:07:24] "[36mGET /static/images/black.png HTTP/1.1[0m" 304 -
127.0.0.1 - - [29/Jun/2021 01:07:24] "[36mGET /static/images/refrigerators/mini-fridge.jpg HTTP/1.1[0m" 304 -
127.0.0.1 - - [29/Jun/2021 01:07:24] "[36mGET /static/images/stainless_steel.jpg HTTP/1.1[0m" 304 -
127.0.0.1 - - [29/Jun/2021 01:07:24] "[36mGET /static/images/refrigerators/chest-freezer.png HTTP/1.1[0m" 304 -
127.0.0.1 - - [29/Jun/2021 01:07:24] "[36mGET /static/images/white.png HTTP/1.1[0m" 304 -
127.0.0.1 - - [29/Jun/2021 01:07:24] "GET /appliances/refrigerators HTTP/1.1" 200 -
127.0.0.1 - - [29/Jun/2021 01:07:24] "[33mGET /robots.txt?1624943244776 HTTP/1.1[0m" 404 -
127.0.0.1 - - [29/Jun/2021 01:07:24] "[36mGET /static/css/styles.css HTTP/1.1[0m" 304 -
127.0.0.1 - - [29/Jun/2021 01:07:24] "[36mGET /static/images/logo.svg HTTP/1.1[0m" 304 -
127.0.0.1 - - [29/Jun/2021 01:07:24] "[36mGET /static/images/refrigerators/french-door.png HTTP/1.1[0m" 304 -
127.0.0.1 - - [29/Jun/2021 01:07:24] "[36mGET /static/images/refrigerators/side-by-side.png HTTP/1.1[0m" 304 -
127.0.0.1 - - [29/Jun/2021 01:07:24] "[36mGET /static/images/refrigerators/botton-freezer.png HTTP/1.1[0m" 304 -
127.0.0.1 - - [29/Jun/2021 01:07:24] "[36mGET /static/images/refrigerators/top-fridge.png HTTP/1.1[0m" 304 -
127.0.0.1 - - [29/Jun/2021 01:07:24] "[36mGET /static/images/refrigerators/freezerless-fridge.jpg HTTP/1.1[0m" 304 -
127.0.0.1 - - [29/Jun/2021 01:07:24] "[36mGET /static/images/refrigerators/upright-freezer.png HTTP/1.1[0m" 304 -
127.0.0.1 - - [29/Jun/2021 01:07:24] "[36mGET /static/images/refrigerators/chest-freezer.png HTTP/1.1[0m" 304 -
127.0.0.1 - - [29/Jun/2021 01:07:24] "[36mGET /static/images/refrigerators/mini-fridge.jpg HTTP/1.1[0m" 304 -
127.0.0.1 - - [29/Jun/2021 01:07:24] "[36mGET /static/images/stainless_steel.jpg HTTP/1.1[0m" 304 -
127.0.0.1 - - [29/Jun/2021 01:07:24] "[36mGET /static/images/black.png HTTP/1.1[0m" 304 -
127.0.0.1 - - [29/Jun/2021 01:07:24] "[36mGET /static/images/white.png HTTP/1.1[0m" 304 -
127.0.0.1 - - [29/Jun/2021 01:07:24] "GET /appliances/refrigerators HTTP/1.1" 200 -
127.0.0.1 - - [29/Jun/2021 01:07:25] "[33mGET /robots.txt?1624943245017 HTTP/1.1[0m" 404 -
127.0.0.1 - - [29/Jun/2021 01:07:25] "[36mGET /static/css/styles.css HTTP/1.1[0m" 304 -
127.0.0.1 - - [29/Jun/2021 01:07:25] "[36mGET /static/images/logo.svg HTTP/1.1[0m" 304 -
127.0.0.1 - - [29/Jun/2021 01:07:25] "[36mGET /static/images/refrigerators/french-door.png HTTP/1.1[0m" 304 -
127.0.0.1 - - [29/Jun/2021 01:07:25] "[36mGET /static/images/refrigerators/side-by-side.png HTTP/1.1[0m" 304 -
127.0.0.1 - - [29/Jun/2021 01:07:25] "[36mGET /static/images/refrigerators/botton-freezer.png HTTP/1.1[0m" 304 -
127.0.0.1 - - [29/Jun/2021 01:07:25] "[36mGET /static/images/refrigerators/top-fridge.png HTTP/1.1[0m" 304 -
127.0.0.1 - - [29/Jun/2021 01:07:25] "[36mGET /static/images/refrigerators/freezerless-fridge.jpg HTTP/1.1[0m" 304 -
127.0.0.1 - - [29/Jun/2021 01:07:25] "[36mGET /static/images/refrigerators/upright-freezer.png HTTP/1.1[0m" 304 -
127.0.0.1 - - [29/Jun/2021 01:07:25] "[36mGET /static/images/black.png HTTP/1.1[0m" 304 -
127.0.0.1 - - [29/Jun/2021 01:07:25] "[36mGET /static/images/stainless_steel.jpg HTTP/1.1[0m" 304 -
127.0.0.1 - - [29/Jun/2021 01:07:25] "[36mGET /static/images/refrigerators/mini-fridge.jpg HTTP/1.1[0m" 304 -
127.0.0.1 - - [29/Jun/2021 01:07:25] "[36mGET /static/images/refrigerators/chest-freezer.png HTTP/1.1[0m" 304 -
127.0.0.1 - - [29/Jun/2021 01:07:25] "[36mGET /static/images/white.png HTTP/1.1[0m" 304 -
127.0.0.1 - - [29/Jun/2021 01:07:55] "GET /appliances/refrigerators HTTP/1.1" 200 -
127.0.0.1 - - [29/Jun/2021 01:07:55] "[33mGET /robots.txt?1624943275314 HTTP/1.1[0m" 404 -
127.0.0.1 - - [29/Jun/2021 01:07:55] "[36mGET /static/css/styles.css HTTP/1.1[0m" 304 -
127.0.0.1 - - [29/Jun/2021 01:07:55] "[36mGET /static/images/logo.svg HTTP/1.1[0m" 304 -
127.0.0.1 - - [29/Jun/2021 01:07:55] "[36mGET /static/images/refrigerators/french-door.png HTTP/1.1[0m" 304 -
127.0.0.1 - - [29/Jun/2021 01:07:55] "[36mGET /static/images/refrigerators/side-by-side.png HTTP/1.1[0m" 304 -
127.0.0.1 - - [29/Jun/2021 01:07:55] "[36mGET /static/images/refrigerators/botton-freezer.png HTTP/1.1[0m" 304 -
127.0.0.1 - - [29/Jun/2021 01:07:55] "[36mGET /static/images/refrigerators/top-fridge.png HTTP/1.1[0m" 304 -
127.0.0.1 - - [29/Jun/2021 01:07:55] "[36mGET /static/images/refrigerators/freezerless-fridge.jpg HTTP/1.1[0m" 304 -
127.0.0.1 - - [29/Jun/2021 01:07:55] "[36mGET /static/images/refrigerators/upright-freezer.png HTTP/1.1[0m" 304 -
127.0.0.1 - - [29/Jun/2021 01:07:55] "[36mGET /static/images/refrigerators/chest-freezer.png HTTP/1.1[0m" 304 -
127.0.0.1 - - [29/Jun/2021 01:07:55] "[36mGET /static/images/refrigerators/mini-fridge.jpg HTTP/1.1[0m" 304 -
127.0.0.1 - - [29/Jun/2021 01:07:55] "[36mGET /static/images/stainless_steel.jpg HTTP/1.1[0m" 304 -
127.0.0.1 - - [29/Jun/2021 01:07:55] "[36mGET /static/images/black.png HTTP/1.1[0m" 304 -
127.0.0.1 - - [29/Jun/2021 01:07:55] "[36mGET /static/images/white.png HTTP/1.1[0m" 304 -
127.0.0.1 - - [29/Jun/2021 01:08:01] "GET /appliances/refrigerators HTTP/1.1" 200 -
127.0.0.1 - - [29/Jun/2021 01:08:01] "[33mGET /robots.txt?1624943281429 HTTP/1.1[0m" 404 -
127.0.0.1 - - [29/Jun/2021 01:08:01] "[36mGET /static/css/styles.css HTTP/1.1[0m" 304 -
127.0.0.1 - - [29/Jun/2021 01:08:01] "[36mGET /static/images/logo.svg HTTP/1.1[0m" 304 -
127.0.0.1 - - [29/Jun/2021 01:08:01] "[36mGET /static/images/refrigerators/french-door.png HTTP/1.1[0m" 304 -
127.0.0.1 - - [29/Jun/2021 01:08:01] "[36mGET /static/images/refrigerators/side-by-side.png HTTP/1.1[0m" 304 -
127.0.0.1 - - [29/Jun/2021 01:08:01] "[36mGET /static/images/refrigerators/botton-freezer.png HTTP/1.1[0m" 304 -
127.0.0.1 - - [29/Jun/2021 01:08:01] "[36mGET /static/images/refrigerators/top-fridge.png HTTP/1.1[0m" 304 -
127.0.0.1 - - [29/Jun/2021 01:08:01] "[36mGET /static/images/refrigerators/freezerless-fridge.jpg HTTP/1.1[0m" 304 -
127.0.0.1 - - [29/Jun/2021 01:08:01] "[36mGET /static/images/refrigerators/upright-freezer.png HTTP/1.1[0m" 304 -
127.0.0.1 - - [29/Jun/2021 01:08:01] "[36mGET /static/images/black.png HTTP/1.1[0m" 304 -
127.0.0.1 - - [29/Jun/2021 01:08:01] "[36mGET /static/images/stainless_steel.jpg HTTP/1.1[0m" 304 -
127.0.0.1 - - [29/Jun/2021 01:08:01] "[36mGET /static/images/refrigerators/mini-fridge.jpg HTTP/1.1[0m" 304 -
127.0.0.1 - - [29/Jun/2021 01:08:01] "[36mGET /static/images/refrigerators/chest-freezer.png HTTP/1.1[0m" 304 -
127.0.0.1 - - [29/Jun/2021 01:08:01] "[36mGET /static/images/white.png HTTP/1.1[0m" 304 -
127.0.0.1 - - [29/Jun/2021 01:08:01] "GET /appliances/refrigerators HTTP/1.1" 200 -
127.0.0.1 - - [29/Jun/2021 01:08:01] "[33mGET /robots.txt?1624943281734 HTTP/1.1[0m" 404 -
127.0.0.1 - - [29/Jun/2021 01:08:01] "[36mGET /static/css/styles.css HTTP/1.1[0m" 304 -
127.0.0.1 - - [29/Jun/2021 01:08:01] "[36mGET /static/images/logo.svg HTTP/1.1[0m" 304 -
127.0.0.1 - - [29/Jun/2021 01:08:01] "[36mGET /static/images/refrigerators/french-door.png HTTP/1.1[0m" 304 -
127.0.0.1 - - [29/Jun/2021 01:08:01] "[36mGET /static/images/refrigerators/side-by-side.png HTTP/1.1[0m" 304 -
127.0.0.1 - - [29/Jun/2021 01:08:01] "[36mGET /static/images/refrigerators/botton-freezer.png HTTP/1.1[0m" 304 -
127.0.0.1 - - [29/Jun/2021 01:08:01] "[36mGET /static/images/refrigerators/top-fridge.png HTTP/1.1[0m" 304 -
127.0.0.1 - - [29/Jun/2021 01:08:01] "[36mGET /static/images/refrigerators/freezerless-fridge.jpg HTTP/1.1[0m" 304 -
127.0.0.1 - - [29/Jun/2021 01:08:01] "[36mGET /static/images/refrigerators/upright-freezer.png HTTP/1.1[0m" 304 -
127.0.0.1 - - [29/Jun/2021 01:08:01] "[36mGET /static/images/refrigerators/chest-freezer.png HTTP/1.1[0m" 304 -
127.0.0.1 - - [29/Jun/2021 01:08:01] "[36mGET /static/images/refrigerators/mini-fridge.jpg HTTP/1.1[0m" 304 -
127.0.0.1 - - [29/Jun/2021 01:08:01] "[36mGET /static/images/stainless_steel.jpg HTTP/1.1[0m" 304 -
127.0.0.1 - - [29/Jun/2021 01:08:01] "[36mGET /static/images/black.png HTTP/1.1[0m" 304 -
127.0.0.1 - - [29/Jun/2021 01:08:01] "[36mGET /static/images/white.png HTTP/1.1[0m" 304 -
127.0.0.1 - - [29/Jun/2021 01:08:01] "GET /appliances/refrigerators HTTP/1.1" 200 -
127.0.0.1 - - [29/Jun/2021 01:08:01] "[33mGET /robots.txt?1624943281954 HTTP/1.1[0m" 404 -
127.0.0.1 - - [29/Jun/2021 01:08:01] "[36mGET /static/css/styles.css HTTP/1.1[0m" 304 -
127.0.0.1 - - [29/Jun/2021 01:08:01] "[36mGET /static/images/logo.svg HTTP/1.1[0m" 304 -
127.0.0.1 - - [29/Jun/2021 01:08:02] "[36mGET /static/images/refrigerators/french-door.png HTTP/1.1[0m" 304 -
127.0.0.1 - - [29/Jun/2021 01:08:02] "[36mGET /static/images/refrigerators/side-by-side.png HTTP/1.1[0m" 304 -
127.0.0.1 - - [29/Jun/2021 01:08:02] "[36mGET /static/images/refrigerators/botton-freezer.png HTTP/1.1[0m" 304 -
127.0.0.1 - - [29/Jun/2021 01:08:02] "[36mGET /static/images/refrigerators/top-fridge.png HTTP/1.1[0m" 304 -
127.0.0.1 - - [29/Jun/2021 01:08:02] "[36mGET /static/images/refrigerators/freezerless-fridge.jpg HTTP/1.1[0m" 304 -
127.0.0.1 - - [29/Jun/2021 01:08:02] "[36mGET /static/images/refrigerators/upright-freezer.png HTTP/1.1[0m" 304 -
127.0.0.1 - - [29/Jun/2021 01:08:02] "[36mGET /static/images/refrigerators/chest-freezer.png HTTP/1.1[0m" 304 -
127.0.0.1 - - [29/Jun/2021 01:08:02] "[36mGET /static/images/black.png HTTP/1.1[0m" 304 -
127.0.0.1 - - [29/Jun/2021 01:08:02] "[36mGET /static/images/refrigerators/mini-fridge.jpg HTTP/1.1[0m" 304 -
127.0.0.1 - - [29/Jun/2021 01:08:02] "[36mGET /static/images/stainless_steel.jpg HTTP/1.1[0m" 304 -
127.0.0.1 - - [29/Jun/2021 01:08:02] "[36mGET /static/images/white.png HTTP/1.1[0m" 304 -
127.0.0.1 - - [29/Jun/2021 01:08:10] "POST /appliances/refrigerators HTTP/1.1" 200 -
127.0.0.1 - - [29/Jun/2021 01:08:10] "[33mGET /robots.txt?1624943290931 HTTP/1.1[0m" 404 -
127.0.0.1 - - [29/Jun/2021 01:08:10] "[36mGET /static/css/styles.css HTTP/1.1[0m" 304 -
127.0.0.1 - - [29/Jun/2021 01:08:10] "[36mGET /static/images/logo.svg HTTP/1.1[0m" 304 -
127.0.0.1 - - [29/Jun/2021 01:08:11] "[36mGET /static/images/refrigerators/french-door.png HTTP/1.1[0m" 304 -
127.0.0.1 - - [29/Jun/2021 01:08:12] "GET /appliances/refrigerators HTTP/1.1" 200 -
127.0.0.1 - - [29/Jun/2021 01:08:12] "[33mGET /robots.txt?1624943292278 HTTP/1.1[0m" 404 -
127.0.0.1 - - [29/Jun/2021 01:08:18] "POST /appliances/refrigerators HTTP/1.1" 200 -
127.0.0.1 - - [29/Jun/2021 01:08:18] "[33mGET /robots.txt?1624943298353 HTTP/1.1[0m" 404 -
127.0.0.1 - - [29/Jun/2021 01:08:18] "[36mGET /static/css/styles.css HTTP/1.1[0m" 304 -
127.0.0.1 - - [29/Jun/2021 01:08:18] "[36mGET /static/images/logo.svg HTTP/1.1[0m" 304 -
127.0.0.1 - - [29/Jun/2021 01:08:18] "[36mGET /static/images/refrigerators/french-door.png HTTP/1.1[0m" 304 -
127.0.0.1 - - [29/Jun/2021 01:08:19] "GET /appliances/refrigerators HTTP/1.1" 200 -
127.0.0.1 - - [29/Jun/2021 01:08:19] "[33mGET /robots.txt?1624943299650 HTTP/1.1[0m" 404 -
127.0.0.1 - - [29/Jun/2021 01:08:26] "POST /appliances/refrigerators HTTP/1.1" 200 -
127.0.0.1 - - [29/Jun/2021 01:08:26] "[33mGET /robots.txt?1624943306619 HTTP/1.1[0m" 404 -
127.0.0.1 - - [29/Jun/2021 01:08:26] "[36mGET /static/css/styles.css HTTP/1.1[0m" 304 -
127.0.0.1 - - [29/Jun/2021 01:08:26] "[36mGET /static/images/logo.svg HTTP/1.1[0m" 304 -
127.0.0.1 - - [29/Jun/2021 01:08:26] "[36mGET /static/images/refrigerators/french-door.png HTTP/1.1[0m" 304 -
 * Detected change in 'C:\\Users\\ricar\\Desktop\\hd_scraper\\app.py', reloading
 * Debugger is active!
 * Debugger PIN: 606-389-275
 * Running on http://127.0.0.1:5000/ (Press CTRL+C to quit)
127.0.0.1 - - [29/Jun/2021 01:08:56] "GET /appliances/refrigerators HTTP/1.1" 200 -
127.0.0.1 - - [29/Jun/2021 01:08:56] "[33mGET /robots.txt?1624943336858 HTTP/1.1[0m" 404 -
127.0.0.1 - - [29/Jun/2021 01:08:57] "[36mGET /static/css/styles.css HTTP/1.1[0m" 304 -
127.0.0.1 - - [29/Jun/2021 01:08:57] "[36mGET /static/images/logo.svg HTTP/1.1[0m" 304 -
127.0.0.1 - - [29/Jun/2021 01:08:57] "[36mGET /static/images/refrigerators/side-by-side.png HTTP/1.1[0m" 304 -
127.0.0.1 - - [29/Jun/2021 01:08:57] "[36mGET /static/images/refrigerators/botton-freezer.png HTTP/1.1[0m" 304 -
127.0.0.1 - - [29/Jun/2021 01:08:57] "[36mGET /static/images/refrigerators/top-fridge.png HTTP/1.1[0m" 304 -
127.0.0.1 - - [29/Jun/2021 01:08:57] "[36mGET /static/images/refrigerators/freezerless-fridge.jpg HTTP/1.1[0m" 304 -
127.0.0.1 - - [29/Jun/2021 01:08:57] "[36mGET /static/images/refrigerators/upright-freezer.png HTTP/1.1[0m" 304 -
127.0.0.1 - - [29/Jun/2021 01:08:57] "[36mGET /static/images/refrigerators/chest-freezer.png HTTP/1.1[0m" 304 -
127.0.0.1 - - [29/Jun/2021 01:08:57] "[36mGET /static/images/refrigerators/french-door.png HTTP/1.1[0m" 304 -
127.0.0.1 - - [29/Jun/2021 01:08:57] "[36mGET /static/images/refrigerators/mini-fridge.jpg HTTP/1.1[0m" 304 -
127.0.0.1 - - [29/Jun/2021 01:08:57] "[36mGET /static/images/stainless_steel.jpg HTTP/1.1[0m" 304 -
127.0.0.1 - - [29/Jun/2021 01:08:57] "[36mGET /static/images/black.png HTTP/1.1[0m" 304 -
127.0.0.1 - - [29/Jun/2021 01:08:57] "[36mGET /static/images/white.png HTTP/1.1[0m" 304 -
127.0.0.1 - - [29/Jun/2021 01:09:27] "GET /appliances/refrigerators HTTP/1.1" 200 -
127.0.0.1 - - [29/Jun/2021 01:09:27] "[33mGET /robots.txt?1624943367444 HTTP/1.1[0m" 404 -
127.0.0.1 - - [29/Jun/2021 01:09:27] "[36mGET /static/css/styles.css HTTP/1.1[0m" 304 -
127.0.0.1 - - [29/Jun/2021 01:09:27] "[36mGET /static/images/logo.svg HTTP/1.1[0m" 304 -
127.0.0.1 - - [29/Jun/2021 01:09:27] "[36mGET /static/images/refrigerators/french-door.png HTTP/1.1[0m" 304 -
127.0.0.1 - - [29/Jun/2021 01:09:27] "[36mGET /static/images/refrigerators/side-by-side.png HTTP/1.1[0m" 304 -
127.0.0.1 - - [29/Jun/2021 01:09:27] "[36mGET /static/images/refrigerators/botton-freezer.png HTTP/1.1[0m" 304 -
127.0.0.1 - - [29/Jun/2021 01:09:27] "[36mGET /static/images/refrigerators/top-fridge.png HTTP/1.1[0m" 304 -
127.0.0.1 - - [29/Jun/2021 01:09:27] "[36mGET /static/images/refrigerators/freezerless-fridge.jpg HTTP/1.1[0m" 304 -
127.0.0.1 - - [29/Jun/2021 01:09:27] "[36mGET /static/images/refrigerators/upright-freezer.png HTTP/1.1[0m" 304 -
127.0.0.1 - - [29/Jun/2021 01:09:27] "[36mGET /static/images/refrigerators/chest-freezer.png HTTP/1.1[0m" 304 -
127.0.0.1 - - [29/Jun/2021 01:09:27] "[36mGET /static/images/refrigerators/mini-fridge.jpg HTTP/1.1[0m" 304 -
127.0.0.1 - - [29/Jun/2021 01:09:27] "[36mGET /static/images/stainless_steel.jpg HTTP/1.1[0m" 304 -
127.0.0.1 - - [29/Jun/2021 01:09:27] "[36mGET /static/images/black.png HTTP/1.1[0m" 304 -
127.0.0.1 - - [29/Jun/2021 01:09:27] "[36mGET /static/images/white.png HTTP/1.1[0m" 304 -
127.0.0.1 - - [29/Jun/2021 01:09:57] "GET /appliances/refrigerators HTTP/1.1" 200 -
127.0.0.1 - - [29/Jun/2021 01:09:57] "[33mGET /robots.txt?1624943397686 HTTP/1.1[0m" 404 -
127.0.0.1 - - [29/Jun/2021 01:09:57] "[36mGET /static/css/styles.css HTTP/1.1[0m" 304 -
127.0.0.1 - - [29/Jun/2021 01:09:57] "[36mGET /static/images/logo.svg HTTP/1.1[0m" 304 -
127.0.0.1 - - [29/Jun/2021 01:09:57] "[36mGET /static/images/refrigerators/french-door.png HTTP/1.1[0m" 304 -
127.0.0.1 - - [29/Jun/2021 01:09:57] "[36mGET /static/images/refrigerators/side-by-side.png HTTP/1.1[0m" 304 -
127.0.0.1 - - [29/Jun/2021 01:09:57] "[36mGET /static/images/refrigerators/botton-freezer.png HTTP/1.1[0m" 304 -
127.0.0.1 - - [29/Jun/2021 01:09:57] "[36mGET /static/images/refrigerators/top-fridge.png HTTP/1.1[0m" 304 -
127.0.0.1 - - [29/Jun/2021 01:09:57] "[36mGET /static/images/refrigerators/freezerless-fridge.jpg HTTP/1.1[0m" 304 -
127.0.0.1 - - [29/Jun/2021 01:09:57] "[36mGET /static/images/refrigerators/upright-freezer.png HTTP/1.1[0m" 304 -
127.0.0.1 - - [29/Jun/2021 01:09:57] "[36mGET /static/images/refrigerators/chest-freezer.png HTTP/1.1[0m" 304 -
127.0.0.1 - - [29/Jun/2021 01:09:57] "[36mGET /static/images/stainless_steel.jpg HTTP/1.1[0m" 304 -
127.0.0.1 - - [29/Jun/2021 01:09:57] "[36mGET /static/images/refrigerators/mini-fridge.jpg HTTP/1.1[0m" 304 -
127.0.0.1 - - [29/Jun/2021 01:09:57] "[36mGET /static/images/black.png HTTP/1.1[0m" 304 -
127.0.0.1 - - [29/Jun/2021 01:09:57] "[36mGET /static/images/white.png HTTP/1.1[0m" 304 -
127.0.0.1 - - [29/Jun/2021 01:09:59] "GET /appliances/refrigerators HTTP/1.1" 200 -
127.0.0.1 - - [29/Jun/2021 01:09:59] "[33mGET /robots.txt?1624943399042 HTTP/1.1[0m" 404 -
127.0.0.1 - - [29/Jun/2021 01:09:59] "[36mGET /static/css/styles.css HTTP/1.1[0m" 304 -
127.0.0.1 - - [29/Jun/2021 01:09:59] "[36mGET /static/images/logo.svg HTTP/1.1[0m" 304 -
127.0.0.1 - - [29/Jun/2021 01:09:59] "[36mGET /static/images/refrigerators/french-door.png HTTP/1.1[0m" 304 -
127.0.0.1 - - [29/Jun/2021 01:09:59] "[36mGET /static/images/refrigerators/botton-freezer.png HTTP/1.1[0m" 304 -
127.0.0.1 - - [29/Jun/2021 01:09:59] "[36mGET /static/images/refrigerators/side-by-side.png HTTP/1.1[0m" 304 -
127.0.0.1 - - [29/Jun/2021 01:09:59] "[36mGET /static/images/refrigerators/top-fridge.png HTTP/1.1[0m" 304 -
127.0.0.1 - - [29/Jun/2021 01:09:59] "[36mGET /static/images/refrigerators/freezerless-fridge.jpg HTTP/1.1[0m" 304 -
127.0.0.1 - - [29/Jun/2021 01:09:59] "[36mGET /static/images/refrigerators/upright-freezer.png HTTP/1.1[0m" 304 -
127.0.0.1 - - [29/Jun/2021 01:09:59] "[36mGET /static/images/stainless_steel.jpg HTTP/1.1[0m" 304 -
127.0.0.1 - - [29/Jun/2021 01:09:59] "[36mGET /static/images/refrigerators/mini-fridge.jpg HTTP/1.1[0m" 304 -
127.0.0.1 - - [29/Jun/2021 01:09:59] "[36mGET /static/images/black.png HTTP/1.1[0m" 304 -
127.0.0.1 - - [29/Jun/2021 01:09:59] "[36mGET /static/images/refrigerators/chest-freezer.png HTTP/1.1[0m" 304 -
127.0.0.1 - - [29/Jun/2021 01:09:59] "[36mGET /static/images/white.png HTTP/1.1[0m" 304 -
127.0.0.1 - - [29/Jun/2021 01:10:04] "POST /appliances/refrigerators HTTP/1.1" 200 -
127.0.0.1 - - [29/Jun/2021 01:10:04] "[33mGET /robots.txt?1624943404933 HTTP/1.1[0m" 404 -
127.0.0.1 - - [29/Jun/2021 01:10:04] "[36mGET /static/css/styles.css HTTP/1.1[0m" 304 -
127.0.0.1 - - [29/Jun/2021 01:10:04] "[36mGET /static/images/logo.svg HTTP/1.1[0m" 304 -
127.0.0.1 - - [29/Jun/2021 01:10:05] "[36mGET /static/images/refrigerators/french-door.png HTTP/1.1[0m" 304 -
127.0.0.1 - - [29/Jun/2021 01:10:07] "GET /appliances/refrigerators HTTP/1.1" 200 -
127.0.0.1 - - [29/Jun/2021 01:10:07] "[33mGET /robots.txt?1624943407123 HTTP/1.1[0m" 404 -
127.0.0.1 - - [29/Jun/2021 01:10:37] "GET /appliances/refrigerators HTTP/1.1" 200 -
127.0.0.1 - - [29/Jun/2021 01:10:37] "[33mGET /robots.txt?1624943437310 HTTP/1.1[0m" 404 -
127.0.0.1 - - [29/Jun/2021 01:10:37] "[36mGET /static/css/styles.css HTTP/1.1[0m" 304 -
127.0.0.1 - - [29/Jun/2021 01:10:37] "[36mGET /static/images/logo.svg HTTP/1.1[0m" 304 -
127.0.0.1 - - [29/Jun/2021 01:10:37] "[36mGET /static/images/refrigerators/french-door.png HTTP/1.1[0m" 304 -
127.0.0.1 - - [29/Jun/2021 01:10:37] "[36mGET /static/images/refrigerators/side-by-side.png HTTP/1.1[0m" 304 -
127.0.0.1 - - [29/Jun/2021 01:10:37] "[36mGET /static/images/refrigerators/botton-freezer.png HTTP/1.1[0m" 304 -
127.0.0.1 - - [29/Jun/2021 01:10:37] "[36mGET /static/images/refrigerators/top-fridge.png HTTP/1.1[0m" 304 -
127.0.0.1 - - [29/Jun/2021 01:10:37] "[36mGET /static/images/refrigerators/freezerless-fridge.jpg HTTP/1.1[0m" 304 -
127.0.0.1 - - [29/Jun/2021 01:10:37] "[36mGET /static/images/refrigerators/upright-freezer.png HTTP/1.1[0m" 304 -
127.0.0.1 - - [29/Jun/2021 01:10:37] "[36mGET /static/images/refrigerators/chest-freezer.png HTTP/1.1[0m" 304 -
127.0.0.1 - - [29/Jun/2021 01:10:37] "[36mGET /static/images/refrigerators/mini-fridge.jpg HTTP/1.1[0m" 304 -
127.0.0.1 - - [29/Jun/2021 01:10:37] "[36mGET /static/images/stainless_steel.jpg HTTP/1.1[0m" 304 -
127.0.0.1 - - [29/Jun/2021 01:10:37] "[36mGET /static/images/black.png HTTP/1.1[0m" 304 -
127.0.0.1 - - [29/Jun/2021 01:10:37] "[36mGET /static/images/white.png HTTP/1.1[0m" 304 -
127.0.0.1 - - [29/Jun/2021 01:11:07] "GET /appliances/refrigerators HTTP/1.1" 200 -
127.0.0.1 - - [29/Jun/2021 01:11:07] "[33mGET /robots.txt?1624943467588 HTTP/1.1[0m" 404 -
127.0.0.1 - - [29/Jun/2021 01:11:07] "[36mGET /static/css/styles.css HTTP/1.1[0m" 304 -
127.0.0.1 - - [29/Jun/2021 01:11:07] "[36mGET /static/images/logo.svg HTTP/1.1[0m" 304 -
127.0.0.1 - - [29/Jun/2021 01:11:07] "[36mGET /static/images/refrigerators/french-door.png HTTP/1.1[0m" 304 -
127.0.0.1 - - [29/Jun/2021 01:11:07] "[36mGET /static/images/refrigerators/side-by-side.png HTTP/1.1[0m" 304 -
127.0.0.1 - - [29/Jun/2021 01:11:07] "[36mGET /static/images/refrigerators/botton-freezer.png HTTP/1.1[0m" 304 -
127.0.0.1 - - [29/Jun/2021 01:11:07] "[36mGET /static/images/refrigerators/top-fridge.png HTTP/1.1[0m" 304 -
127.0.0.1 - - [29/Jun/2021 01:11:07] "[36mGET /static/images/refrigerators/freezerless-fridge.jpg HTTP/1.1[0m" 304 -
127.0.0.1 - - [29/Jun/2021 01:11:07] "[36mGET /static/images/refrigerators/upright-freezer.png HTTP/1.1[0m" 304 -
127.0.0.1 - - [29/Jun/2021 01:11:07] "[36mGET /static/images/refrigerators/chest-freezer.png HTTP/1.1[0m" 304 -
127.0.0.1 - - [29/Jun/2021 01:11:07] "[36mGET /static/images/refrigerators/mini-fridge.jpg HTTP/1.1[0m" 304 -
127.0.0.1 - - [29/Jun/2021 01:11:07] "[36mGET /static/images/stainless_steel.jpg HTTP/1.1[0m" 304 -
127.0.0.1 - - [29/Jun/2021 01:11:07] "[36mGET /static/images/black.png HTTP/1.1[0m" 304 -
127.0.0.1 - - [29/Jun/2021 01:11:07] "[36mGET /static/images/white.png HTTP/1.1[0m" 304 -
127.0.0.1 - - [29/Jun/2021 01:11:37] "GET /appliances/refrigerators HTTP/1.1" 200 -
127.0.0.1 - - [29/Jun/2021 01:11:37] "[33mGET /robots.txt?1624943497823 HTTP/1.1[0m" 404 -
127.0.0.1 - - [29/Jun/2021 01:11:37] "[36mGET /static/css/styles.css HTTP/1.1[0m" 304 -
127.0.0.1 - - [29/Jun/2021 01:11:37] "[36mGET /static/images/logo.svg HTTP/1.1[0m" 304 -
127.0.0.1 - - [29/Jun/2021 01:11:37] "[36mGET /static/images/refrigerators/french-door.png HTTP/1.1[0m" 304 -
127.0.0.1 - - [29/Jun/2021 01:11:37] "[36mGET /static/images/refrigerators/side-by-side.png HTTP/1.1[0m" 304 -
127.0.0.1 - - [29/Jun/2021 01:11:37] "[36mGET /static/images/refrigerators/botton-freezer.png HTTP/1.1[0m" 304 -
127.0.0.1 - - [29/Jun/2021 01:11:37] "[36mGET /static/images/refrigerators/top-fridge.png HTTP/1.1[0m" 304 -
127.0.0.1 - - [29/Jun/2021 01:11:37] "[36mGET /static/images/refrigerators/freezerless-fridge.jpg HTTP/1.1[0m" 304 -
127.0.0.1 - - [29/Jun/2021 01:11:37] "[36mGET /static/images/refrigerators/upright-freezer.png HTTP/1.1[0m" 304 -
127.0.0.1 - - [29/Jun/2021 01:11:37] "[36mGET /static/images/refrigerators/chest-freezer.png HTTP/1.1[0m" 304 -
127.0.0.1 - - [29/Jun/2021 01:11:37] "[36mGET /static/images/refrigerators/mini-fridge.jpg HTTP/1.1[0m" 304 -
127.0.0.1 - - [29/Jun/2021 01:11:37] "[36mGET /static/images/black.png HTTP/1.1[0m" 304 -
127.0.0.1 - - [29/Jun/2021 01:11:37] "[36mGET /static/images/stainless_steel.jpg HTTP/1.1[0m" 304 -
127.0.0.1 - - [29/Jun/2021 01:11:37] "[36mGET /static/images/white.png HTTP/1.1[0m" 304 -
127.0.0.1 - - [29/Jun/2021 01:12:08] "GET /appliances/refrigerators HTTP/1.1" 200 -
127.0.0.1 - - [29/Jun/2021 01:12:08] "[33mGET /robots.txt?1624943528048 HTTP/1.1[0m" 404 -
127.0.0.1 - - [29/Jun/2021 01:12:08] "[36mGET /static/css/styles.css HTTP/1.1[0m" 304 -
127.0.0.1 - - [29/Jun/2021 01:12:08] "[36mGET /static/images/logo.svg HTTP/1.1[0m" 304 -
127.0.0.1 - - [29/Jun/2021 01:12:08] "[36mGET /static/images/refrigerators/french-door.png HTTP/1.1[0m" 304 -
127.0.0.1 - - [29/Jun/2021 01:12:08] "[36mGET /static/images/refrigerators/side-by-side.png HTTP/1.1[0m" 304 -
127.0.0.1 - - [29/Jun/2021 01:12:08] "[36mGET /static/images/refrigerators/botton-freezer.png HTTP/1.1[0m" 304 -
127.0.0.1 - - [29/Jun/2021 01:12:08] "[36mGET /static/images/refrigerators/top-fridge.png HTTP/1.1[0m" 304 -
127.0.0.1 - - [29/Jun/2021 01:12:08] "[36mGET /static/images/refrigerators/freezerless-fridge.jpg HTTP/1.1[0m" 304 -
127.0.0.1 - - [29/Jun/2021 01:12:08] "[36mGET /static/images/refrigerators/upright-freezer.png HTTP/1.1[0m" 304 -
127.0.0.1 - - [29/Jun/2021 01:12:08] "[36mGET /static/images/refrigerators/chest-freezer.png HTTP/1.1[0m" 304 -
127.0.0.1 - - [29/Jun/2021 01:12:08] "[36mGET /static/images/refrigerators/mini-fridge.jpg HTTP/1.1[0m" 304 -
127.0.0.1 - - [29/Jun/2021 01:12:08] "[36mGET /static/images/stainless_steel.jpg HTTP/1.1[0m" 304 -
127.0.0.1 - - [29/Jun/2021 01:12:08] "[36mGET /static/images/black.png HTTP/1.1[0m" 304 -
127.0.0.1 - - [29/Jun/2021 01:12:08] "[36mGET /static/images/white.png HTTP/1.1[0m" 304 -
127.0.0.1 - - [29/Jun/2021 01:12:38] "GET /appliances/refrigerators HTTP/1.1" 200 -
127.0.0.1 - - [29/Jun/2021 01:12:38] "[33mGET /robots.txt?1624943558295 HTTP/1.1[0m" 404 -
127.0.0.1 - - [29/Jun/2021 01:12:38] "[36mGET /static/css/styles.css HTTP/1.1[0m" 304 -
127.0.0.1 - - [29/Jun/2021 01:12:38] "[36mGET /static/images/logo.svg HTTP/1.1[0m" 304 -
127.0.0.1 - - [29/Jun/2021 01:12:38] "[36mGET /static/images/refrigerators/french-door.png HTTP/1.1[0m" 304 -
127.0.0.1 - - [29/Jun/2021 01:12:38] "[36mGET /static/images/refrigerators/side-by-side.png HTTP/1.1[0m" 304 -
127.0.0.1 - - [29/Jun/2021 01:12:38] "[36mGET /static/images/refrigerators/botton-freezer.png HTTP/1.1[0m" 304 -
127.0.0.1 - - [29/Jun/2021 01:12:38] "[36mGET /static/images/refrigerators/top-fridge.png HTTP/1.1[0m" 304 -
127.0.0.1 - - [29/Jun/2021 01:12:38] "[36mGET /static/images/refrigerators/freezerless-fridge.jpg HTTP/1.1[0m" 304 -
127.0.0.1 - - [29/Jun/2021 01:12:38] "[36mGET /static/images/refrigerators/chest-freezer.png HTTP/1.1[0m" 304 -
127.0.0.1 - - [29/Jun/2021 01:12:38] "[36mGET /static/images/refrigerators/upright-freezer.png HTTP/1.1[0m" 304 -
127.0.0.1 - - [29/Jun/2021 01:12:38] "[36mGET /static/images/refrigerators/mini-fridge.jpg HTTP/1.1[0m" 304 -
127.0.0.1 - - [29/Jun/2021 01:12:38] "[36mGET /static/images/stainless_steel.jpg HTTP/1.1[0m" 304 -
127.0.0.1 - - [29/Jun/2021 01:12:38] "[36mGET /static/images/black.png HTTP/1.1[0m" 304 -
127.0.0.1 - - [29/Jun/2021 01:12:38] "[36mGET /static/images/white.png HTTP/1.1[0m" 304 -
127.0.0.1 - - [29/Jun/2021 01:13:08] "GET /appliances/refrigerators HTTP/1.1" 200 -
127.0.0.1 - - [29/Jun/2021 01:13:08] "[33mGET /robots.txt?1624943588538 HTTP/1.1[0m" 404 -
127.0.0.1 - - [29/Jun/2021 01:13:08] "[36mGET /static/css/styles.css HTTP/1.1[0m" 304 -
127.0.0.1 - - [29/Jun/2021 01:13:08] "[36mGET /static/images/logo.svg HTTP/1.1[0m" 304 -
127.0.0.1 - - [29/Jun/2021 01:13:08] "[36mGET /static/images/refrigerators/french-door.png HTTP/1.1[0m" 304 -
127.0.0.1 - - [29/Jun/2021 01:13:08] "[36mGET /static/images/refrigerators/side-by-side.png HTTP/1.1[0m" 304 -
127.0.0.1 - - [29/Jun/2021 01:13:08] "[36mGET /static/images/refrigerators/botton-freezer.png HTTP/1.1[0m" 304 -
127.0.0.1 - - [29/Jun/2021 01:13:08] "[36mGET /static/images/refrigerators/top-fridge.png HTTP/1.1[0m" 304 -
127.0.0.1 - - [29/Jun/2021 01:13:08] "[36mGET /static/images/refrigerators/freezerless-fridge.jpg HTTP/1.1[0m" 304 -
127.0.0.1 - - [29/Jun/2021 01:13:08] "[36mGET /static/images/refrigerators/upright-freezer.png HTTP/1.1[0m" 304 -
127.0.0.1 - - [29/Jun/2021 01:13:08] "[36mGET /static/images/refrigerators/chest-freezer.png HTTP/1.1[0m" 304 -
127.0.0.1 - - [29/Jun/2021 01:13:08] "[36mGET /static/images/refrigerators/mini-fridge.jpg HTTP/1.1[0m" 304 -
127.0.0.1 - - [29/Jun/2021 01:13:08] "[36mGET /static/images/stainless_steel.jpg HTTP/1.1[0m" 304 -
127.0.0.1 - - [29/Jun/2021 01:13:08] "[36mGET /static/images/black.png HTTP/1.1[0m" 304 -
127.0.0.1 - - [29/Jun/2021 01:13:08] "[36mGET /static/images/white.png HTTP/1.1[0m" 304 -
127.0.0.1 - - [29/Jun/2021 01:13:38] "GET /appliances/refrigerators HTTP/1.1" 200 -
127.0.0.1 - - [29/Jun/2021 01:13:38] "[33mGET /robots.txt?1624943618742 HTTP/1.1[0m" 404 -
127.0.0.1 - - [29/Jun/2021 01:13:38] "[36mGET /static/css/styles.css HTTP/1.1[0m" 304 -
127.0.0.1 - - [29/Jun/2021 01:13:38] "[36mGET /static/images/logo.svg HTTP/1.1[0m" 304 -
127.0.0.1 - - [29/Jun/2021 01:13:38] "[36mGET /static/images/refrigerators/french-door.png HTTP/1.1[0m" 304 -
127.0.0.1 - - [29/Jun/2021 01:13:38] "[36mGET /static/images/refrigerators/side-by-side.png HTTP/1.1[0m" 304 -
127.0.0.1 - - [29/Jun/2021 01:13:38] "[36mGET /static/images/refrigerators/botton-freezer.png HTTP/1.1[0m" 304 -
127.0.0.1 - - [29/Jun/2021 01:13:38] "[36mGET /static/images/refrigerators/top-fridge.png HTTP/1.1[0m" 304 -
127.0.0.1 - - [29/Jun/2021 01:13:38] "[36mGET /static/images/refrigerators/freezerless-fridge.jpg HTTP/1.1[0m" 304 -
127.0.0.1 - - [29/Jun/2021 01:13:38] "[36mGET /static/images/refrigerators/upright-freezer.png HTTP/1.1[0m" 304 -
127.0.0.1 - - [29/Jun/2021 01:13:38] "[36mGET /static/images/refrigerators/chest-freezer.png HTTP/1.1[0m" 304 -
127.0.0.1 - - [29/Jun/2021 01:13:38] "[36mGET /static/images/refrigerators/mini-fridge.jpg HTTP/1.1[0m" 304 -
127.0.0.1 - - [29/Jun/2021 01:13:38] "[36mGET /static/images/stainless_steel.jpg HTTP/1.1[0m" 304 -
127.0.0.1 - - [29/Jun/2021 01:13:38] "[36mGET /static/images/black.png HTTP/1.1[0m" 304 -
127.0.0.1 - - [29/Jun/2021 01:13:38] "[36mGET /static/images/white.png HTTP/1.1[0m" 304 -
127.0.0.1 - - [29/Jun/2021 01:14:00] "GET /appliances/refrigerators HTTP/1.1" 200 -
127.0.0.1 - - [29/Jun/2021 01:14:00] "[33mGET /robots.txt?1624943640580 HTTP/1.1[0m" 404 -
127.0.0.1 - - [29/Jun/2021 01:14:00] "[36mGET /static/css/styles.css HTTP/1.1[0m" 304 -
127.0.0.1 - - [29/Jun/2021 01:14:00] "[36mGET /static/images/logo.svg HTTP/1.1[0m" 304 -
127.0.0.1 - - [29/Jun/2021 01:14:00] "[36mGET /static/images/refrigerators/french-door.png HTTP/1.1[0m" 304 -
127.0.0.1 - - [29/Jun/2021 01:14:00] "[36mGET /static/images/refrigerators/side-by-side.png HTTP/1.1[0m" 304 -
127.0.0.1 - - [29/Jun/2021 01:14:00] "[36mGET /static/images/refrigerators/botton-freezer.png HTTP/1.1[0m" 304 -
127.0.0.1 - - [29/Jun/2021 01:14:00] "[36mGET /static/images/refrigerators/top-fridge.png HTTP/1.1[0m" 304 -
127.0.0.1 - - [29/Jun/2021 01:14:00] "[36mGET /static/images/refrigerators/freezerless-fridge.jpg HTTP/1.1[0m" 304 -
127.0.0.1 - - [29/Jun/2021 01:14:00] "[36mGET /static/images/refrigerators/upright-freezer.png HTTP/1.1[0m" 304 -
127.0.0.1 - - [29/Jun/2021 01:14:00] "[36mGET /static/images/stainless_steel.jpg HTTP/1.1[0m" 304 -
127.0.0.1 - - [29/Jun/2021 01:14:00] "[36mGET /static/images/refrigerators/mini-fridge.jpg HTTP/1.1[0m" 304 -
127.0.0.1 - - [29/Jun/2021 01:14:00] "[36mGET /static/images/black.png HTTP/1.1[0m" 304 -
127.0.0.1 - - [29/Jun/2021 01:14:00] "[36mGET /static/images/refrigerators/chest-freezer.png HTTP/1.1[0m" 304 -
127.0.0.1 - - [29/Jun/2021 01:14:00] "[36mGET /static/images/white.png HTTP/1.1[0m" 304 -
127.0.0.1 - - [29/Jun/2021 01:14:05] "POST /appliances/refrigerators HTTP/1.1" 200 -
127.0.0.1 - - [29/Jun/2021 01:14:05] "[33mGET /robots.txt?1624943645166 HTTP/1.1[0m" 404 -
127.0.0.1 - - [29/Jun/2021 01:14:05] "[36mGET /static/css/styles.css HTTP/1.1[0m" 304 -
127.0.0.1 - - [29/Jun/2021 01:14:05] "[36mGET /static/images/logo.svg HTTP/1.1[0m" 304 -
127.0.0.1 - - [29/Jun/2021 01:14:05] "[36mGET /static/images/refrigerators/french-door.png HTTP/1.1[0m" 304 -
127.0.0.1 - - [29/Jun/2021 01:14:06] "GET /appliances/refrigerators HTTP/1.1" 200 -
127.0.0.1 - - [29/Jun/2021 01:14:06] "[33mGET /robots.txt?1624943646537 HTTP/1.1[0m" 404 -
127.0.0.1 - - [29/Jun/2021 01:14:11] "GET /appliances/refrigerators HTTP/1.1" 200 -
127.0.0.1 - - [29/Jun/2021 01:14:11] "[33mGET /robots.txt?1624943651072 HTTP/1.1[0m" 404 -
127.0.0.1 - - [29/Jun/2021 01:14:11] "[36mGET /static/css/styles.css HTTP/1.1[0m" 304 -
127.0.0.1 - - [29/Jun/2021 01:14:11] "[36mGET /static/images/logo.svg HTTP/1.1[0m" 304 -
127.0.0.1 - - [29/Jun/2021 01:14:11] "[36mGET /static/images/refrigerators/french-door.png HTTP/1.1[0m" 304 -
127.0.0.1 - - [29/Jun/2021 01:14:11] "[36mGET /static/images/refrigerators/side-by-side.png HTTP/1.1[0m" 304 -
127.0.0.1 - - [29/Jun/2021 01:14:11] "[36mGET /static/images/refrigerators/botton-freezer.png HTTP/1.1[0m" 304 -
127.0.0.1 - - [29/Jun/2021 01:14:11] "[36mGET /static/images/refrigerators/top-fridge.png HTTP/1.1[0m" 304 -
127.0.0.1 - - [29/Jun/2021 01:14:11] "[36mGET /static/images/refrigerators/freezerless-fridge.jpg HTTP/1.1[0m" 304 -
127.0.0.1 - - [29/Jun/2021 01:14:11] "[36mGET /static/images/refrigerators/upright-freezer.png HTTP/1.1[0m" 304 -
127.0.0.1 - - [29/Jun/2021 01:14:11] "[36mGET /static/images/stainless_steel.jpg HTTP/1.1[0m" 304 -
127.0.0.1 - - [29/Jun/2021 01:14:11] "[36mGET /static/images/refrigerators/chest-freezer.png HTTP/1.1[0m" 304 -
127.0.0.1 - - [29/Jun/2021 01:14:11] "[36mGET /static/images/black.png HTTP/1.1[0m" 304 -
127.0.0.1 - - [29/Jun/2021 01:14:11] "[36mGET /static/images/refrigerators/mini-fridge.jpg HTTP/1.1[0m" 304 -
127.0.0.1 - - [29/Jun/2021 01:14:11] "[36mGET /static/images/white.png HTTP/1.1[0m" 304 -
127.0.0.1 - - [29/Jun/2021 01:14:14] "POST /appliances/refrigerators HTTP/1.1" 200 -
127.0.0.1 - - [29/Jun/2021 01:14:14] "[33mGET /robots.txt?1624943654740 HTTP/1.1[0m" 404 -
127.0.0.1 - - [29/Jun/2021 01:14:14] "[36mGET /static/css/styles.css HTTP/1.1[0m" 304 -
127.0.0.1 - - [29/Jun/2021 01:14:14] "[36mGET /static/images/logo.svg HTTP/1.1[0m" 304 -
127.0.0.1 - - [29/Jun/2021 01:14:14] "[36mGET /static/images/refrigerators/french-door.png HTTP/1.1[0m" 304 -
127.0.0.1 - - [29/Jun/2021 01:14:16] "GET /appliances/refrigerators HTTP/1.1" 200 -
127.0.0.1 - - [29/Jun/2021 01:14:16] "[33mGET /robots.txt?1624943656233 HTTP/1.1[0m" 404 -
127.0.0.1 - - [29/Jun/2021 01:14:46] "GET /appliances/refrigerators HTTP/1.1" 200 -
127.0.0.1 - - [29/Jun/2021 01:14:46] "[33mGET /robots.txt?1624943686447 HTTP/1.1[0m" 404 -
127.0.0.1 - - [29/Jun/2021 01:14:46] "[36mGET /static/css/styles.css HTTP/1.1[0m" 304 -
127.0.0.1 - - [29/Jun/2021 01:14:46] "[36mGET /static/images/logo.svg HTTP/1.1[0m" 304 -
127.0.0.1 - - [29/Jun/2021 01:14:46] "[36mGET /static/images/refrigerators/french-door.png HTTP/1.1[0m" 304 -
127.0.0.1 - - [29/Jun/2021 01:14:46] "[36mGET /static/images/refrigerators/side-by-side.png HTTP/1.1[0m" 304 -
127.0.0.1 - - [29/Jun/2021 01:14:46] "[36mGET /static/images/refrigerators/botton-freezer.png HTTP/1.1[0m" 304 -
127.0.0.1 - - [29/Jun/2021 01:14:46] "[36mGET /static/images/refrigerators/top-fridge.png HTTP/1.1[0m" 304 -
127.0.0.1 - - [29/Jun/2021 01:14:46] "[36mGET /static/images/refrigerators/freezerless-fridge.jpg HTTP/1.1[0m" 304 -
127.0.0.1 - - [29/Jun/2021 01:14:46] "[36mGET /static/images/refrigerators/upright-freezer.png HTTP/1.1[0m" 304 -
127.0.0.1 - - [29/Jun/2021 01:14:46] "[36mGET /static/images/refrigerators/chest-freezer.png HTTP/1.1[0m" 304 -
127.0.0.1 - - [29/Jun/2021 01:14:46] "[36mGET /static/images/refrigerators/mini-fridge.jpg HTTP/1.1[0m" 304 -
127.0.0.1 - - [29/Jun/2021 01:14:46] "[36mGET /static/images/stainless_steel.jpg HTTP/1.1[0m" 304 -
127.0.0.1 - - [29/Jun/2021 01:14:46] "[36mGET /static/images/black.png HTTP/1.1[0m" 304 -
127.0.0.1 - - [29/Jun/2021 01:14:46] "[36mGET /static/images/white.png HTTP/1.1[0m" 304 -
127.0.0.1 - - [29/Jun/2021 01:15:03] "GET /appliances/refrigerators HTTP/1.1" 200 -
127.0.0.1 - - [29/Jun/2021 01:15:03] "[33mGET /robots.txt?1624943703500 HTTP/1.1[0m" 404 -
127.0.0.1 - - [29/Jun/2021 01:15:03] "[36mGET /static/css/styles.css HTTP/1.1[0m" 304 -
127.0.0.1 - - [29/Jun/2021 01:15:03] "[36mGET /static/images/logo.svg HTTP/1.1[0m" 304 -
127.0.0.1 - - [29/Jun/2021 01:15:03] "[36mGET /static/images/refrigerators/french-door.png HTTP/1.1[0m" 304 -
127.0.0.1 - - [29/Jun/2021 01:15:03] "[36mGET /static/images/refrigerators/side-by-side.png HTTP/1.1[0m" 304 -
127.0.0.1 - - [29/Jun/2021 01:15:03] "[36mGET /static/images/refrigerators/botton-freezer.png HTTP/1.1[0m" 304 -
127.0.0.1 - - [29/Jun/2021 01:15:03] "[36mGET /static/images/refrigerators/top-fridge.png HTTP/1.1[0m" 304 -
127.0.0.1 - - [29/Jun/2021 01:15:03] "[36mGET /static/images/refrigerators/freezerless-fridge.jpg HTTP/1.1[0m" 304 -
127.0.0.1 - - [29/Jun/2021 01:15:03] "[36mGET /static/images/refrigerators/upright-freezer.png HTTP/1.1[0m" 304 -
127.0.0.1 - - [29/Jun/2021 01:15:03] "[36mGET /static/images/refrigerators/chest-freezer.png HTTP/1.1[0m" 304 -
127.0.0.1 - - [29/Jun/2021 01:15:03] "[36mGET /static/images/refrigerators/mini-fridge.jpg HTTP/1.1[0m" 304 -
127.0.0.1 - - [29/Jun/2021 01:15:03] "[36mGET /static/images/stainless_steel.jpg HTTP/1.1[0m" 304 -
127.0.0.1 - - [29/Jun/2021 01:15:03] "[36mGET /static/images/black.png HTTP/1.1[0m" 304 -
127.0.0.1 - - [29/Jun/2021 01:15:03] "[36mGET /static/images/white.png HTTP/1.1[0m" 304 -
127.0.0.1 - - [29/Jun/2021 01:15:06] "POST /appliances/refrigerators HTTP/1.1" 200 -
127.0.0.1 - - [29/Jun/2021 01:15:07] "[33mGET /robots.txt?1624943707033 HTTP/1.1[0m" 404 -
127.0.0.1 - - [29/Jun/2021 01:15:07] "[36mGET /static/css/styles.css HTTP/1.1[0m" 304 -
127.0.0.1 - - [29/Jun/2021 01:15:07] "[36mGET /static/images/logo.svg HTTP/1.1[0m" 304 -
127.0.0.1 - - [29/Jun/2021 01:15:07] "[36mGET /static/images/refrigerators/french-door.png HTTP/1.1[0m" 304 -
127.0.0.1 - - [29/Jun/2021 01:15:08] "GET /appliances/refrigerators HTTP/1.1" 200 -
127.0.0.1 - - [29/Jun/2021 01:15:08] "[33mGET /robots.txt?1624943708487 HTTP/1.1[0m" 404 -
127.0.0.1 - - [29/Jun/2021 01:15:11] "POST /appliances/refrigerators HTTP/1.1" 200 -
127.0.0.1 - - [29/Jun/2021 01:15:11] "[33mGET /robots.txt?1624943711521 HTTP/1.1[0m" 404 -
127.0.0.1 - - [29/Jun/2021 01:15:11] "[36mGET /static/css/styles.css HTTP/1.1[0m" 304 -
127.0.0.1 - - [29/Jun/2021 01:15:11] "[36mGET /static/images/logo.svg HTTP/1.1[0m" 304 -
127.0.0.1 - - [29/Jun/2021 01:15:11] "[36mGET /static/images/refrigerators/french-door.png HTTP/1.1[0m" 304 -
127.0.0.1 - - [29/Jun/2021 01:15:41] "GET /appliances/refrigerators HTTP/1.1" 200 -
127.0.0.1 - - [29/Jun/2021 01:15:41] "[33mGET /robots.txt?1624943741700 HTTP/1.1[0m" 404 -
127.0.0.1 - - [29/Jun/2021 01:15:41] "[36mGET /static/css/styles.css HTTP/1.1[0m" 304 -
127.0.0.1 - - [29/Jun/2021 01:15:41] "[36mGET /static/images/logo.svg HTTP/1.1[0m" 304 -
127.0.0.1 - - [29/Jun/2021 01:15:41] "[36mGET /static/images/refrigerators/french-door.png HTTP/1.1[0m" 304 -
127.0.0.1 - - [29/Jun/2021 01:15:41] "[36mGET /static/images/refrigerators/side-by-side.png HTTP/1.1[0m" 304 -
127.0.0.1 - - [29/Jun/2021 01:15:41] "[36mGET /static/images/refrigerators/botton-freezer.png HTTP/1.1[0m" 304 -
127.0.0.1 - - [29/Jun/2021 01:15:41] "[36mGET /static/images/refrigerators/top-fridge.png HTTP/1.1[0m" 304 -
127.0.0.1 - - [29/Jun/2021 01:15:41] "[36mGET /static/images/refrigerators/freezerless-fridge.jpg HTTP/1.1[0m" 304 -
127.0.0.1 - - [29/Jun/2021 01:15:41] "[36mGET /static/images/refrigerators/upright-freezer.png HTTP/1.1[0m" 304 -
127.0.0.1 - - [29/Jun/2021 01:15:41] "[36mGET /static/images/refrigerators/chest-freezer.png HTTP/1.1[0m" 304 -
127.0.0.1 - - [29/Jun/2021 01:15:41] "[36mGET /static/images/stainless_steel.jpg HTTP/1.1[0m" 304 -
127.0.0.1 - - [29/Jun/2021 01:15:41] "[36mGET /static/images/refrigerators/mini-fridge.jpg HTTP/1.1[0m" 304 -
127.0.0.1 - - [29/Jun/2021 01:15:41] "[36mGET /static/images/black.png HTTP/1.1[0m" 304 -
127.0.0.1 - - [29/Jun/2021 01:15:41] "[36mGET /static/images/white.png HTTP/1.1[0m" 304 -
127.0.0.1 - - [29/Jun/2021 01:16:11] "GET /appliances/refrigerators HTTP/1.1" 200 -
127.0.0.1 - - [29/Jun/2021 01:16:11] "[33mGET /robots.txt?1624943771893 HTTP/1.1[0m" 404 -
127.0.0.1 - - [29/Jun/2021 01:16:11] "[36mGET /static/css/styles.css HTTP/1.1[0m" 304 -
127.0.0.1 - - [29/Jun/2021 01:16:11] "[36mGET /static/images/logo.svg HTTP/1.1[0m" 304 -
127.0.0.1 - - [29/Jun/2021 01:16:11] "[36mGET /static/images/refrigerators/french-door.png HTTP/1.1[0m" 304 -
127.0.0.1 - - [29/Jun/2021 01:16:11] "[36mGET /static/images/refrigerators/side-by-side.png HTTP/1.1[0m" 304 -
127.0.0.1 - - [29/Jun/2021 01:16:11] "[36mGET /static/images/refrigerators/botton-freezer.png HTTP/1.1[0m" 304 -
127.0.0.1 - - [29/Jun/2021 01:16:11] "[36mGET /static/images/refrigerators/top-fridge.png HTTP/1.1[0m" 304 -
127.0.0.1 - - [29/Jun/2021 01:16:11] "[36mGET /static/images/refrigerators/freezerless-fridge.jpg HTTP/1.1[0m" 304 -
127.0.0.1 - - [29/Jun/2021 01:16:11] "[36mGET /static/images/refrigerators/upright-freezer.png HTTP/1.1[0m" 304 -
127.0.0.1 - - [29/Jun/2021 01:16:12] "[36mGET /static/images/refrigerators/chest-freezer.png HTTP/1.1[0m" 304 -
127.0.0.1 - - [29/Jun/2021 01:16:12] "[36mGET /static/images/refrigerators/mini-fridge.jpg HTTP/1.1[0m" 304 -
127.0.0.1 - - [29/Jun/2021 01:16:12] "[36mGET /static/images/stainless_steel.jpg HTTP/1.1[0m" 304 -
127.0.0.1 - - [29/Jun/2021 01:16:12] "[36mGET /static/images/black.png HTTP/1.1[0m" 304 -
127.0.0.1 - - [29/Jun/2021 01:16:12] "[36mGET /static/images/white.png HTTP/1.1[0m" 304 -
127.0.0.1 - - [29/Jun/2021 01:16:42] "GET /appliances/refrigerators HTTP/1.1" 200 -
127.0.0.1 - - [29/Jun/2021 01:16:42] "[33mGET /robots.txt?1624943802147 HTTP/1.1[0m" 404 -
127.0.0.1 - - [29/Jun/2021 01:16:42] "[36mGET /static/css/styles.css HTTP/1.1[0m" 304 -
127.0.0.1 - - [29/Jun/2021 01:16:42] "[36mGET /static/images/logo.svg HTTP/1.1[0m" 304 -
127.0.0.1 - - [29/Jun/2021 01:16:42] "[36mGET /static/images/refrigerators/french-door.png HTTP/1.1[0m" 304 -
127.0.0.1 - - [29/Jun/2021 01:16:42] "[36mGET /static/images/refrigerators/side-by-side.png HTTP/1.1[0m" 304 -
127.0.0.1 - - [29/Jun/2021 01:16:42] "[36mGET /static/images/refrigerators/botton-freezer.png HTTP/1.1[0m" 304 -
127.0.0.1 - - [29/Jun/2021 01:16:42] "[36mGET /static/images/refrigerators/top-fridge.png HTTP/1.1[0m" 304 -
127.0.0.1 - - [29/Jun/2021 01:16:42] "[36mGET /static/images/refrigerators/freezerless-fridge.jpg HTTP/1.1[0m" 304 -
127.0.0.1 - - [29/Jun/2021 01:16:42] "[36mGET /static/images/refrigerators/upright-freezer.png HTTP/1.1[0m" 304 -
127.0.0.1 - - [29/Jun/2021 01:16:42] "[36mGET /static/images/refrigerators/chest-freezer.png HTTP/1.1[0m" 304 -
127.0.0.1 - - [29/Jun/2021 01:16:42] "[36mGET /static/images/refrigerators/mini-fridge.jpg HTTP/1.1[0m" 304 -
127.0.0.1 - - [29/Jun/2021 01:16:42] "[36mGET /static/images/stainless_steel.jpg HTTP/1.1[0m" 304 -
127.0.0.1 - - [29/Jun/2021 01:16:42] "[36mGET /static/images/white.png HTTP/1.1[0m" 304 -
127.0.0.1 - - [29/Jun/2021 01:16:42] "[36mGET /static/images/black.png HTTP/1.1[0m" 304 -
127.0.0.1 - - [29/Jun/2021 01:17:05] "GET /appliances/refrigerators HTTP/1.1" 200 -
127.0.0.1 - - [29/Jun/2021 01:17:05] "[33mGET /robots.txt?1624943825842 HTTP/1.1[0m" 404 -
127.0.0.1 - - [29/Jun/2021 01:17:05] "[36mGET /static/css/styles.css HTTP/1.1[0m" 304 -
127.0.0.1 - - [29/Jun/2021 01:17:05] "[36mGET /static/images/logo.svg HTTP/1.1[0m" 304 -
127.0.0.1 - - [29/Jun/2021 01:17:05] "[36mGET /static/images/refrigerators/french-door.png HTTP/1.1[0m" 304 -
127.0.0.1 - - [29/Jun/2021 01:17:05] "[36mGET /static/images/refrigerators/botton-freezer.png HTTP/1.1[0m" 304 -
127.0.0.1 - - [29/Jun/2021 01:17:05] "[36mGET /static/images/refrigerators/side-by-side.png HTTP/1.1[0m" 304 -
127.0.0.1 - - [29/Jun/2021 01:17:05] "[36mGET /static/images/refrigerators/top-fridge.png HTTP/1.1[0m" 304 -
127.0.0.1 - - [29/Jun/2021 01:17:05] "[36mGET /static/images/refrigerators/freezerless-fridge.jpg HTTP/1.1[0m" 304 -
127.0.0.1 - - [29/Jun/2021 01:17:05] "[36mGET /static/images/refrigerators/upright-freezer.png HTTP/1.1[0m" 304 -
127.0.0.1 - - [29/Jun/2021 01:17:05] "[36mGET /static/images/refrigerators/chest-freezer.png HTTP/1.1[0m" 304 -
127.0.0.1 - - [29/Jun/2021 01:17:05] "[36mGET /static/images/refrigerators/mini-fridge.jpg HTTP/1.1[0m" 304 -
127.0.0.1 - - [29/Jun/2021 01:17:05] "[36mGET /static/images/black.png HTTP/1.1[0m" 304 -
127.0.0.1 - - [29/Jun/2021 01:17:05] "[36mGET /static/images/stainless_steel.jpg HTTP/1.1[0m" 304 -
127.0.0.1 - - [29/Jun/2021 01:17:05] "[36mGET /static/images/white.png HTTP/1.1[0m" 304 -
127.0.0.1 - - [29/Jun/2021 01:17:06] "GET /appliances/refrigerators HTTP/1.1" 200 -
127.0.0.1 - - [29/Jun/2021 01:17:06] "[33mGET /robots.txt?1624943826293 HTTP/1.1[0m" 404 -
127.0.0.1 - - [29/Jun/2021 01:17:06] "[36mGET /static/css/styles.css HTTP/1.1[0m" 304 -
127.0.0.1 - - [29/Jun/2021 01:17:06] "[36mGET /static/images/logo.svg HTTP/1.1[0m" 304 -
127.0.0.1 - - [29/Jun/2021 01:17:06] "[36mGET /static/images/refrigerators/french-door.png HTTP/1.1[0m" 304 -
127.0.0.1 - - [29/Jun/2021 01:17:06] "[36mGET /static/images/refrigerators/side-by-side.png HTTP/1.1[0m" 304 -
127.0.0.1 - - [29/Jun/2021 01:17:06] "[36mGET /static/images/refrigerators/botton-freezer.png HTTP/1.1[0m" 304 -
127.0.0.1 - - [29/Jun/2021 01:17:06] "[36mGET /static/images/refrigerators/top-fridge.png HTTP/1.1[0m" 304 -
127.0.0.1 - - [29/Jun/2021 01:17:06] "[36mGET /static/images/refrigerators/freezerless-fridge.jpg HTTP/1.1[0m" 304 -
127.0.0.1 - - [29/Jun/2021 01:17:06] "[36mGET /static/images/refrigerators/upright-freezer.png HTTP/1.1[0m" 304 -
127.0.0.1 - - [29/Jun/2021 01:17:06] "[36mGET /static/images/refrigerators/mini-fridge.jpg HTTP/1.1[0m" 304 -
127.0.0.1 - - [29/Jun/2021 01:17:06] "[36mGET /static/images/refrigerators/chest-freezer.png HTTP/1.1[0m" 304 -
127.0.0.1 - - [29/Jun/2021 01:17:06] "[36mGET /static/images/white.png HTTP/1.1[0m" 304 -
127.0.0.1 - - [29/Jun/2021 01:17:06] "[36mGET /static/images/black.png HTTP/1.1[0m" 304 -
127.0.0.1 - - [29/Jun/2021 01:17:06] "[36mGET /static/images/stainless_steel.jpg HTTP/1.1[0m" 304 -
127.0.0.1 - - [29/Jun/2021 01:17:12] "POST /appliances/refrigerators HTTP/1.1" 200 -
127.0.0.1 - - [29/Jun/2021 01:17:12] "[33mGET /robots.txt?1624943832068 HTTP/1.1[0m" 404 -
127.0.0.1 - - [29/Jun/2021 01:17:12] "[36mGET /static/css/styles.css HTTP/1.1[0m" 304 -
127.0.0.1 - - [29/Jun/2021 01:17:12] "[36mGET /static/images/logo.svg HTTP/1.1[0m" 304 -
127.0.0.1 - - [29/Jun/2021 01:17:12] "[36mGET /static/images/refrigerators/french-door.png HTTP/1.1[0m" 304 -
127.0.0.1 - - [29/Jun/2021 01:17:13] "GET /appliances/refrigerators HTTP/1.1" 200 -
127.0.0.1 - - [29/Jun/2021 01:17:13] "[33mGET /robots.txt?1624943833685 HTTP/1.1[0m" 404 -
127.0.0.1 - - [29/Jun/2021 01:17:43] "GET /appliances/refrigerators HTTP/1.1" 200 -
127.0.0.1 - - [29/Jun/2021 01:17:43] "[33mGET /robots.txt?1624943863887 HTTP/1.1[0m" 404 -
127.0.0.1 - - [29/Jun/2021 01:17:43] "[36mGET /static/css/styles.css HTTP/1.1[0m" 304 -
127.0.0.1 - - [29/Jun/2021 01:17:43] "[36mGET /static/images/logo.svg HTTP/1.1[0m" 304 -
127.0.0.1 - - [29/Jun/2021 01:17:43] "[36mGET /static/images/refrigerators/french-door.png HTTP/1.1[0m" 304 -
127.0.0.1 - - [29/Jun/2021 01:17:43] "[36mGET /static/images/refrigerators/side-by-side.png HTTP/1.1[0m" 304 -
127.0.0.1 - - [29/Jun/2021 01:17:43] "[36mGET /static/images/refrigerators/botton-freezer.png HTTP/1.1[0m" 304 -
127.0.0.1 - - [29/Jun/2021 01:17:43] "[36mGET /static/images/refrigerators/top-fridge.png HTTP/1.1[0m" 304 -
127.0.0.1 - - [29/Jun/2021 01:17:44] "[36mGET /static/images/refrigerators/freezerless-fridge.jpg HTTP/1.1[0m" 304 -
127.0.0.1 - - [29/Jun/2021 01:17:44] "[36mGET /static/images/refrigerators/upright-freezer.png HTTP/1.1[0m" 304 -
127.0.0.1 - - [29/Jun/2021 01:17:44] "[36mGET /static/images/refrigerators/chest-freezer.png HTTP/1.1[0m" 304 -
127.0.0.1 - - [29/Jun/2021 01:17:44] "[36mGET /static/images/refrigerators/mini-fridge.jpg HTTP/1.1[0m" 304 -
127.0.0.1 - - [29/Jun/2021 01:17:44] "[36mGET /static/images/stainless_steel.jpg HTTP/1.1[0m" 304 -
127.0.0.1 - - [29/Jun/2021 01:17:44] "[36mGET /static/images/black.png HTTP/1.1[0m" 304 -
127.0.0.1 - - [29/Jun/2021 01:17:44] "[36mGET /static/images/white.png HTTP/1.1[0m" 304 -
127.0.0.1 - - [29/Jun/2021 01:17:47] "GET /appliances/refrigerators HTTP/1.1" 200 -
127.0.0.1 - - [29/Jun/2021 01:17:47] "[33mGET /robots.txt?1624943867535 HTTP/1.1[0m" 404 -
127.0.0.1 - - [29/Jun/2021 01:17:47] "[36mGET /static/css/styles.css HTTP/1.1[0m" 304 -
127.0.0.1 - - [29/Jun/2021 01:17:47] "[36mGET /static/images/logo.svg HTTP/1.1[0m" 304 -
127.0.0.1 - - [29/Jun/2021 01:17:47] "[36mGET /static/images/refrigerators/french-door.png HTTP/1.1[0m" 304 -
127.0.0.1 - - [29/Jun/2021 01:17:47] "[36mGET /static/images/refrigerators/side-by-side.png HTTP/1.1[0m" 304 -
127.0.0.1 - - [29/Jun/2021 01:17:47] "[36mGET /static/images/refrigerators/botton-freezer.png HTTP/1.1[0m" 304 -
127.0.0.1 - - [29/Jun/2021 01:17:47] "[36mGET /static/images/refrigerators/top-fridge.png HTTP/1.1[0m" 304 -
127.0.0.1 - - [29/Jun/2021 01:17:47] "[36mGET /static/images/refrigerators/freezerless-fridge.jpg HTTP/1.1[0m" 304 -
127.0.0.1 - - [29/Jun/2021 01:17:47] "[36mGET /static/images/refrigerators/upright-freezer.png HTTP/1.1[0m" 304 -
127.0.0.1 - - [29/Jun/2021 01:17:47] "[36mGET /static/images/black.png HTTP/1.1[0m" 304 -
127.0.0.1 - - [29/Jun/2021 01:17:47] "[36mGET /static/images/white.png HTTP/1.1[0m" 304 -
127.0.0.1 - - [29/Jun/2021 01:17:47] "[36mGET /static/images/refrigerators/mini-fridge.jpg HTTP/1.1[0m" 304 -
127.0.0.1 - - [29/Jun/2021 01:17:47] "[36mGET /static/images/refrigerators/chest-freezer.png HTTP/1.1[0m" 304 -
127.0.0.1 - - [29/Jun/2021 01:17:47] "[36mGET /static/images/stainless_steel.jpg HTTP/1.1[0m" 304 -
127.0.0.1 - - [29/Jun/2021 01:18:17] "GET /appliances/refrigerators HTTP/1.1" 200 -
127.0.0.1 - - [29/Jun/2021 01:18:17] "[33mGET /robots.txt?1624943897792 HTTP/1.1[0m" 404 -
127.0.0.1 - - [29/Jun/2021 01:18:17] "[36mGET /static/css/styles.css HTTP/1.1[0m" 304 -
127.0.0.1 - - [29/Jun/2021 01:18:17] "[36mGET /static/images/logo.svg HTTP/1.1[0m" 304 -
127.0.0.1 - - [29/Jun/2021 01:18:17] "[36mGET /static/images/refrigerators/french-door.png HTTP/1.1[0m" 304 -
127.0.0.1 - - [29/Jun/2021 01:18:17] "[36mGET /static/images/refrigerators/side-by-side.png HTTP/1.1[0m" 304 -
127.0.0.1 - - [29/Jun/2021 01:18:17] "[36mGET /static/images/refrigerators/botton-freezer.png HTTP/1.1[0m" 304 -
127.0.0.1 - - [29/Jun/2021 01:18:17] "[36mGET /static/images/refrigerators/top-fridge.png HTTP/1.1[0m" 304 -
127.0.0.1 - - [29/Jun/2021 01:18:17] "[36mGET /static/images/refrigerators/freezerless-fridge.jpg HTTP/1.1[0m" 304 -
127.0.0.1 - - [29/Jun/2021 01:18:17] "[36mGET /static/images/refrigerators/upright-freezer.png HTTP/1.1[0m" 304 -
127.0.0.1 - - [29/Jun/2021 01:18:17] "[36mGET /static/images/refrigerators/mini-fridge.jpg HTTP/1.1[0m" 304 -
127.0.0.1 - - [29/Jun/2021 01:18:17] "[36mGET /static/images/refrigerators/chest-freezer.png HTTP/1.1[0m" 304 -
127.0.0.1 - - [29/Jun/2021 01:18:17] "[36mGET /static/images/stainless_steel.jpg HTTP/1.1[0m" 304 -
127.0.0.1 - - [29/Jun/2021 01:18:17] "[36mGET /static/images/black.png HTTP/1.1[0m" 304 -
127.0.0.1 - - [29/Jun/2021 01:18:17] "[36mGET /static/images/white.png HTTP/1.1[0m" 304 -
127.0.0.1 - - [29/Jun/2021 01:18:47] "GET /appliances/refrigerators HTTP/1.1" 200 -
127.0.0.1 - - [29/Jun/2021 01:18:48] "[33mGET /robots.txt?1624943928017 HTTP/1.1[0m" 404 -
127.0.0.1 - - [29/Jun/2021 01:18:48] "[36mGET /static/css/styles.css HTTP/1.1[0m" 304 -
127.0.0.1 - - [29/Jun/2021 01:18:48] "[36mGET /static/images/logo.svg HTTP/1.1[0m" 304 -
127.0.0.1 - - [29/Jun/2021 01:18:48] "[36mGET /static/images/refrigerators/french-door.png HTTP/1.1[0m" 304 -
127.0.0.1 - - [29/Jun/2021 01:18:48] "[36mGET /static/images/refrigerators/side-by-side.png HTTP/1.1[0m" 304 -
127.0.0.1 - - [29/Jun/2021 01:18:48] "[36mGET /static/images/refrigerators/botton-freezer.png HTTP/1.1[0m" 304 -
127.0.0.1 - - [29/Jun/2021 01:18:48] "[36mGET /static/images/refrigerators/top-fridge.png HTTP/1.1[0m" 304 -
127.0.0.1 - - [29/Jun/2021 01:18:48] "[36mGET /static/images/refrigerators/freezerless-fridge.jpg HTTP/1.1[0m" 304 -
127.0.0.1 - - [29/Jun/2021 01:18:48] "[36mGET /static/images/refrigerators/upright-freezer.png HTTP/1.1[0m" 304 -
127.0.0.1 - - [29/Jun/2021 01:18:48] "[36mGET /static/images/refrigerators/chest-freezer.png HTTP/1.1[0m" 304 -
127.0.0.1 - - [29/Jun/2021 01:18:48] "[36mGET /static/images/refrigerators/mini-fridge.jpg HTTP/1.1[0m" 304 -
127.0.0.1 - - [29/Jun/2021 01:18:48] "[36mGET /static/images/stainless_steel.jpg HTTP/1.1[0m" 304 -
127.0.0.1 - - [29/Jun/2021 01:18:48] "[36mGET /static/images/black.png HTTP/1.1[0m" 304 -
127.0.0.1 - - [29/Jun/2021 01:18:48] "[36mGET /static/images/white.png HTTP/1.1[0m" 304 -
127.0.0.1 - - [29/Jun/2021 01:19:18] "GET /appliances/refrigerators HTTP/1.1" 200 -
127.0.0.1 - - [29/Jun/2021 01:19:18] "[33mGET /robots.txt?1624943958290 HTTP/1.1[0m" 404 -
127.0.0.1 - - [29/Jun/2021 01:19:18] "[36mGET /static/css/styles.css HTTP/1.1[0m" 304 -
127.0.0.1 - - [29/Jun/2021 01:19:18] "[36mGET /static/images/logo.svg HTTP/1.1[0m" 304 -
127.0.0.1 - - [29/Jun/2021 01:19:18] "[36mGET /static/images/refrigerators/french-door.png HTTP/1.1[0m" 304 -
127.0.0.1 - - [29/Jun/2021 01:19:18] "[36mGET /static/images/refrigerators/botton-freezer.png HTTP/1.1[0m" 304 -
127.0.0.1 - - [29/Jun/2021 01:19:18] "[36mGET /static/images/refrigerators/side-by-side.png HTTP/1.1[0m" 304 -
127.0.0.1 - - [29/Jun/2021 01:19:18] "[36mGET /static/images/refrigerators/top-fridge.png HTTP/1.1[0m" 304 -
127.0.0.1 - - [29/Jun/2021 01:19:18] "[36mGET /static/images/refrigerators/freezerless-fridge.jpg HTTP/1.1[0m" 304 -
127.0.0.1 - - [29/Jun/2021 01:19:18] "[36mGET /static/images/refrigerators/upright-freezer.png HTTP/1.1[0m" 304 -
127.0.0.1 - - [29/Jun/2021 01:19:18] "[36mGET /static/images/refrigerators/chest-freezer.png HTTP/1.1[0m" 304 -
127.0.0.1 - - [29/Jun/2021 01:19:18] "[36mGET /static/images/black.png HTTP/1.1[0m" 304 -
127.0.0.1 - - [29/Jun/2021 01:19:18] "[36mGET /static/images/white.png HTTP/1.1[0m" 304 -
127.0.0.1 - - [29/Jun/2021 01:19:18] "[36mGET /static/images/refrigerators/mini-fridge.jpg HTTP/1.1[0m" 304 -
127.0.0.1 - - [29/Jun/2021 01:19:18] "[36mGET /static/images/stainless_steel.jpg HTTP/1.1[0m" 304 -
127.0.0.1 - - [29/Jun/2021 01:19:48] "GET /appliances/refrigerators HTTP/1.1" 200 -
127.0.0.1 - - [29/Jun/2021 01:19:48] "[33mGET /robots.txt?1624943988561 HTTP/1.1[0m" 404 -
127.0.0.1 - - [29/Jun/2021 01:19:48] "[36mGET /static/css/styles.css HTTP/1.1[0m" 304 -
127.0.0.1 - - [29/Jun/2021 01:19:48] "[36mGET /static/images/logo.svg HTTP/1.1[0m" 304 -
127.0.0.1 - - [29/Jun/2021 01:19:48] "[36mGET /static/images/refrigerators/french-door.png HTTP/1.1[0m" 304 -
127.0.0.1 - - [29/Jun/2021 01:19:48] "[36mGET /static/images/refrigerators/side-by-side.png HTTP/1.1[0m" 304 -
127.0.0.1 - - [29/Jun/2021 01:19:48] "[36mGET /static/images/refrigerators/botton-freezer.png HTTP/1.1[0m" 304 -
127.0.0.1 - - [29/Jun/2021 01:19:48] "[36mGET /static/images/refrigerators/top-fridge.png HTTP/1.1[0m" 304 -
127.0.0.1 - - [29/Jun/2021 01:19:48] "[36mGET /static/images/refrigerators/freezerless-fridge.jpg HTTP/1.1[0m" 304 -
127.0.0.1 - - [29/Jun/2021 01:19:48] "[36mGET /static/images/refrigerators/upright-freezer.png HTTP/1.1[0m" 304 -
127.0.0.1 - - [29/Jun/2021 01:19:48] "[36mGET /static/images/refrigerators/chest-freezer.png HTTP/1.1[0m" 304 -
127.0.0.1 - - [29/Jun/2021 01:19:48] "[36mGET /static/images/black.png HTTP/1.1[0m" 304 -
127.0.0.1 - - [29/Jun/2021 01:19:48] "[36mGET /static/images/refrigerators/mini-fridge.jpg HTTP/1.1[0m" 304 -
127.0.0.1 - - [29/Jun/2021 01:19:48] "[36mGET /static/images/white.png HTTP/1.1[0m" 304 -
127.0.0.1 - - [29/Jun/2021 01:19:48] "[36mGET /static/images/stainless_steel.jpg HTTP/1.1[0m" 304 -
127.0.0.1 - - [29/Jun/2021 01:20:18] "GET /appliances/refrigerators HTTP/1.1" 200 -
127.0.0.1 - - [29/Jun/2021 01:20:18] "[33mGET /robots.txt?1624944018822 HTTP/1.1[0m" 404 -
127.0.0.1 - - [29/Jun/2021 01:20:18] "[36mGET /static/css/styles.css HTTP/1.1[0m" 304 -
127.0.0.1 - - [29/Jun/2021 01:20:18] "[36mGET /static/images/logo.svg HTTP/1.1[0m" 304 -
127.0.0.1 - - [29/Jun/2021 01:20:18] "[36mGET /static/images/refrigerators/french-door.png HTTP/1.1[0m" 304 -
127.0.0.1 - - [29/Jun/2021 01:20:18] "[36mGET /static/images/refrigerators/side-by-side.png HTTP/1.1[0m" 304 -
127.0.0.1 - - [29/Jun/2021 01:20:18] "[36mGET /static/images/refrigerators/botton-freezer.png HTTP/1.1[0m" 304 -
127.0.0.1 - - [29/Jun/2021 01:20:18] "[36mGET /static/images/refrigerators/top-fridge.png HTTP/1.1[0m" 304 -
127.0.0.1 - - [29/Jun/2021 01:20:18] "[36mGET /static/images/refrigerators/freezerless-fridge.jpg HTTP/1.1[0m" 304 -
127.0.0.1 - - [29/Jun/2021 01:20:18] "[36mGET /static/images/refrigerators/upright-freezer.png HTTP/1.1[0m" 304 -
127.0.0.1 - - [29/Jun/2021 01:20:18] "[36mGET /static/images/refrigerators/chest-freezer.png HTTP/1.1[0m" 304 -
127.0.0.1 - - [29/Jun/2021 01:20:18] "[36mGET /static/images/refrigerators/mini-fridge.jpg HTTP/1.1[0m" 304 -
127.0.0.1 - - [29/Jun/2021 01:20:18] "[36mGET /static/images/stainless_steel.jpg HTTP/1.1[0m" 304 -
127.0.0.1 - - [29/Jun/2021 01:20:18] "[36mGET /static/images/black.png HTTP/1.1[0m" 304 -
127.0.0.1 - - [29/Jun/2021 01:20:19] "[36mGET /static/images/white.png HTTP/1.1[0m" 304 -
127.0.0.1 - - [29/Jun/2021 01:20:49] "GET /appliances/refrigerators HTTP/1.1" 200 -
127.0.0.1 - - [29/Jun/2021 01:20:49] "[33mGET /robots.txt?1624944049122 HTTP/1.1[0m" 404 -
127.0.0.1 - - [29/Jun/2021 01:20:49] "[36mGET /static/css/styles.css HTTP/1.1[0m" 304 -
127.0.0.1 - - [29/Jun/2021 01:20:49] "[36mGET /static/images/logo.svg HTTP/1.1[0m" 304 -
127.0.0.1 - - [29/Jun/2021 01:20:49] "[36mGET /static/images/refrigerators/french-door.png HTTP/1.1[0m" 304 -
127.0.0.1 - - [29/Jun/2021 01:20:49] "[36mGET /static/images/refrigerators/side-by-side.png HTTP/1.1[0m" 304 -
127.0.0.1 - - [29/Jun/2021 01:20:49] "[36mGET /static/images/refrigerators/botton-freezer.png HTTP/1.1[0m" 304 -
127.0.0.1 - - [29/Jun/2021 01:20:49] "[36mGET /static/images/refrigerators/top-fridge.png HTTP/1.1[0m" 304 -
127.0.0.1 - - [29/Jun/2021 01:20:49] "[36mGET /static/images/refrigerators/freezerless-fridge.jpg HTTP/1.1[0m" 304 -
127.0.0.1 - - [29/Jun/2021 01:20:49] "[36mGET /static/images/refrigerators/upright-freezer.png HTTP/1.1[0m" 304 -
127.0.0.1 - - [29/Jun/2021 01:20:49] "[36mGET /static/images/refrigerators/chest-freezer.png HTTP/1.1[0m" 304 -
127.0.0.1 - - [29/Jun/2021 01:20:49] "[36mGET /static/images/refrigerators/mini-fridge.jpg HTTP/1.1[0m" 304 -
127.0.0.1 - - [29/Jun/2021 01:20:49] "[36mGET /static/images/black.png HTTP/1.1[0m" 304 -
127.0.0.1 - - [29/Jun/2021 01:20:49] "[36mGET /static/images/stainless_steel.jpg HTTP/1.1[0m" 304 -
127.0.0.1 - - [29/Jun/2021 01:20:49] "[36mGET /static/images/white.png HTTP/1.1[0m" 304 -
127.0.0.1 - - [29/Jun/2021 01:21:19] "GET /appliances/refrigerators HTTP/1.1" 200 -
127.0.0.1 - - [29/Jun/2021 01:21:19] "[33mGET /robots.txt?1624944079341 HTTP/1.1[0m" 404 -
127.0.0.1 - - [29/Jun/2021 01:21:19] "[36mGET /static/css/styles.css HTTP/1.1[0m" 304 -
127.0.0.1 - - [29/Jun/2021 01:21:19] "[36mGET /static/images/logo.svg HTTP/1.1[0m" 304 -
127.0.0.1 - - [29/Jun/2021 01:21:19] "[36mGET /static/images/refrigerators/french-door.png HTTP/1.1[0m" 304 -
127.0.0.1 - - [29/Jun/2021 01:21:19] "[36mGET /static/images/refrigerators/side-by-side.png HTTP/1.1[0m" 304 -
127.0.0.1 - - [29/Jun/2021 01:21:19] "[36mGET /static/images/refrigerators/botton-freezer.png HTTP/1.1[0m" 304 -
127.0.0.1 - - [29/Jun/2021 01:21:19] "[36mGET /static/images/refrigerators/top-fridge.png HTTP/1.1[0m" 304 -
127.0.0.1 - - [29/Jun/2021 01:21:19] "[36mGET /static/images/refrigerators/freezerless-fridge.jpg HTTP/1.1[0m" 304 -
127.0.0.1 - - [29/Jun/2021 01:21:19] "[36mGET /static/images/refrigerators/upright-freezer.png HTTP/1.1[0m" 304 -
127.0.0.1 - - [29/Jun/2021 01:21:19] "[36mGET /static/images/refrigerators/chest-freezer.png HTTP/1.1[0m" 304 -
127.0.0.1 - - [29/Jun/2021 01:21:19] "[36mGET /static/images/refrigerators/mini-fridge.jpg HTTP/1.1[0m" 304 -
127.0.0.1 - - [29/Jun/2021 01:21:19] "[36mGET /static/images/stainless_steel.jpg HTTP/1.1[0m" 304 -
127.0.0.1 - - [29/Jun/2021 01:21:19] "[36mGET /static/images/black.png HTTP/1.1[0m" 304 -
127.0.0.1 - - [29/Jun/2021 01:21:19] "[36mGET /static/images/white.png HTTP/1.1[0m" 304 -
127.0.0.1 - - [29/Jun/2021 01:21:49] "GET /appliances/refrigerators HTTP/1.1" 200 -
127.0.0.1 - - [29/Jun/2021 01:21:49] "[33mGET /robots.txt?1624944109554 HTTP/1.1[0m" 404 -
127.0.0.1 - - [29/Jun/2021 01:21:49] "[36mGET /static/css/styles.css HTTP/1.1[0m" 304 -
127.0.0.1 - - [29/Jun/2021 01:21:49] "[36mGET /static/images/logo.svg HTTP/1.1[0m" 304 -
127.0.0.1 - - [29/Jun/2021 01:21:49] "[36mGET /static/images/refrigerators/french-door.png HTTP/1.1[0m" 304 -
127.0.0.1 - - [29/Jun/2021 01:21:49] "[36mGET /static/images/refrigerators/side-by-side.png HTTP/1.1[0m" 304 -
127.0.0.1 - - [29/Jun/2021 01:21:49] "[36mGET /static/images/refrigerators/botton-freezer.png HTTP/1.1[0m" 304 -
127.0.0.1 - - [29/Jun/2021 01:21:49] "[36mGET /static/images/refrigerators/top-fridge.png HTTP/1.1[0m" 304 -
127.0.0.1 - - [29/Jun/2021 01:21:49] "[36mGET /static/images/refrigerators/freezerless-fridge.jpg HTTP/1.1[0m" 304 -
127.0.0.1 - - [29/Jun/2021 01:21:49] "[36mGET /static/images/refrigerators/upright-freezer.png HTTP/1.1[0m" 304 -
127.0.0.1 - - [29/Jun/2021 01:21:49] "[36mGET /static/images/refrigerators/chest-freezer.png HTTP/1.1[0m" 304 -
127.0.0.1 - - [29/Jun/2021 01:21:49] "[36mGET /static/images/refrigerators/mini-fridge.jpg HTTP/1.1[0m" 304 -
127.0.0.1 - - [29/Jun/2021 01:21:49] "[36mGET /static/images/stainless_steel.jpg HTTP/1.1[0m" 304 -
127.0.0.1 - - [29/Jun/2021 01:21:49] "[36mGET /static/images/black.png HTTP/1.1[0m" 304 -
127.0.0.1 - - [29/Jun/2021 01:21:49] "[36mGET /static/images/white.png HTTP/1.1[0m" 304 -
127.0.0.1 - - [29/Jun/2021 01:22:19] "GET /appliances/refrigerators HTTP/1.1" 200 -
127.0.0.1 - - [29/Jun/2021 01:22:19] "[33mGET /robots.txt?1624944139783 HTTP/1.1[0m" 404 -
127.0.0.1 - - [29/Jun/2021 01:22:19] "[36mGET /static/css/styles.css HTTP/1.1[0m" 304 -
127.0.0.1 - - [29/Jun/2021 01:22:19] "[36mGET /static/images/logo.svg HTTP/1.1[0m" 304 -
127.0.0.1 - - [29/Jun/2021 01:22:19] "[36mGET /static/images/refrigerators/french-door.png HTTP/1.1[0m" 304 -
127.0.0.1 - - [29/Jun/2021 01:22:19] "[36mGET /static/images/refrigerators/side-by-side.png HTTP/1.1[0m" 304 -
127.0.0.1 - - [29/Jun/2021 01:22:19] "[36mGET /static/images/refrigerators/botton-freezer.png HTTP/1.1[0m" 304 -
127.0.0.1 - - [29/Jun/2021 01:22:19] "[36mGET /static/images/refrigerators/top-fridge.png HTTP/1.1[0m" 304 -
127.0.0.1 - - [29/Jun/2021 01:22:19] "[36mGET /static/images/refrigerators/freezerless-fridge.jpg HTTP/1.1[0m" 304 -
127.0.0.1 - - [29/Jun/2021 01:22:19] "[36mGET /static/images/refrigerators/upright-freezer.png HTTP/1.1[0m" 304 -
127.0.0.1 - - [29/Jun/2021 01:22:19] "[36mGET /static/images/refrigerators/chest-freezer.png HTTP/1.1[0m" 304 -
127.0.0.1 - - [29/Jun/2021 01:22:19] "[36mGET /static/images/refrigerators/mini-fridge.jpg HTTP/1.1[0m" 304 -
127.0.0.1 - - [29/Jun/2021 01:22:19] "[36mGET /static/images/stainless_steel.jpg HTTP/1.1[0m" 304 -
127.0.0.1 - - [29/Jun/2021 01:22:19] "[36mGET /static/images/black.png HTTP/1.1[0m" 304 -
127.0.0.1 - - [29/Jun/2021 01:22:19] "[36mGET /static/images/white.png HTTP/1.1[0m" 304 -
127.0.0.1 - - [29/Jun/2021 01:22:49] "GET /appliances/refrigerators HTTP/1.1" 200 -
127.0.0.1 - - [29/Jun/2021 01:22:50] "[33mGET /robots.txt?1624944170003 HTTP/1.1[0m" 404 -
127.0.0.1 - - [29/Jun/2021 01:22:50] "[36mGET /static/css/styles.css HTTP/1.1[0m" 304 -
127.0.0.1 - - [29/Jun/2021 01:22:50] "[36mGET /static/images/logo.svg HTTP/1.1[0m" 304 -
127.0.0.1 - - [29/Jun/2021 01:22:50] "[36mGET /static/images/refrigerators/french-door.png HTTP/1.1[0m" 304 -
127.0.0.1 - - [29/Jun/2021 01:22:50] "[36mGET /static/images/refrigerators/side-by-side.png HTTP/1.1[0m" 304 -
127.0.0.1 - - [29/Jun/2021 01:22:50] "[36mGET /static/images/refrigerators/botton-freezer.png HTTP/1.1[0m" 304 -
127.0.0.1 - - [29/Jun/2021 01:22:50] "[36mGET /static/images/refrigerators/top-fridge.png HTTP/1.1[0m" 304 -
127.0.0.1 - - [29/Jun/2021 01:22:50] "[36mGET /static/images/refrigerators/freezerless-fridge.jpg HTTP/1.1[0m" 304 -
127.0.0.1 - - [29/Jun/2021 01:22:50] "[36mGET /static/images/refrigerators/upright-freezer.png HTTP/1.1[0m" 304 -
127.0.0.1 - - [29/Jun/2021 01:22:50] "[36mGET /static/images/refrigerators/chest-freezer.png HTTP/1.1[0m" 304 -
127.0.0.1 - - [29/Jun/2021 01:22:50] "[36mGET /static/images/refrigerators/mini-fridge.jpg HTTP/1.1[0m" 304 -
127.0.0.1 - - [29/Jun/2021 01:22:50] "[36mGET /static/images/stainless_steel.jpg HTTP/1.1[0m" 304 -
127.0.0.1 - - [29/Jun/2021 01:22:50] "[36mGET /static/images/black.png HTTP/1.1[0m" 304 -
127.0.0.1 - - [29/Jun/2021 01:22:50] "[36mGET /static/images/white.png HTTP/1.1[0m" 304 -
127.0.0.1 - - [29/Jun/2021 01:23:20] "GET /appliances/refrigerators HTTP/1.1" 200 -
127.0.0.1 - - [29/Jun/2021 01:23:20] "[33mGET /robots.txt?1624944200256 HTTP/1.1[0m" 404 -
127.0.0.1 - - [29/Jun/2021 01:23:20] "[36mGET /static/css/styles.css HTTP/1.1[0m" 304 -
127.0.0.1 - - [29/Jun/2021 01:23:20] "[36mGET /static/images/logo.svg HTTP/1.1[0m" 304 -
127.0.0.1 - - [29/Jun/2021 01:23:20] "[36mGET /static/images/refrigerators/french-door.png HTTP/1.1[0m" 304 -
127.0.0.1 - - [29/Jun/2021 01:23:20] "[36mGET /static/images/refrigerators/side-by-side.png HTTP/1.1[0m" 304 -
127.0.0.1 - - [29/Jun/2021 01:23:20] "[36mGET /static/images/refrigerators/botton-freezer.png HTTP/1.1[0m" 304 -
127.0.0.1 - - [29/Jun/2021 01:23:20] "[36mGET /static/images/refrigerators/top-fridge.png HTTP/1.1[0m" 304 -
127.0.0.1 - - [29/Jun/2021 01:23:20] "[36mGET /static/images/refrigerators/freezerless-fridge.jpg HTTP/1.1[0m" 304 -
127.0.0.1 - - [29/Jun/2021 01:23:20] "[36mGET /static/images/refrigerators/upright-freezer.png HTTP/1.1[0m" 304 -
127.0.0.1 - - [29/Jun/2021 01:23:20] "[36mGET /static/images/refrigerators/chest-freezer.png HTTP/1.1[0m" 304 -
127.0.0.1 - - [29/Jun/2021 01:23:20] "[36mGET /static/images/refrigerators/mini-fridge.jpg HTTP/1.1[0m" 304 -
127.0.0.1 - - [29/Jun/2021 01:23:20] "[36mGET /static/images/stainless_steel.jpg HTTP/1.1[0m" 304 -
127.0.0.1 - - [29/Jun/2021 01:23:20] "[36mGET /static/images/black.png HTTP/1.1[0m" 304 -
127.0.0.1 - - [29/Jun/2021 01:23:20] "[36mGET /static/images/white.png HTTP/1.1[0m" 304 -
127.0.0.1 - - [29/Jun/2021 01:23:50] "GET /appliances/refrigerators HTTP/1.1" 200 -
127.0.0.1 - - [29/Jun/2021 01:23:50] "[33mGET /robots.txt?1624944230462 HTTP/1.1[0m" 404 -
127.0.0.1 - - [29/Jun/2021 01:23:50] "[36mGET /static/css/styles.css HTTP/1.1[0m" 304 -
127.0.0.1 - - [29/Jun/2021 01:23:50] "[36mGET /static/images/logo.svg HTTP/1.1[0m" 304 -
127.0.0.1 - - [29/Jun/2021 01:23:50] "[36mGET /static/images/refrigerators/french-door.png HTTP/1.1[0m" 304 -
127.0.0.1 - - [29/Jun/2021 01:23:50] "[36mGET /static/images/refrigerators/side-by-side.png HTTP/1.1[0m" 304 -
127.0.0.1 - - [29/Jun/2021 01:23:50] "[36mGET /static/images/refrigerators/botton-freezer.png HTTP/1.1[0m" 304 -
127.0.0.1 - - [29/Jun/2021 01:23:50] "[36mGET /static/images/refrigerators/top-fridge.png HTTP/1.1[0m" 304 -
127.0.0.1 - - [29/Jun/2021 01:23:50] "[36mGET /static/images/refrigerators/freezerless-fridge.jpg HTTP/1.1[0m" 304 -
127.0.0.1 - - [29/Jun/2021 01:23:50] "[36mGET /static/images/refrigerators/upright-freezer.png HTTP/1.1[0m" 304 -
127.0.0.1 - - [29/Jun/2021 01:23:50] "[36mGET /static/images/refrigerators/chest-freezer.png HTTP/1.1[0m" 304 -
127.0.0.1 - - [29/Jun/2021 01:23:50] "[36mGET /static/images/refrigerators/mini-fridge.jpg HTTP/1.1[0m" 304 -
127.0.0.1 - - [29/Jun/2021 01:23:50] "[36mGET /static/images/stainless_steel.jpg HTTP/1.1[0m" 304 -
127.0.0.1 - - [29/Jun/2021 01:23:50] "[36mGET /static/images/white.png HTTP/1.1[0m" 304 -
127.0.0.1 - - [29/Jun/2021 01:23:50] "[36mGET /static/images/black.png HTTP/1.1[0m" 304 -
127.0.0.1 - - [29/Jun/2021 01:24:20] "GET /appliances/refrigerators HTTP/1.1" 200 -
127.0.0.1 - - [29/Jun/2021 01:24:20] "[33mGET /robots.txt?1624944260687 HTTP/1.1[0m" 404 -
127.0.0.1 - - [29/Jun/2021 01:24:20] "[36mGET /static/css/styles.css HTTP/1.1[0m" 304 -
127.0.0.1 - - [29/Jun/2021 01:24:20] "[36mGET /static/images/logo.svg HTTP/1.1[0m" 304 -
127.0.0.1 - - [29/Jun/2021 01:24:20] "[36mGET /static/images/refrigerators/french-door.png HTTP/1.1[0m" 304 -
127.0.0.1 - - [29/Jun/2021 01:24:20] "[36mGET /static/images/refrigerators/side-by-side.png HTTP/1.1[0m" 304 -
127.0.0.1 - - [29/Jun/2021 01:24:20] "[36mGET /static/images/refrigerators/botton-freezer.png HTTP/1.1[0m" 304 -
127.0.0.1 - - [29/Jun/2021 01:24:20] "[36mGET /static/images/refrigerators/top-fridge.png HTTP/1.1[0m" 304 -
127.0.0.1 - - [29/Jun/2021 01:24:20] "[36mGET /static/images/refrigerators/freezerless-fridge.jpg HTTP/1.1[0m" 304 -
127.0.0.1 - - [29/Jun/2021 01:24:20] "[36mGET /static/images/refrigerators/upright-freezer.png HTTP/1.1[0m" 304 -
127.0.0.1 - - [29/Jun/2021 01:24:20] "[36mGET /static/images/refrigerators/chest-freezer.png HTTP/1.1[0m" 304 -
127.0.0.1 - - [29/Jun/2021 01:24:20] "[36mGET /static/images/black.png HTTP/1.1[0m" 304 -
127.0.0.1 - - [29/Jun/2021 01:24:20] "[36mGET /static/images/white.png HTTP/1.1[0m" 304 -
127.0.0.1 - - [29/Jun/2021 01:24:20] "[36mGET /static/images/stainless_steel.jpg HTTP/1.1[0m" 304 -
127.0.0.1 - - [29/Jun/2021 01:24:20] "[36mGET /static/images/refrigerators/mini-fridge.jpg HTTP/1.1[0m" 304 -
127.0.0.1 - - [29/Jun/2021 01:24:50] "GET /appliances/refrigerators HTTP/1.1" 200 -
127.0.0.1 - - [29/Jun/2021 01:24:50] "[33mGET /robots.txt?1624944290977 HTTP/1.1[0m" 404 -
127.0.0.1 - - [29/Jun/2021 01:24:50] "[36mGET /static/css/styles.css HTTP/1.1[0m" 304 -
127.0.0.1 - - [29/Jun/2021 01:24:50] "[36mGET /static/images/logo.svg HTTP/1.1[0m" 304 -
127.0.0.1 - - [29/Jun/2021 01:24:51] "[36mGET /static/images/refrigerators/french-door.png HTTP/1.1[0m" 304 -
127.0.0.1 - - [29/Jun/2021 01:24:51] "[36mGET /static/images/refrigerators/side-by-side.png HTTP/1.1[0m" 304 -
127.0.0.1 - - [29/Jun/2021 01:24:51] "[36mGET /static/images/refrigerators/botton-freezer.png HTTP/1.1[0m" 304 -
127.0.0.1 - - [29/Jun/2021 01:24:51] "[36mGET /static/images/refrigerators/top-fridge.png HTTP/1.1[0m" 304 -
127.0.0.1 - - [29/Jun/2021 01:24:51] "[36mGET /static/images/refrigerators/freezerless-fridge.jpg HTTP/1.1[0m" 304 -
127.0.0.1 - - [29/Jun/2021 01:24:51] "[36mGET /static/images/black.png HTTP/1.1[0m" 304 -
127.0.0.1 - - [29/Jun/2021 01:24:51] "[36mGET /static/images/refrigerators/upright-freezer.png HTTP/1.1[0m" 304 -
127.0.0.1 - - [29/Jun/2021 01:24:51] "[36mGET /static/images/white.png HTTP/1.1[0m" 304 -
127.0.0.1 - - [29/Jun/2021 01:24:51] "[36mGET /static/images/refrigerators/mini-fridge.jpg HTTP/1.1[0m" 304 -
127.0.0.1 - - [29/Jun/2021 01:24:51] "[36mGET /static/images/refrigerators/chest-freezer.png HTTP/1.1[0m" 304 -
127.0.0.1 - - [29/Jun/2021 01:24:51] "[36mGET /static/images/stainless_steel.jpg HTTP/1.1[0m" 304 -
127.0.0.1 - - [29/Jun/2021 01:25:21] "GET /appliances/refrigerators HTTP/1.1" 200 -
127.0.0.1 - - [29/Jun/2021 01:25:21] "[33mGET /robots.txt?1624944321255 HTTP/1.1[0m" 404 -
127.0.0.1 - - [29/Jun/2021 01:25:21] "[36mGET /static/css/styles.css HTTP/1.1[0m" 304 -
127.0.0.1 - - [29/Jun/2021 01:25:21] "[36mGET /static/images/logo.svg HTTP/1.1[0m" 304 -
127.0.0.1 - - [29/Jun/2021 01:25:21] "[36mGET /static/images/refrigerators/french-door.png HTTP/1.1[0m" 304 -
127.0.0.1 - - [29/Jun/2021 01:25:21] "[36mGET /static/images/refrigerators/side-by-side.png HTTP/1.1[0m" 304 -
127.0.0.1 - - [29/Jun/2021 01:25:21] "[36mGET /static/images/refrigerators/botton-freezer.png HTTP/1.1[0m" 304 -
127.0.0.1 - - [29/Jun/2021 01:25:21] "[36mGET /static/images/refrigerators/top-fridge.png HTTP/1.1[0m" 304 -
127.0.0.1 - - [29/Jun/2021 01:25:21] "[36mGET /static/images/refrigerators/freezerless-fridge.jpg HTTP/1.1[0m" 304 -
127.0.0.1 - - [29/Jun/2021 01:25:21] "[36mGET /static/images/refrigerators/upright-freezer.png HTTP/1.1[0m" 304 -
127.0.0.1 - - [29/Jun/2021 01:25:21] "[36mGET /static/images/refrigerators/chest-freezer.png HTTP/1.1[0m" 304 -
127.0.0.1 - - [29/Jun/2021 01:25:21] "[36mGET /static/images/refrigerators/mini-fridge.jpg HTTP/1.1[0m" 304 -
127.0.0.1 - - [29/Jun/2021 01:25:21] "[36mGET /static/images/stainless_steel.jpg HTTP/1.1[0m" 304 -
127.0.0.1 - - [29/Jun/2021 01:25:21] "[36mGET /static/images/black.png HTTP/1.1[0m" 304 -
127.0.0.1 - - [29/Jun/2021 01:25:21] "[36mGET /static/images/white.png HTTP/1.1[0m" 304 -
127.0.0.1 - - [29/Jun/2021 01:25:51] "GET /appliances/refrigerators HTTP/1.1" 200 -
127.0.0.1 - - [29/Jun/2021 01:25:51] "[33mGET /robots.txt?1624944351503 HTTP/1.1[0m" 404 -
127.0.0.1 - - [29/Jun/2021 01:25:51] "[36mGET /static/css/styles.css HTTP/1.1[0m" 304 -
127.0.0.1 - - [29/Jun/2021 01:25:51] "[36mGET /static/images/logo.svg HTTP/1.1[0m" 304 -
127.0.0.1 - - [29/Jun/2021 01:25:51] "[36mGET /static/images/refrigerators/french-door.png HTTP/1.1[0m" 304 -
127.0.0.1 - - [29/Jun/2021 01:25:51] "[36mGET /static/images/refrigerators/side-by-side.png HTTP/1.1[0m" 304 -
127.0.0.1 - - [29/Jun/2021 01:25:51] "[36mGET /static/images/refrigerators/botton-freezer.png HTTP/1.1[0m" 304 -
127.0.0.1 - - [29/Jun/2021 01:25:51] "[36mGET /static/images/refrigerators/top-fridge.png HTTP/1.1[0m" 304 -
127.0.0.1 - - [29/Jun/2021 01:25:51] "[36mGET /static/images/refrigerators/freezerless-fridge.jpg HTTP/1.1[0m" 304 -
127.0.0.1 - - [29/Jun/2021 01:25:51] "[36mGET /static/images/refrigerators/upright-freezer.png HTTP/1.1[0m" 304 -
127.0.0.1 - - [29/Jun/2021 01:25:51] "[36mGET /static/images/refrigerators/chest-freezer.png HTTP/1.1[0m" 304 -
127.0.0.1 - - [29/Jun/2021 01:25:51] "[36mGET /static/images/refrigerators/mini-fridge.jpg HTTP/1.1[0m" 304 -
127.0.0.1 - - [29/Jun/2021 01:25:51] "[36mGET /static/images/stainless_steel.jpg HTTP/1.1[0m" 304 -
127.0.0.1 - - [29/Jun/2021 01:25:51] "[36mGET /static/images/black.png HTTP/1.1[0m" 304 -
127.0.0.1 - - [29/Jun/2021 01:25:51] "[36mGET /static/images/white.png HTTP/1.1[0m" 304 -
127.0.0.1 - - [29/Jun/2021 01:26:05] "POST /appliances/refrigerators HTTP/1.1" 200 -
127.0.0.1 - - [29/Jun/2021 01:26:05] "[33mGET /robots.txt?1624944365984 HTTP/1.1[0m" 404 -
127.0.0.1 - - [29/Jun/2021 01:26:05] "[36mGET /static/css/styles.css HTTP/1.1[0m" 304 -
127.0.0.1 - - [29/Jun/2021 01:26:06] "[36mGET /static/images/logo.svg HTTP/1.1[0m" 304 -
127.0.0.1 - - [29/Jun/2021 01:26:06] "[36mGET /static/images/refrigerators/french-door.png HTTP/1.1[0m" 304 -
127.0.0.1 - - [29/Jun/2021 01:26:07] "GET /appliances/refrigerators HTTP/1.1" 200 -
127.0.0.1 - - [29/Jun/2021 01:26:07] "[33mGET /robots.txt?1624944367458 HTTP/1.1[0m" 404 -
127.0.0.1 - - [29/Jun/2021 01:26:08] "[33mGET /robots.txt?1624944368070 HTTP/1.1[0m" 404 -
127.0.0.1 - - [29/Jun/2021 01:26:19] "POST /appliances/refrigerators HTTP/1.1" 200 -
127.0.0.1 - - [29/Jun/2021 01:26:19] "[33mGET /robots.txt?1624944379951 HTTP/1.1[0m" 404 -
127.0.0.1 - - [29/Jun/2021 01:26:19] "[36mGET /static/css/styles.css HTTP/1.1[0m" 304 -
127.0.0.1 - - [29/Jun/2021 01:26:20] "[36mGET /static/images/logo.svg HTTP/1.1[0m" 304 -
127.0.0.1 - - [29/Jun/2021 01:26:20] "[36mGET /static/images/refrigerators/french-door.png HTTP/1.1[0m" 304 -
127.0.0.1 - - [29/Jun/2021 01:26:21] "GET /appliances/refrigerators HTTP/1.1" 200 -
127.0.0.1 - - [29/Jun/2021 01:26:21] "[33mGET /robots.txt?1624944381433 HTTP/1.1[0m" 404 -
127.0.0.1 - - [29/Jun/2021 01:26:40] "POST /appliances/refrigerators HTTP/1.1" 200 -
127.0.0.1 - - [29/Jun/2021 01:26:40] "[33mGET /robots.txt?1624944400224 HTTP/1.1[0m" 404 -
127.0.0.1 - - [29/Jun/2021 01:26:40] "[36mGET /static/css/styles.css HTTP/1.1[0m" 304 -
127.0.0.1 - - [29/Jun/2021 01:26:40] "[36mGET /static/images/logo.svg HTTP/1.1[0m" 304 -
127.0.0.1 - - [29/Jun/2021 01:26:40] "[36mGET /static/images/refrigerators/french-door.png HTTP/1.1[0m" 304 -
127.0.0.1 - - [29/Jun/2021 01:26:41] "GET /appliances/refrigerators HTTP/1.1" 200 -
127.0.0.1 - - [29/Jun/2021 01:26:42] "[33mGET /robots.txt?1624944402014 HTTP/1.1[0m" 404 -
127.0.0.1 - - [29/Jun/2021 01:27:12] "GET /appliances/refrigerators HTTP/1.1" 200 -
127.0.0.1 - - [29/Jun/2021 01:27:12] "[33mGET /robots.txt?1624944432257 HTTP/1.1[0m" 404 -
127.0.0.1 - - [29/Jun/2021 01:27:12] "[36mGET /static/css/styles.css HTTP/1.1[0m" 304 -
127.0.0.1 - - [29/Jun/2021 01:27:12] "[36mGET /static/images/logo.svg HTTP/1.1[0m" 304 -
127.0.0.1 - - [29/Jun/2021 01:27:12] "[36mGET /static/images/refrigerators/french-door.png HTTP/1.1[0m" 304 -
127.0.0.1 - - [29/Jun/2021 01:27:12] "[36mGET /static/images/refrigerators/side-by-side.png HTTP/1.1[0m" 304 -
127.0.0.1 - - [29/Jun/2021 01:27:12] "[36mGET /static/images/refrigerators/botton-freezer.png HTTP/1.1[0m" 304 -
127.0.0.1 - - [29/Jun/2021 01:27:12] "[36mGET /static/images/refrigerators/top-fridge.png HTTP/1.1[0m" 304 -
127.0.0.1 - - [29/Jun/2021 01:27:12] "[36mGET /static/images/refrigerators/freezerless-fridge.jpg HTTP/1.1[0m" 304 -
127.0.0.1 - - [29/Jun/2021 01:27:12] "[36mGET /static/images/refrigerators/upright-freezer.png HTTP/1.1[0m" 304 -
127.0.0.1 - - [29/Jun/2021 01:27:12] "[36mGET /static/images/refrigerators/chest-freezer.png HTTP/1.1[0m" 304 -
127.0.0.1 - - [29/Jun/2021 01:27:12] "[36mGET /static/images/refrigerators/mini-fridge.jpg HTTP/1.1[0m" 304 -
127.0.0.1 - - [29/Jun/2021 01:27:12] "[36mGET /static/images/stainless_steel.jpg HTTP/1.1[0m" 304 -
127.0.0.1 - - [29/Jun/2021 01:27:12] "[36mGET /static/images/black.png HTTP/1.1[0m" 304 -
127.0.0.1 - - [29/Jun/2021 01:27:12] "[36mGET /static/images/white.png HTTP/1.1[0m" 304 -
127.0.0.1 - - [29/Jun/2021 01:27:25] "[33mGET /robots.txt?1624944445321 HTTP/1.1[0m" 404 -
127.0.0.1 - - [29/Jun/2021 01:27:26] "[33mGET /robots.txt?1624944446327 HTTP/1.1[0m" 404 -
127.0.0.1 - - [29/Jun/2021 01:27:27] "GET /appliances/refrigerators HTTP/1.1" 200 -
127.0.0.1 - - [29/Jun/2021 01:27:27] "[33mGET /robots.txt?1624944447547 HTTP/1.1[0m" 404 -
127.0.0.1 - - [29/Jun/2021 01:27:27] "[36mGET /static/css/styles.css HTTP/1.1[0m" 304 -
127.0.0.1 - - [29/Jun/2021 01:27:27] "[36mGET /static/images/logo.svg HTTP/1.1[0m" 304 -
127.0.0.1 - - [29/Jun/2021 01:27:27] "[36mGET /static/images/refrigerators/french-door.png HTTP/1.1[0m" 304 -
127.0.0.1 - - [29/Jun/2021 01:27:27] "[36mGET /static/images/refrigerators/side-by-side.png HTTP/1.1[0m" 304 -
127.0.0.1 - - [29/Jun/2021 01:27:27] "[36mGET /static/images/refrigerators/botton-freezer.png HTTP/1.1[0m" 304 -
127.0.0.1 - - [29/Jun/2021 01:27:27] "[36mGET /static/images/refrigerators/top-fridge.png HTTP/1.1[0m" 304 -
127.0.0.1 - - [29/Jun/2021 01:27:27] "[36mGET /static/images/refrigerators/freezerless-fridge.jpg HTTP/1.1[0m" 304 -
127.0.0.1 - - [29/Jun/2021 01:27:27] "[36mGET /static/images/refrigerators/upright-freezer.png HTTP/1.1[0m" 304 -
127.0.0.1 - - [29/Jun/2021 01:27:27] "[36mGET /static/images/black.png HTTP/1.1[0m" 304 -
127.0.0.1 - - [29/Jun/2021 01:27:27] "[36mGET /static/images/white.png HTTP/1.1[0m" 304 -
127.0.0.1 - - [29/Jun/2021 01:27:27] "[36mGET /static/images/refrigerators/mini-fridge.jpg HTTP/1.1[0m" 304 -
127.0.0.1 - - [29/Jun/2021 01:27:27] "[36mGET /static/images/stainless_steel.jpg HTTP/1.1[0m" 304 -
127.0.0.1 - - [29/Jun/2021 01:27:27] "[36mGET /static/images/refrigerators/chest-freezer.png HTTP/1.1[0m" 304 -
127.0.0.1 - - [29/Jun/2021 01:27:27] "GET /appliances/refrigerators HTTP/1.1" 200 -
127.0.0.1 - - [29/Jun/2021 01:27:27] "[33mGET /robots.txt?1624944447919 HTTP/1.1[0m" 404 -
127.0.0.1 - - [29/Jun/2021 01:27:27] "[36mGET /static/css/styles.css HTTP/1.1[0m" 304 -
127.0.0.1 - - [29/Jun/2021 01:27:27] "[36mGET /static/images/logo.svg HTTP/1.1[0m" 304 -
127.0.0.1 - - [29/Jun/2021 01:27:27] "[36mGET /static/images/refrigerators/french-door.png HTTP/1.1[0m" 304 -
127.0.0.1 - - [29/Jun/2021 01:27:27] "[36mGET /static/images/refrigerators/top-fridge.png HTTP/1.1[0m" 304 -
127.0.0.1 - - [29/Jun/2021 01:27:27] "[36mGET /static/images/refrigerators/side-by-side.png HTTP/1.1[0m" 304 -
127.0.0.1 - - [29/Jun/2021 01:27:28] "[36mGET /static/images/refrigerators/botton-freezer.png HTTP/1.1[0m" 304 -
127.0.0.1 - - [29/Jun/2021 01:27:28] "[36mGET /static/images/refrigerators/upright-freezer.png HTTP/1.1[0m" 304 -
127.0.0.1 - - [29/Jun/2021 01:27:28] "[36mGET /static/images/refrigerators/freezerless-fridge.jpg HTTP/1.1[0m" 304 -
127.0.0.1 - - [29/Jun/2021 01:27:28] "[36mGET /static/images/refrigerators/chest-freezer.png HTTP/1.1[0m" 304 -
127.0.0.1 - - [29/Jun/2021 01:27:28] "[36mGET /static/images/refrigerators/mini-fridge.jpg HTTP/1.1[0m" 304 -
127.0.0.1 - - [29/Jun/2021 01:27:28] "[36mGET /static/images/stainless_steel.jpg HTTP/1.1[0m" 304 -
127.0.0.1 - - [29/Jun/2021 01:27:28] "[36mGET /static/images/black.png HTTP/1.1[0m" 304 -
127.0.0.1 - - [29/Jun/2021 01:27:28] "[36mGET /static/images/white.png HTTP/1.1[0m" 304 -
127.0.0.1 - - [29/Jun/2021 01:27:32] "POST /appliances/refrigerators HTTP/1.1" 200 -
127.0.0.1 - - [29/Jun/2021 01:27:32] "[33mGET /robots.txt?1624944452373 HTTP/1.1[0m" 404 -
127.0.0.1 - - [29/Jun/2021 01:27:32] "[36mGET /static/css/styles.css HTTP/1.1[0m" 304 -
127.0.0.1 - - [29/Jun/2021 01:27:32] "[36mGET /static/images/logo.svg HTTP/1.1[0m" 304 -
127.0.0.1 - - [29/Jun/2021 01:27:32] "[36mGET /static/images/refrigerators/french-door.png HTTP/1.1[0m" 304 -
127.0.0.1 - - [29/Jun/2021 01:27:33] "GET /appliances/refrigerators HTTP/1.1" 200 -
127.0.0.1 - - [29/Jun/2021 01:27:33] "[33mGET /robots.txt?1624944453922 HTTP/1.1[0m" 404 -
127.0.0.1 - - [29/Jun/2021 01:28:04] "GET /appliances/refrigerators HTTP/1.1" 200 -
127.0.0.1 - - [29/Jun/2021 01:28:04] "[33mGET /robots.txt?1624944484113 HTTP/1.1[0m" 404 -
127.0.0.1 - - [29/Jun/2021 01:28:04] "[36mGET /static/css/styles.css HTTP/1.1[0m" 304 -
127.0.0.1 - - [29/Jun/2021 01:28:04] "[36mGET /static/images/logo.svg HTTP/1.1[0m" 304 -
127.0.0.1 - - [29/Jun/2021 01:28:04] "[36mGET /static/images/refrigerators/french-door.png HTTP/1.1[0m" 304 -
127.0.0.1 - - [29/Jun/2021 01:28:04] "[36mGET /static/images/refrigerators/side-by-side.png HTTP/1.1[0m" 304 -
127.0.0.1 - - [29/Jun/2021 01:28:04] "[36mGET /static/images/refrigerators/botton-freezer.png HTTP/1.1[0m" 304 -
127.0.0.1 - - [29/Jun/2021 01:28:04] "[36mGET /static/images/refrigerators/top-fridge.png HTTP/1.1[0m" 304 -
127.0.0.1 - - [29/Jun/2021 01:28:04] "[36mGET /static/images/refrigerators/freezerless-fridge.jpg HTTP/1.1[0m" 304 -
127.0.0.1 - - [29/Jun/2021 01:28:04] "[36mGET /static/images/refrigerators/upright-freezer.png HTTP/1.1[0m" 304 -
127.0.0.1 - - [29/Jun/2021 01:28:04] "[36mGET /static/images/refrigerators/chest-freezer.png HTTP/1.1[0m" 304 -
127.0.0.1 - - [29/Jun/2021 01:28:04] "[36mGET /static/images/refrigerators/mini-fridge.jpg HTTP/1.1[0m" 304 -
127.0.0.1 - - [29/Jun/2021 01:28:04] "[36mGET /static/images/stainless_steel.jpg HTTP/1.1[0m" 304 -
127.0.0.1 - - [29/Jun/2021 01:28:04] "[36mGET /static/images/black.png HTTP/1.1[0m" 304 -
127.0.0.1 - - [29/Jun/2021 01:28:04] "[36mGET /static/images/white.png HTTP/1.1[0m" 304 -
127.0.0.1 - - [29/Jun/2021 01:28:07] "POST /appliances/refrigerators HTTP/1.1" 200 -
127.0.0.1 - - [29/Jun/2021 01:28:07] "[33mGET /robots.txt?1624944487718 HTTP/1.1[0m" 404 -
127.0.0.1 - - [29/Jun/2021 01:28:07] "[36mGET /static/css/styles.css HTTP/1.1[0m" 304 -
127.0.0.1 - - [29/Jun/2021 01:28:07] "[36mGET /static/images/logo.svg HTTP/1.1[0m" 304 -
127.0.0.1 - - [29/Jun/2021 01:28:07] "[36mGET /static/images/refrigerators/french-door.png HTTP/1.1[0m" 304 -
127.0.0.1 - - [29/Jun/2021 01:28:10] "GET /appliances/refrigerators HTTP/1.1" 200 -
127.0.0.1 - - [29/Jun/2021 01:28:10] "[33mGET /robots.txt?1624944490162 HTTP/1.1[0m" 404 -
127.0.0.1 - - [29/Jun/2021 01:28:13] "POST /appliances/refrigerators HTTP/1.1" 200 -
127.0.0.1 - - [29/Jun/2021 01:28:13] "[33mGET /robots.txt?1624944493421 HTTP/1.1[0m" 404 -
127.0.0.1 - - [29/Jun/2021 01:28:13] "[36mGET /static/css/styles.css HTTP/1.1[0m" 304 -
127.0.0.1 - - [29/Jun/2021 01:28:13] "[36mGET /static/images/logo.svg HTTP/1.1[0m" 304 -
127.0.0.1 - - [29/Jun/2021 01:28:13] "[36mGET /static/images/refrigerators/french-door.png HTTP/1.1[0m" 304 -
127.0.0.1 - - [29/Jun/2021 01:28:15] "GET /appliances/refrigerators HTTP/1.1" 200 -
127.0.0.1 - - [29/Jun/2021 01:28:15] "[33mGET /robots.txt?1624944495188 HTTP/1.1[0m" 404 -
127.0.0.1 - - [29/Jun/2021 01:28:45] "GET /appliances/refrigerators HTTP/1.1" 200 -
127.0.0.1 - - [29/Jun/2021 01:28:45] "[33mGET /robots.txt?1624944525401 HTTP/1.1[0m" 404 -
127.0.0.1 - - [29/Jun/2021 01:28:45] "[36mGET /static/css/styles.css HTTP/1.1[0m" 304 -
127.0.0.1 - - [29/Jun/2021 01:28:45] "[36mGET /static/images/logo.svg HTTP/1.1[0m" 304 -
127.0.0.1 - - [29/Jun/2021 01:28:45] "[36mGET /static/images/refrigerators/french-door.png HTTP/1.1[0m" 304 -
127.0.0.1 - - [29/Jun/2021 01:28:45] "[36mGET /static/images/refrigerators/side-by-side.png HTTP/1.1[0m" 304 -
127.0.0.1 - - [29/Jun/2021 01:28:45] "[36mGET /static/images/refrigerators/botton-freezer.png HTTP/1.1[0m" 304 -
127.0.0.1 - - [29/Jun/2021 01:28:45] "[36mGET /static/images/refrigerators/top-fridge.png HTTP/1.1[0m" 304 -
127.0.0.1 - - [29/Jun/2021 01:28:45] "[36mGET /static/images/refrigerators/freezerless-fridge.jpg HTTP/1.1[0m" 304 -
127.0.0.1 - - [29/Jun/2021 01:28:45] "[36mGET /static/images/refrigerators/upright-freezer.png HTTP/1.1[0m" 304 -
127.0.0.1 - - [29/Jun/2021 01:28:45] "[36mGET /static/images/refrigerators/chest-freezer.png HTTP/1.1[0m" 304 -
127.0.0.1 - - [29/Jun/2021 01:28:45] "[36mGET /static/images/refrigerators/mini-fridge.jpg HTTP/1.1[0m" 304 -
127.0.0.1 - - [29/Jun/2021 01:28:45] "[36mGET /static/images/stainless_steel.jpg HTTP/1.1[0m" 304 -
127.0.0.1 - - [29/Jun/2021 01:28:45] "[36mGET /static/images/black.png HTTP/1.1[0m" 304 -
127.0.0.1 - - [29/Jun/2021 01:28:45] "[36mGET /static/images/white.png HTTP/1.1[0m" 304 -
127.0.0.1 - - [29/Jun/2021 01:29:15] "GET /appliances/refrigerators HTTP/1.1" 200 -
127.0.0.1 - - [29/Jun/2021 01:29:15] "[33mGET /robots.txt?1624944555637 HTTP/1.1[0m" 404 -
127.0.0.1 - - [29/Jun/2021 01:29:15] "[36mGET /static/css/styles.css HTTP/1.1[0m" 304 -
127.0.0.1 - - [29/Jun/2021 01:29:15] "[36mGET /static/images/logo.svg HTTP/1.1[0m" 304 -
127.0.0.1 - - [29/Jun/2021 01:29:15] "[36mGET /static/images/refrigerators/french-door.png HTTP/1.1[0m" 304 -
127.0.0.1 - - [29/Jun/2021 01:29:15] "[36mGET /static/images/refrigerators/side-by-side.png HTTP/1.1[0m" 304 -
127.0.0.1 - - [29/Jun/2021 01:29:15] "[36mGET /static/images/refrigerators/botton-freezer.png HTTP/1.1[0m" 304 -
127.0.0.1 - - [29/Jun/2021 01:29:15] "[36mGET /static/images/refrigerators/top-fridge.png HTTP/1.1[0m" 304 -
127.0.0.1 - - [29/Jun/2021 01:29:15] "[36mGET /static/images/refrigerators/freezerless-fridge.jpg HTTP/1.1[0m" 304 -
127.0.0.1 - - [29/Jun/2021 01:29:15] "[36mGET /static/images/refrigerators/upright-freezer.png HTTP/1.1[0m" 304 -
127.0.0.1 - - [29/Jun/2021 01:29:15] "[36mGET /static/images/refrigerators/chest-freezer.png HTTP/1.1[0m" 304 -
127.0.0.1 - - [29/Jun/2021 01:29:15] "[36mGET /static/images/refrigerators/mini-fridge.jpg HTTP/1.1[0m" 304 -
127.0.0.1 - - [29/Jun/2021 01:29:15] "[36mGET /static/images/stainless_steel.jpg HTTP/1.1[0m" 304 -
127.0.0.1 - - [29/Jun/2021 01:29:15] "[36mGET /static/images/black.png HTTP/1.1[0m" 304 -
127.0.0.1 - - [29/Jun/2021 01:29:15] "[36mGET /static/images/white.png HTTP/1.1[0m" 304 -
127.0.0.1 - - [29/Jun/2021 01:29:45] "GET /appliances/refrigerators HTTP/1.1" 200 -
127.0.0.1 - - [29/Jun/2021 01:29:45] "[33mGET /robots.txt?1624944585932 HTTP/1.1[0m" 404 -
127.0.0.1 - - [29/Jun/2021 01:29:45] "[36mGET /static/css/styles.css HTTP/1.1[0m" 304 -
127.0.0.1 - - [29/Jun/2021 01:29:45] "[36mGET /static/images/logo.svg HTTP/1.1[0m" 304 -
127.0.0.1 - - [29/Jun/2021 01:29:46] "[36mGET /static/images/refrigerators/french-door.png HTTP/1.1[0m" 304 -
127.0.0.1 - - [29/Jun/2021 01:29:46] "[36mGET /static/images/refrigerators/botton-freezer.png HTTP/1.1[0m" 304 -
127.0.0.1 - - [29/Jun/2021 01:29:46] "[36mGET /static/images/refrigerators/side-by-side.png HTTP/1.1[0m" 304 -
127.0.0.1 - - [29/Jun/2021 01:29:46] "[36mGET /static/images/refrigerators/top-fridge.png HTTP/1.1[0m" 304 -
127.0.0.1 - - [29/Jun/2021 01:29:46] "[36mGET /static/images/refrigerators/freezerless-fridge.jpg HTTP/1.1[0m" 304 -
127.0.0.1 - - [29/Jun/2021 01:29:46] "[36mGET /static/images/refrigerators/upright-freezer.png HTTP/1.1[0m" 304 -
127.0.0.1 - - [29/Jun/2021 01:29:46] "[36mGET /static/images/black.png HTTP/1.1[0m" 304 -
127.0.0.1 - - [29/Jun/2021 01:29:46] "[36mGET /static/images/white.png HTTP/1.1[0m" 304 -
127.0.0.1 - - [29/Jun/2021 01:29:46] "[36mGET /static/images/refrigerators/mini-fridge.jpg HTTP/1.1[0m" 304 -
127.0.0.1 - - [29/Jun/2021 01:29:46] "[36mGET /static/images/stainless_steel.jpg HTTP/1.1[0m" 304 -
127.0.0.1 - - [29/Jun/2021 01:29:46] "[36mGET /static/images/refrigerators/chest-freezer.png HTTP/1.1[0m" 304 -
127.0.0.1 - - [29/Jun/2021 01:30:16] "GET /appliances/refrigerators HTTP/1.1" 200 -
127.0.0.1 - - [29/Jun/2021 01:30:16] "[33mGET /robots.txt?1624944616220 HTTP/1.1[0m" 404 -
127.0.0.1 - - [29/Jun/2021 01:30:16] "GET /static/css/styles.css HTTP/1.1" 200 -
127.0.0.1 - - [29/Jun/2021 01:30:16] "[36mGET /static/images/logo.svg HTTP/1.1[0m" 304 -
127.0.0.1 - - [29/Jun/2021 01:30:16] "[36mGET /static/images/refrigerators/french-door.png HTTP/1.1[0m" 304 -
127.0.0.1 - - [29/Jun/2021 01:30:16] "[36mGET /static/images/refrigerators/side-by-side.png HTTP/1.1[0m" 304 -
127.0.0.1 - - [29/Jun/2021 01:30:16] "[36mGET /static/images/refrigerators/botton-freezer.png HTTP/1.1[0m" 304 -
127.0.0.1 - - [29/Jun/2021 01:30:16] "[36mGET /static/images/refrigerators/top-fridge.png HTTP/1.1[0m" 304 -
127.0.0.1 - - [29/Jun/2021 01:30:16] "[36mGET /static/images/refrigerators/freezerless-fridge.jpg HTTP/1.1[0m" 304 -
127.0.0.1 - - [29/Jun/2021 01:30:16] "[36mGET /static/images/refrigerators/upright-freezer.png HTTP/1.1[0m" 304 -
127.0.0.1 - - [29/Jun/2021 01:30:16] "[36mGET /static/images/refrigerators/chest-freezer.png HTTP/1.1[0m" 304 -
127.0.0.1 - - [29/Jun/2021 01:30:16] "[36mGET /static/images/refrigerators/mini-fridge.jpg HTTP/1.1[0m" 304 -
127.0.0.1 - - [29/Jun/2021 01:30:16] "[36mGET /static/images/stainless_steel.jpg HTTP/1.1[0m" 304 -
127.0.0.1 - - [29/Jun/2021 01:30:16] "[36mGET /static/images/black.png HTTP/1.1[0m" 304 -
127.0.0.1 - - [29/Jun/2021 01:30:16] "[36mGET /static/images/white.png HTTP/1.1[0m" 304 -
127.0.0.1 - - [29/Jun/2021 01:30:33] "GET /appliances/refrigerators HTTP/1.1" 200 -
127.0.0.1 - - [29/Jun/2021 01:30:33] "[33mGET /robots.txt?1624944633879 HTTP/1.1[0m" 404 -
127.0.0.1 - - [29/Jun/2021 01:30:33] "GET /static/css/styles.css HTTP/1.1" 200 -
127.0.0.1 - - [29/Jun/2021 01:30:33] "[36mGET /static/images/logo.svg HTTP/1.1[0m" 304 -
127.0.0.1 - - [29/Jun/2021 01:30:33] "[36mGET /static/images/refrigerators/french-door.png HTTP/1.1[0m" 304 -
127.0.0.1 - - [29/Jun/2021 01:30:33] "[36mGET /static/images/refrigerators/side-by-side.png HTTP/1.1[0m" 304 -
127.0.0.1 - - [29/Jun/2021 01:30:33] "[36mGET /static/images/refrigerators/botton-freezer.png HTTP/1.1[0m" 304 -
127.0.0.1 - - [29/Jun/2021 01:30:33] "[36mGET /static/images/refrigerators/top-fridge.png HTTP/1.1[0m" 304 -
127.0.0.1 - - [29/Jun/2021 01:30:33] "[36mGET /static/images/refrigerators/freezerless-fridge.jpg HTTP/1.1[0m" 304 -
127.0.0.1 - - [29/Jun/2021 01:30:33] "[36mGET /static/images/refrigerators/upright-freezer.png HTTP/1.1[0m" 304 -
127.0.0.1 - - [29/Jun/2021 01:30:33] "[36mGET /static/images/refrigerators/chest-freezer.png HTTP/1.1[0m" 304 -
127.0.0.1 - - [29/Jun/2021 01:30:33] "[36mGET /static/images/refrigerators/mini-fridge.jpg HTTP/1.1[0m" 304 -
127.0.0.1 - - [29/Jun/2021 01:30:33] "[36mGET /static/images/black.png HTTP/1.1[0m" 304 -
127.0.0.1 - - [29/Jun/2021 01:30:33] "[36mGET /static/images/white.png HTTP/1.1[0m" 304 -
127.0.0.1 - - [29/Jun/2021 01:30:33] "[36mGET /static/images/stainless_steel.jpg HTTP/1.1[0m" 304 -
127.0.0.1 - - [29/Jun/2021 01:30:34] "GET /appliances/refrigerators HTTP/1.1" 200 -
127.0.0.1 - - [29/Jun/2021 01:30:34] "[33mGET /robots.txt?1624944634640 HTTP/1.1[0m" 404 -
127.0.0.1 - - [29/Jun/2021 01:30:34] "[36mGET /static/css/styles.css HTTP/1.1[0m" 304 -
127.0.0.1 - - [29/Jun/2021 01:30:34] "[36mGET /static/images/logo.svg HTTP/1.1[0m" 304 -
127.0.0.1 - - [29/Jun/2021 01:30:34] "[36mGET /static/images/refrigerators/french-door.png HTTP/1.1[0m" 304 -
127.0.0.1 - - [29/Jun/2021 01:30:34] "[36mGET /static/images/refrigerators/side-by-side.png HTTP/1.1[0m" 304 -
127.0.0.1 - - [29/Jun/2021 01:30:34] "[36mGET /static/images/refrigerators/botton-freezer.png HTTP/1.1[0m" 304 -
127.0.0.1 - - [29/Jun/2021 01:30:34] "[36mGET /static/images/refrigerators/top-fridge.png HTTP/1.1[0m" 304 -
127.0.0.1 - - [29/Jun/2021 01:30:34] "[36mGET /static/images/refrigerators/freezerless-fridge.jpg HTTP/1.1[0m" 304 -
127.0.0.1 - - [29/Jun/2021 01:30:34] "[36mGET /static/images/refrigerators/upright-freezer.png HTTP/1.1[0m" 304 -
127.0.0.1 - - [29/Jun/2021 01:30:34] "[36mGET /static/images/refrigerators/chest-freezer.png HTTP/1.1[0m" 304 -
127.0.0.1 - - [29/Jun/2021 01:30:34] "[36mGET /static/images/refrigerators/mini-fridge.jpg HTTP/1.1[0m" 304 -
127.0.0.1 - - [29/Jun/2021 01:30:34] "[36mGET /static/images/stainless_steel.jpg HTTP/1.1[0m" 304 -
127.0.0.1 - - [29/Jun/2021 01:30:34] "[36mGET /static/images/black.png HTTP/1.1[0m" 304 -
127.0.0.1 - - [29/Jun/2021 01:30:34] "[36mGET /static/images/white.png HTTP/1.1[0m" 304 -
127.0.0.1 - - [29/Jun/2021 01:30:35] "GET /appliances/refrigerators HTTP/1.1" 200 -
127.0.0.1 - - [29/Jun/2021 01:30:35] "[33mGET /robots.txt?1624944635300 HTTP/1.1[0m" 404 -
127.0.0.1 - - [29/Jun/2021 01:30:35] "[36mGET /static/css/styles.css HTTP/1.1[0m" 304 -
127.0.0.1 - - [29/Jun/2021 01:30:35] "[36mGET /static/images/logo.svg HTTP/1.1[0m" 304 -
127.0.0.1 - - [29/Jun/2021 01:30:35] "[36mGET /static/images/refrigerators/side-by-side.png HTTP/1.1[0m" 304 -
127.0.0.1 - - [29/Jun/2021 01:30:35] "[36mGET /static/images/refrigerators/french-door.png HTTP/1.1[0m" 304 -
127.0.0.1 - - [29/Jun/2021 01:30:35] "[36mGET /static/images/refrigerators/botton-freezer.png HTTP/1.1[0m" 304 -
127.0.0.1 - - [29/Jun/2021 01:30:35] "[36mGET /static/images/refrigerators/top-fridge.png HTTP/1.1[0m" 304 -
127.0.0.1 - - [29/Jun/2021 01:30:35] "[36mGET /static/images/refrigerators/freezerless-fridge.jpg HTTP/1.1[0m" 304 -
127.0.0.1 - - [29/Jun/2021 01:30:35] "[36mGET /static/images/refrigerators/upright-freezer.png HTTP/1.1[0m" 304 -
127.0.0.1 - - [29/Jun/2021 01:30:35] "[36mGET /static/images/refrigerators/chest-freezer.png HTTP/1.1[0m" 304 -
127.0.0.1 - - [29/Jun/2021 01:30:35] "[36mGET /static/images/refrigerators/mini-fridge.jpg HTTP/1.1[0m" 304 -
127.0.0.1 - - [29/Jun/2021 01:30:35] "[36mGET /static/images/stainless_steel.jpg HTTP/1.1[0m" 304 -
127.0.0.1 - - [29/Jun/2021 01:30:35] "[36mGET /static/images/black.png HTTP/1.1[0m" 304 -
127.0.0.1 - - [29/Jun/2021 01:30:35] "[36mGET /static/images/white.png HTTP/1.1[0m" 304 -
127.0.0.1 - - [29/Jun/2021 01:30:35] "GET /appliances/refrigerators HTTP/1.1" 200 -
127.0.0.1 - - [29/Jun/2021 01:30:35] "[33mGET /robots.txt?1624944635513 HTTP/1.1[0m" 404 -
127.0.0.1 - - [29/Jun/2021 01:30:35] "[36mGET /static/css/styles.css HTTP/1.1[0m" 304 -
127.0.0.1 - - [29/Jun/2021 01:30:35] "[36mGET /static/images/logo.svg HTTP/1.1[0m" 304 -
127.0.0.1 - - [29/Jun/2021 01:30:35] "[36mGET /static/images/refrigerators/french-door.png HTTP/1.1[0m" 304 -
127.0.0.1 - - [29/Jun/2021 01:30:35] "[36mGET /static/images/refrigerators/botton-freezer.png HTTP/1.1[0m" 304 -
127.0.0.1 - - [29/Jun/2021 01:30:35] "[36mGET /static/images/refrigerators/side-by-side.png HTTP/1.1[0m" 304 -
127.0.0.1 - - [29/Jun/2021 01:30:35] "[36mGET /static/images/refrigerators/top-fridge.png HTTP/1.1[0m" 304 -
127.0.0.1 - - [29/Jun/2021 01:30:35] "[36mGET /static/images/refrigerators/freezerless-fridge.jpg HTTP/1.1[0m" 304 -
127.0.0.1 - - [29/Jun/2021 01:30:35] "[36mGET /static/images/refrigerators/upright-freezer.png HTTP/1.1[0m" 304 -
127.0.0.1 - - [29/Jun/2021 01:30:35] "[36mGET /static/images/black.png HTTP/1.1[0m" 304 -
127.0.0.1 - - [29/Jun/2021 01:30:35] "[36mGET /static/images/white.png HTTP/1.1[0m" 304 -
127.0.0.1 - - [29/Jun/2021 01:30:35] "[36mGET /static/images/refrigerators/mini-fridge.jpg HTTP/1.1[0m" 304 -
127.0.0.1 - - [29/Jun/2021 01:30:35] "[36mGET /static/images/refrigerators/chest-freezer.png HTTP/1.1[0m" 304 -
127.0.0.1 - - [29/Jun/2021 01:30:35] "[36mGET /static/images/stainless_steel.jpg HTTP/1.1[0m" 304 -
127.0.0.1 - - [29/Jun/2021 01:30:45] "GET /appliances/refrigerators HTTP/1.1" 200 -
127.0.0.1 - - [29/Jun/2021 01:30:45] "[33mGET /robots.txt?1624944645743 HTTP/1.1[0m" 404 -
127.0.0.1 - - [29/Jun/2021 01:30:45] "[36mGET /static/css/styles.css HTTP/1.1[0m" 304 -
127.0.0.1 - - [29/Jun/2021 01:30:45] "[36mGET /static/images/logo.svg HTTP/1.1[0m" 304 -
127.0.0.1 - - [29/Jun/2021 01:30:45] "[36mGET /static/images/refrigerators/french-door.png HTTP/1.1[0m" 304 -
127.0.0.1 - - [29/Jun/2021 01:30:45] "[36mGET /static/images/refrigerators/side-by-side.png HTTP/1.1[0m" 304 -
127.0.0.1 - - [29/Jun/2021 01:30:45] "[36mGET /static/images/refrigerators/botton-freezer.png HTTP/1.1[0m" 304 -
127.0.0.1 - - [29/Jun/2021 01:30:45] "[36mGET /static/images/refrigerators/top-fridge.png HTTP/1.1[0m" 304 -
127.0.0.1 - - [29/Jun/2021 01:30:45] "[36mGET /static/images/refrigerators/freezerless-fridge.jpg HTTP/1.1[0m" 304 -
127.0.0.1 - - [29/Jun/2021 01:30:45] "[36mGET /static/images/black.png HTTP/1.1[0m" 304 -
127.0.0.1 - - [29/Jun/2021 01:30:45] "[36mGET /static/images/refrigerators/upright-freezer.png HTTP/1.1[0m" 304 -
127.0.0.1 - - [29/Jun/2021 01:30:45] "[36mGET /static/images/refrigerators/mini-fridge.jpg HTTP/1.1[0m" 304 -
127.0.0.1 - - [29/Jun/2021 01:30:45] "[36mGET /static/images/refrigerators/chest-freezer.png HTTP/1.1[0m" 304 -
127.0.0.1 - - [29/Jun/2021 01:30:45] "[36mGET /static/images/white.png HTTP/1.1[0m" 304 -
127.0.0.1 - - [29/Jun/2021 01:30:45] "[36mGET /static/images/stainless_steel.jpg HTTP/1.1[0m" 304 -
127.0.0.1 - - [29/Jun/2021 01:31:15] "GET /appliances/refrigerators HTTP/1.1" 200 -
127.0.0.1 - - [29/Jun/2021 01:31:15] "[33mGET /robots.txt?1624944675941 HTTP/1.1[0m" 404 -
127.0.0.1 - - [29/Jun/2021 01:31:15] "[36mGET /static/css/styles.css HTTP/1.1[0m" 304 -
127.0.0.1 - - [29/Jun/2021 01:31:16] "[36mGET /static/images/logo.svg HTTP/1.1[0m" 304 -
127.0.0.1 - - [29/Jun/2021 01:31:16] "[36mGET /static/images/refrigerators/french-door.png HTTP/1.1[0m" 304 -
127.0.0.1 - - [29/Jun/2021 01:31:16] "[36mGET /static/images/refrigerators/side-by-side.png HTTP/1.1[0m" 304 -
127.0.0.1 - - [29/Jun/2021 01:31:16] "[36mGET /static/images/refrigerators/botton-freezer.png HTTP/1.1[0m" 304 -
127.0.0.1 - - [29/Jun/2021 01:31:16] "[36mGET /static/images/refrigerators/top-fridge.png HTTP/1.1[0m" 304 -
127.0.0.1 - - [29/Jun/2021 01:31:16] "[36mGET /static/images/refrigerators/freezerless-fridge.jpg HTTP/1.1[0m" 304 -
127.0.0.1 - - [29/Jun/2021 01:31:16] "[36mGET /static/images/refrigerators/upright-freezer.png HTTP/1.1[0m" 304 -
127.0.0.1 - - [29/Jun/2021 01:31:16] "[36mGET /static/images/refrigerators/chest-freezer.png HTTP/1.1[0m" 304 -
127.0.0.1 - - [29/Jun/2021 01:31:16] "[36mGET /static/images/refrigerators/mini-fridge.jpg HTTP/1.1[0m" 304 -
127.0.0.1 - - [29/Jun/2021 01:31:16] "[36mGET /static/images/stainless_steel.jpg HTTP/1.1[0m" 304 -
127.0.0.1 - - [29/Jun/2021 01:31:16] "[36mGET /static/images/black.png HTTP/1.1[0m" 304 -
127.0.0.1 - - [29/Jun/2021 01:31:16] "[36mGET /static/images/white.png HTTP/1.1[0m" 304 -
127.0.0.1 - - [29/Jun/2021 01:31:46] "GET /appliances/refrigerators HTTP/1.1" 200 -
127.0.0.1 - - [29/Jun/2021 01:31:46] "[33mGET /robots.txt?1624944706143 HTTP/1.1[0m" 404 -
127.0.0.1 - - [29/Jun/2021 01:31:46] "[36mGET /static/css/styles.css HTTP/1.1[0m" 304 -
127.0.0.1 - - [29/Jun/2021 01:31:46] "[36mGET /static/images/logo.svg HTTP/1.1[0m" 304 -
127.0.0.1 - - [29/Jun/2021 01:31:46] "[36mGET /static/images/refrigerators/french-door.png HTTP/1.1[0m" 304 -
127.0.0.1 - - [29/Jun/2021 01:31:46] "[36mGET /static/images/refrigerators/side-by-side.png HTTP/1.1[0m" 304 -
127.0.0.1 - - [29/Jun/2021 01:31:46] "[36mGET /static/images/refrigerators/botton-freezer.png HTTP/1.1[0m" 304 -
127.0.0.1 - - [29/Jun/2021 01:31:46] "[36mGET /static/images/refrigerators/top-fridge.png HTTP/1.1[0m" 304 -
127.0.0.1 - - [29/Jun/2021 01:31:46] "[36mGET /static/images/refrigerators/freezerless-fridge.jpg HTTP/1.1[0m" 304 -
127.0.0.1 - - [29/Jun/2021 01:31:46] "[36mGET /static/images/refrigerators/upright-freezer.png HTTP/1.1[0m" 304 -
127.0.0.1 - - [29/Jun/2021 01:31:46] "[36mGET /static/images/refrigerators/chest-freezer.png HTTP/1.1[0m" 304 -
127.0.0.1 - - [29/Jun/2021 01:31:46] "[36mGET /static/images/refrigerators/mini-fridge.jpg HTTP/1.1[0m" 304 -
127.0.0.1 - - [29/Jun/2021 01:31:46] "[36mGET /static/images/stainless_steel.jpg HTTP/1.1[0m" 304 -
127.0.0.1 - - [29/Jun/2021 01:31:46] "[36mGET /static/images/black.png HTTP/1.1[0m" 304 -
127.0.0.1 - - [29/Jun/2021 01:31:46] "[36mGET /static/images/white.png HTTP/1.1[0m" 304 -
127.0.0.1 - - [29/Jun/2021 01:32:16] "GET /appliances/refrigerators HTTP/1.1" 200 -
127.0.0.1 - - [29/Jun/2021 01:32:16] "[33mGET /robots.txt?1624944736370 HTTP/1.1[0m" 404 -
127.0.0.1 - - [29/Jun/2021 01:32:16] "[36mGET /static/css/styles.css HTTP/1.1[0m" 304 -
127.0.0.1 - - [29/Jun/2021 01:32:16] "[36mGET /static/images/logo.svg HTTP/1.1[0m" 304 -
127.0.0.1 - - [29/Jun/2021 01:32:16] "[36mGET /static/images/refrigerators/french-door.png HTTP/1.1[0m" 304 -
127.0.0.1 - - [29/Jun/2021 01:32:16] "[36mGET /static/images/refrigerators/side-by-side.png HTTP/1.1[0m" 304 -
127.0.0.1 - - [29/Jun/2021 01:32:16] "[36mGET /static/images/refrigerators/botton-freezer.png HTTP/1.1[0m" 304 -
127.0.0.1 - - [29/Jun/2021 01:32:16] "[36mGET /static/images/refrigerators/top-fridge.png HTTP/1.1[0m" 304 -
127.0.0.1 - - [29/Jun/2021 01:32:16] "[36mGET /static/images/refrigerators/freezerless-fridge.jpg HTTP/1.1[0m" 304 -
127.0.0.1 - - [29/Jun/2021 01:32:16] "[36mGET /static/images/refrigerators/upright-freezer.png HTTP/1.1[0m" 304 -
127.0.0.1 - - [29/Jun/2021 01:32:16] "[36mGET /static/images/refrigerators/chest-freezer.png HTTP/1.1[0m" 304 -
127.0.0.1 - - [29/Jun/2021 01:32:16] "[36mGET /static/images/refrigerators/mini-fridge.jpg HTTP/1.1[0m" 304 -
127.0.0.1 - - [29/Jun/2021 01:32:16] "[36mGET /static/images/stainless_steel.jpg HTTP/1.1[0m" 304 -
127.0.0.1 - - [29/Jun/2021 01:32:16] "[36mGET /static/images/black.png HTTP/1.1[0m" 304 -
127.0.0.1 - - [29/Jun/2021 01:32:16] "[36mGET /static/images/white.png HTTP/1.1[0m" 304 -
127.0.0.1 - - [29/Jun/2021 01:32:46] "GET /appliances/refrigerators HTTP/1.1" 200 -
127.0.0.1 - - [29/Jun/2021 01:32:46] "[33mGET /robots.txt?1624944766573 HTTP/1.1[0m" 404 -
127.0.0.1 - - [29/Jun/2021 01:32:46] "[36mGET /static/css/styles.css HTTP/1.1[0m" 304 -
127.0.0.1 - - [29/Jun/2021 01:32:46] "[36mGET /static/images/logo.svg HTTP/1.1[0m" 304 -
127.0.0.1 - - [29/Jun/2021 01:32:46] "[36mGET /static/images/refrigerators/french-door.png HTTP/1.1[0m" 304 -
127.0.0.1 - - [29/Jun/2021 01:32:46] "[36mGET /static/images/refrigerators/side-by-side.png HTTP/1.1[0m" 304 -
127.0.0.1 - - [29/Jun/2021 01:32:46] "[36mGET /static/images/refrigerators/botton-freezer.png HTTP/1.1[0m" 304 -
127.0.0.1 - - [29/Jun/2021 01:32:46] "[36mGET /static/images/refrigerators/top-fridge.png HTTP/1.1[0m" 304 -
127.0.0.1 - - [29/Jun/2021 01:32:46] "[36mGET /static/images/refrigerators/freezerless-fridge.jpg HTTP/1.1[0m" 304 -
127.0.0.1 - - [29/Jun/2021 01:32:46] "[36mGET /static/images/refrigerators/upright-freezer.png HTTP/1.1[0m" 304 -
127.0.0.1 - - [29/Jun/2021 01:32:46] "[36mGET /static/images/refrigerators/chest-freezer.png HTTP/1.1[0m" 304 -
127.0.0.1 - - [29/Jun/2021 01:32:46] "[36mGET /static/images/refrigerators/mini-fridge.jpg HTTP/1.1[0m" 304 -
127.0.0.1 - - [29/Jun/2021 01:32:46] "[36mGET /static/images/stainless_steel.jpg HTTP/1.1[0m" 304 -
127.0.0.1 - - [29/Jun/2021 01:32:46] "[36mGET /static/images/black.png HTTP/1.1[0m" 304 -
127.0.0.1 - - [29/Jun/2021 01:32:46] "[36mGET /static/images/white.png HTTP/1.1[0m" 304 -
127.0.0.1 - - [29/Jun/2021 01:33:16] "GET /appliances/refrigerators HTTP/1.1" 200 -
127.0.0.1 - - [29/Jun/2021 01:33:16] "[33mGET /robots.txt?1624944796817 HTTP/1.1[0m" 404 -
127.0.0.1 - - [29/Jun/2021 01:33:16] "[36mGET /static/css/styles.css HTTP/1.1[0m" 304 -
127.0.0.1 - - [29/Jun/2021 01:33:16] "[36mGET /static/images/logo.svg HTTP/1.1[0m" 304 -
127.0.0.1 - - [29/Jun/2021 01:33:16] "[36mGET /static/images/refrigerators/french-door.png HTTP/1.1[0m" 304 -
127.0.0.1 - - [29/Jun/2021 01:33:16] "[36mGET /static/images/refrigerators/side-by-side.png HTTP/1.1[0m" 304 -
127.0.0.1 - - [29/Jun/2021 01:33:16] "[36mGET /static/images/refrigerators/botton-freezer.png HTTP/1.1[0m" 304 -
127.0.0.1 - - [29/Jun/2021 01:33:16] "[36mGET /static/images/refrigerators/top-fridge.png HTTP/1.1[0m" 304 -
127.0.0.1 - - [29/Jun/2021 01:33:16] "[36mGET /static/images/refrigerators/freezerless-fridge.jpg HTTP/1.1[0m" 304 -
127.0.0.1 - - [29/Jun/2021 01:33:16] "[36mGET /static/images/refrigerators/upright-freezer.png HTTP/1.1[0m" 304 -
127.0.0.1 - - [29/Jun/2021 01:33:16] "[36mGET /static/images/refrigerators/chest-freezer.png HTTP/1.1[0m" 304 -
127.0.0.1 - - [29/Jun/2021 01:33:16] "[36mGET /static/images/refrigerators/mini-fridge.jpg HTTP/1.1[0m" 304 -
127.0.0.1 - - [29/Jun/2021 01:33:16] "[36mGET /static/images/stainless_steel.jpg HTTP/1.1[0m" 304 -
127.0.0.1 - - [29/Jun/2021 01:33:16] "[36mGET /static/images/black.png HTTP/1.1[0m" 304 -
127.0.0.1 - - [29/Jun/2021 01:33:16] "[36mGET /static/images/white.png HTTP/1.1[0m" 304 -
127.0.0.1 - - [29/Jun/2021 01:33:47] "GET /appliances/refrigerators HTTP/1.1" 200 -
127.0.0.1 - - [29/Jun/2021 01:33:47] "[33mGET /robots.txt?1624944827068 HTTP/1.1[0m" 404 -
127.0.0.1 - - [29/Jun/2021 01:33:47] "[36mGET /static/css/styles.css HTTP/1.1[0m" 304 -
127.0.0.1 - - [29/Jun/2021 01:33:47] "[36mGET /static/images/logo.svg HTTP/1.1[0m" 304 -
127.0.0.1 - - [29/Jun/2021 01:33:47] "[36mGET /static/images/refrigerators/french-door.png HTTP/1.1[0m" 304 -
127.0.0.1 - - [29/Jun/2021 01:33:47] "[36mGET /static/images/refrigerators/side-by-side.png HTTP/1.1[0m" 304 -
127.0.0.1 - - [29/Jun/2021 01:33:47] "[36mGET /static/images/refrigerators/botton-freezer.png HTTP/1.1[0m" 304 -
127.0.0.1 - - [29/Jun/2021 01:33:47] "[36mGET /static/images/refrigerators/top-fridge.png HTTP/1.1[0m" 304 -
127.0.0.1 - - [29/Jun/2021 01:33:47] "[36mGET /static/images/refrigerators/freezerless-fridge.jpg HTTP/1.1[0m" 304 -
127.0.0.1 - - [29/Jun/2021 01:33:47] "[36mGET /static/images/refrigerators/upright-freezer.png HTTP/1.1[0m" 304 -
127.0.0.1 - - [29/Jun/2021 01:33:47] "[36mGET /static/images/refrigerators/chest-freezer.png HTTP/1.1[0m" 304 -
127.0.0.1 - - [29/Jun/2021 01:33:47] "[36mGET /static/images/refrigerators/mini-fridge.jpg HTTP/1.1[0m" 304 -
127.0.0.1 - - [29/Jun/2021 01:33:47] "[36mGET /static/images/stainless_steel.jpg HTTP/1.1[0m" 304 -
127.0.0.1 - - [29/Jun/2021 01:33:47] "[36mGET /static/images/black.png HTTP/1.1[0m" 304 -
127.0.0.1 - - [29/Jun/2021 01:33:47] "[36mGET /static/images/white.png HTTP/1.1[0m" 304 -
127.0.0.1 - - [29/Jun/2021 01:34:17] "GET /appliances/refrigerators HTTP/1.1" 200 -
127.0.0.1 - - [29/Jun/2021 01:34:17] "[33mGET /robots.txt?1624944857283 HTTP/1.1[0m" 404 -
127.0.0.1 - - [29/Jun/2021 01:34:17] "[36mGET /static/css/styles.css HTTP/1.1[0m" 304 -
127.0.0.1 - - [29/Jun/2021 01:34:17] "[36mGET /static/images/logo.svg HTTP/1.1[0m" 304 -
127.0.0.1 - - [29/Jun/2021 01:34:17] "[36mGET /static/images/refrigerators/french-door.png HTTP/1.1[0m" 304 -
127.0.0.1 - - [29/Jun/2021 01:34:17] "[36mGET /static/images/refrigerators/side-by-side.png HTTP/1.1[0m" 304 -
127.0.0.1 - - [29/Jun/2021 01:34:17] "[36mGET /static/images/refrigerators/botton-freezer.png HTTP/1.1[0m" 304 -
127.0.0.1 - - [29/Jun/2021 01:34:17] "[36mGET /static/images/refrigerators/top-fridge.png HTTP/1.1[0m" 304 -
127.0.0.1 - - [29/Jun/2021 01:34:17] "[36mGET /static/images/refrigerators/freezerless-fridge.jpg HTTP/1.1[0m" 304 -
127.0.0.1 - - [29/Jun/2021 01:34:17] "[36mGET /static/images/refrigerators/upright-freezer.png HTTP/1.1[0m" 304 -
127.0.0.1 - - [29/Jun/2021 01:34:17] "[36mGET /static/images/refrigerators/chest-freezer.png HTTP/1.1[0m" 304 -
127.0.0.1 - - [29/Jun/2021 01:34:17] "[36mGET /static/images/refrigerators/mini-fridge.jpg HTTP/1.1[0m" 304 -
127.0.0.1 - - [29/Jun/2021 01:34:17] "[36mGET /static/images/black.png HTTP/1.1[0m" 304 -
127.0.0.1 - - [29/Jun/2021 01:34:17] "[36mGET /static/images/white.png HTTP/1.1[0m" 304 -
127.0.0.1 - - [29/Jun/2021 01:34:17] "[36mGET /static/images/stainless_steel.jpg HTTP/1.1[0m" 304 -
127.0.0.1 - - [29/Jun/2021 01:34:19] "GET /appliances/refrigerators HTTP/1.1" 200 -
127.0.0.1 - - [29/Jun/2021 01:34:19] "[33mGET /robots.txt?1624944859415 HTTP/1.1[0m" 404 -
127.0.0.1 - - [29/Jun/2021 01:34:19] "[36mGET /static/css/styles.css HTTP/1.1[0m" 304 -
127.0.0.1 - - [29/Jun/2021 01:34:19] "[36mGET /static/images/logo.svg HTTP/1.1[0m" 304 -
127.0.0.1 - - [29/Jun/2021 01:34:19] "[36mGET /static/images/refrigerators/french-door.png HTTP/1.1[0m" 304 -
127.0.0.1 - - [29/Jun/2021 01:34:19] "[36mGET /static/images/refrigerators/side-by-side.png HTTP/1.1[0m" 304 -
127.0.0.1 - - [29/Jun/2021 01:34:19] "[36mGET /static/images/refrigerators/botton-freezer.png HTTP/1.1[0m" 304 -
127.0.0.1 - - [29/Jun/2021 01:34:19] "[36mGET /static/images/refrigerators/top-fridge.png HTTP/1.1[0m" 304 -
127.0.0.1 - - [29/Jun/2021 01:34:19] "[36mGET /static/images/refrigerators/freezerless-fridge.jpg HTTP/1.1[0m" 304 -
127.0.0.1 - - [29/Jun/2021 01:34:19] "[36mGET /static/images/refrigerators/upright-freezer.png HTTP/1.1[0m" 304 -
127.0.0.1 - - [29/Jun/2021 01:34:19] "[36mGET /static/images/refrigerators/chest-freezer.png HTTP/1.1[0m" 304 -
127.0.0.1 - - [29/Jun/2021 01:34:19] "[36mGET /static/images/refrigerators/mini-fridge.jpg HTTP/1.1[0m" 304 -
127.0.0.1 - - [29/Jun/2021 01:34:19] "[36mGET /static/images/stainless_steel.jpg HTTP/1.1[0m" 304 -
127.0.0.1 - - [29/Jun/2021 01:34:19] "[36mGET /static/images/black.png HTTP/1.1[0m" 304 -
127.0.0.1 - - [29/Jun/2021 01:34:19] "[36mGET /static/images/white.png HTTP/1.1[0m" 304 -
127.0.0.1 - - [29/Jun/2021 01:34:19] "GET /appliances/refrigerators HTTP/1.1" 200 -
127.0.0.1 - - [29/Jun/2021 01:34:19] "[33mGET /robots.txt?1624944859751 HTTP/1.1[0m" 404 -
127.0.0.1 - - [29/Jun/2021 01:34:19] "[36mGET /static/css/styles.css HTTP/1.1[0m" 304 -
127.0.0.1 - - [29/Jun/2021 01:34:19] "[36mGET /static/images/logo.svg HTTP/1.1[0m" 304 -
127.0.0.1 - - [29/Jun/2021 01:34:19] "[36mGET /static/images/refrigerators/french-door.png HTTP/1.1[0m" 304 -
127.0.0.1 - - [29/Jun/2021 01:34:19] "[36mGET /static/images/refrigerators/botton-freezer.png HTTP/1.1[0m" 304 -
127.0.0.1 - - [29/Jun/2021 01:34:19] "[36mGET /static/images/refrigerators/side-by-side.png HTTP/1.1[0m" 304 -
127.0.0.1 - - [29/Jun/2021 01:34:19] "[36mGET /static/images/refrigerators/top-fridge.png HTTP/1.1[0m" 304 -
127.0.0.1 - - [29/Jun/2021 01:34:19] "[36mGET /static/images/refrigerators/freezerless-fridge.jpg HTTP/1.1[0m" 304 -
127.0.0.1 - - [29/Jun/2021 01:34:19] "[36mGET /static/images/refrigerators/upright-freezer.png HTTP/1.1[0m" 304 -
127.0.0.1 - - [29/Jun/2021 01:34:19] "[36mGET /static/images/refrigerators/chest-freezer.png HTTP/1.1[0m" 304 -
127.0.0.1 - - [29/Jun/2021 01:34:19] "[36mGET /static/images/refrigerators/mini-fridge.jpg HTTP/1.1[0m" 304 -
127.0.0.1 - - [29/Jun/2021 01:34:19] "[36mGET /static/images/stainless_steel.jpg HTTP/1.1[0m" 304 -
127.0.0.1 - - [29/Jun/2021 01:34:19] "[36mGET /static/images/black.png HTTP/1.1[0m" 304 -
127.0.0.1 - - [29/Jun/2021 01:34:19] "[36mGET /static/images/white.png HTTP/1.1[0m" 304 -
127.0.0.1 - - [29/Jun/2021 01:34:19] "GET /appliances/refrigerators HTTP/1.1" 200 -
127.0.0.1 - - [29/Jun/2021 01:34:19] "[33mGET /robots.txt?1624944859952 HTTP/1.1[0m" 404 -
127.0.0.1 - - [29/Jun/2021 01:34:19] "[36mGET /static/css/styles.css HTTP/1.1[0m" 304 -
127.0.0.1 - - [29/Jun/2021 01:34:19] "[36mGET /static/images/logo.svg HTTP/1.1[0m" 304 -
127.0.0.1 - - [29/Jun/2021 01:34:19] "[36mGET /static/images/refrigerators/french-door.png HTTP/1.1[0m" 304 -
127.0.0.1 - - [29/Jun/2021 01:34:19] "[36mGET /static/images/refrigerators/side-by-side.png HTTP/1.1[0m" 304 -
127.0.0.1 - - [29/Jun/2021 01:34:19] "[36mGET /static/images/refrigerators/botton-freezer.png HTTP/1.1[0m" 304 -
127.0.0.1 - - [29/Jun/2021 01:34:20] "[36mGET /static/images/refrigerators/top-fridge.png HTTP/1.1[0m" 304 -
127.0.0.1 - - [29/Jun/2021 01:34:20] "[36mGET /static/images/refrigerators/freezerless-fridge.jpg HTTP/1.1[0m" 304 -
127.0.0.1 - - [29/Jun/2021 01:34:20] "[36mGET /static/images/refrigerators/chest-freezer.png HTTP/1.1[0m" 304 -
127.0.0.1 - - [29/Jun/2021 01:34:20] "[36mGET /static/images/refrigerators/upright-freezer.png HTTP/1.1[0m" 304 -
127.0.0.1 - - [29/Jun/2021 01:34:20] "[36mGET /static/images/refrigerators/mini-fridge.jpg HTTP/1.1[0m" 304 -
127.0.0.1 - - [29/Jun/2021 01:34:20] "[36mGET /static/images/stainless_steel.jpg HTTP/1.1[0m" 304 -
127.0.0.1 - - [29/Jun/2021 01:34:20] "[36mGET /static/images/black.png HTTP/1.1[0m" 304 -
127.0.0.1 - - [29/Jun/2021 01:34:20] "[36mGET /static/images/white.png HTTP/1.1[0m" 304 -
127.0.0.1 - - [29/Jun/2021 01:34:45] "GET /appliances/refrigerators HTTP/1.1" 200 -
127.0.0.1 - - [29/Jun/2021 01:34:45] "[33mGET /robots.txt?1624944885080 HTTP/1.1[0m" 404 -
127.0.0.1 - - [29/Jun/2021 01:34:45] "[36mGET /static/css/styles.css HTTP/1.1[0m" 304 -
127.0.0.1 - - [29/Jun/2021 01:34:45] "[36mGET /static/images/logo.svg HTTP/1.1[0m" 304 -
127.0.0.1 - - [29/Jun/2021 01:34:45] "[36mGET /static/images/refrigerators/french-door.png HTTP/1.1[0m" 304 -
127.0.0.1 - - [29/Jun/2021 01:34:45] "[36mGET /static/images/refrigerators/side-by-side.png HTTP/1.1[0m" 304 -
127.0.0.1 - - [29/Jun/2021 01:34:45] "[36mGET /static/images/refrigerators/botton-freezer.png HTTP/1.1[0m" 304 -
127.0.0.1 - - [29/Jun/2021 01:34:45] "[36mGET /static/images/refrigerators/top-fridge.png HTTP/1.1[0m" 304 -
127.0.0.1 - - [29/Jun/2021 01:34:45] "[36mGET /static/images/refrigerators/freezerless-fridge.jpg HTTP/1.1[0m" 304 -
127.0.0.1 - - [29/Jun/2021 01:34:45] "[36mGET /static/images/refrigerators/upright-freezer.png HTTP/1.1[0m" 304 -
127.0.0.1 - - [29/Jun/2021 01:34:45] "[36mGET /static/images/black.png HTTP/1.1[0m" 304 -
127.0.0.1 - - [29/Jun/2021 01:34:45] "[36mGET /static/images/refrigerators/chest-freezer.png HTTP/1.1[0m" 304 -
127.0.0.1 - - [29/Jun/2021 01:34:45] "[36mGET /static/images/white.png HTTP/1.1[0m" 304 -
127.0.0.1 - - [29/Jun/2021 01:34:45] "[36mGET /static/images/refrigerators/mini-fridge.jpg HTTP/1.1[0m" 304 -
127.0.0.1 - - [29/Jun/2021 01:34:45] "[36mGET /static/images/stainless_steel.jpg HTTP/1.1[0m" 304 -
127.0.0.1 - - [29/Jun/2021 01:34:45] "GET /appliances/refrigerators HTTP/1.1" 200 -
127.0.0.1 - - [29/Jun/2021 01:34:45] "[33mGET /robots.txt?1624944885491 HTTP/1.1[0m" 404 -
127.0.0.1 - - [29/Jun/2021 01:34:45] "[36mGET /static/css/styles.css HTTP/1.1[0m" 304 -
127.0.0.1 - - [29/Jun/2021 01:34:45] "[36mGET /static/images/logo.svg HTTP/1.1[0m" 304 -
127.0.0.1 - - [29/Jun/2021 01:34:45] "[36mGET /static/images/refrigerators/french-door.png HTTP/1.1[0m" 304 -
127.0.0.1 - - [29/Jun/2021 01:34:45] "[36mGET /static/images/refrigerators/side-by-side.png HTTP/1.1[0m" 304 -
127.0.0.1 - - [29/Jun/2021 01:34:45] "[36mGET /static/images/refrigerators/botton-freezer.png HTTP/1.1[0m" 304 -
127.0.0.1 - - [29/Jun/2021 01:34:45] "[36mGET /static/images/refrigerators/top-fridge.png HTTP/1.1[0m" 304 -
127.0.0.1 - - [29/Jun/2021 01:34:45] "[36mGET /static/images/refrigerators/freezerless-fridge.jpg HTTP/1.1[0m" 304 -
127.0.0.1 - - [29/Jun/2021 01:34:45] "[36mGET /static/images/refrigerators/upright-freezer.png HTTP/1.1[0m" 304 -
127.0.0.1 - - [29/Jun/2021 01:34:45] "[36mGET /static/images/refrigerators/chest-freezer.png HTTP/1.1[0m" 304 -
127.0.0.1 - - [29/Jun/2021 01:34:45] "[36mGET /static/images/white.png HTTP/1.1[0m" 304 -
127.0.0.1 - - [29/Jun/2021 01:34:45] "[36mGET /static/images/black.png HTTP/1.1[0m" 304 -
127.0.0.1 - - [29/Jun/2021 01:34:45] "[36mGET /static/images/refrigerators/mini-fridge.jpg HTTP/1.1[0m" 304 -
127.0.0.1 - - [29/Jun/2021 01:34:45] "[36mGET /static/images/stainless_steel.jpg HTTP/1.1[0m" 304 -
127.0.0.1 - - [29/Jun/2021 01:34:45] "GET /appliances/refrigerators HTTP/1.1" 200 -
127.0.0.1 - - [29/Jun/2021 01:34:45] "[33mGET /robots.txt?1624944885718 HTTP/1.1[0m" 404 -
127.0.0.1 - - [29/Jun/2021 01:34:45] "[36mGET /static/css/styles.css HTTP/1.1[0m" 304 -
127.0.0.1 - - [29/Jun/2021 01:34:45] "[36mGET /static/images/logo.svg HTTP/1.1[0m" 304 -
127.0.0.1 - - [29/Jun/2021 01:34:45] "[36mGET /static/images/refrigerators/french-door.png HTTP/1.1[0m" 304 -
127.0.0.1 - - [29/Jun/2021 01:34:45] "[36mGET /static/images/refrigerators/side-by-side.png HTTP/1.1[0m" 304 -
127.0.0.1 - - [29/Jun/2021 01:34:45] "[36mGET /static/images/refrigerators/botton-freezer.png HTTP/1.1[0m" 304 -
127.0.0.1 - - [29/Jun/2021 01:34:45] "[36mGET /static/images/refrigerators/top-fridge.png HTTP/1.1[0m" 304 -
127.0.0.1 - - [29/Jun/2021 01:34:45] "[36mGET /static/images/refrigerators/freezerless-fridge.jpg HTTP/1.1[0m" 304 -
127.0.0.1 - - [29/Jun/2021 01:34:45] "[36mGET /static/images/refrigerators/upright-freezer.png HTTP/1.1[0m" 304 -
127.0.0.1 - - [29/Jun/2021 01:34:45] "[36mGET /static/images/refrigerators/chest-freezer.png HTTP/1.1[0m" 304 -
127.0.0.1 - - [29/Jun/2021 01:34:45] "[36mGET /static/images/refrigerators/mini-fridge.jpg HTTP/1.1[0m" 304 -
127.0.0.1 - - [29/Jun/2021 01:34:45] "[36mGET /static/images/stainless_steel.jpg HTTP/1.1[0m" 304 -
127.0.0.1 - - [29/Jun/2021 01:34:45] "[36mGET /static/images/black.png HTTP/1.1[0m" 304 -
127.0.0.1 - - [29/Jun/2021 01:34:45] "[36mGET /static/images/white.png HTTP/1.1[0m" 304 -
127.0.0.1 - - [29/Jun/2021 01:34:45] "GET /appliances/refrigerators HTTP/1.1" 200 -
127.0.0.1 - - [29/Jun/2021 01:34:45] "[33mGET /robots.txt?1624944885915 HTTP/1.1[0m" 404 -
127.0.0.1 - - [29/Jun/2021 01:34:45] "[36mGET /static/css/styles.css HTTP/1.1[0m" 304 -
127.0.0.1 - - [29/Jun/2021 01:34:45] "[36mGET /static/images/logo.svg HTTP/1.1[0m" 304 -
127.0.0.1 - - [29/Jun/2021 01:34:45] "[36mGET /static/images/refrigerators/french-door.png HTTP/1.1[0m" 304 -
127.0.0.1 - - [29/Jun/2021 01:34:45] "[36mGET /static/images/refrigerators/side-by-side.png HTTP/1.1[0m" 304 -
127.0.0.1 - - [29/Jun/2021 01:34:45] "[36mGET /static/images/refrigerators/botton-freezer.png HTTP/1.1[0m" 304 -
127.0.0.1 - - [29/Jun/2021 01:34:45] "[36mGET /static/images/refrigerators/top-fridge.png HTTP/1.1[0m" 304 -
127.0.0.1 - - [29/Jun/2021 01:34:45] "[36mGET /static/images/refrigerators/freezerless-fridge.jpg HTTP/1.1[0m" 304 -
127.0.0.1 - - [29/Jun/2021 01:34:45] "[36mGET /static/images/refrigerators/upright-freezer.png HTTP/1.1[0m" 304 -
127.0.0.1 - - [29/Jun/2021 01:34:45] "[36mGET /static/images/refrigerators/chest-freezer.png HTTP/1.1[0m" 304 -
127.0.0.1 - - [29/Jun/2021 01:34:45] "[36mGET /static/images/refrigerators/mini-fridge.jpg HTTP/1.1[0m" 304 -
127.0.0.1 - - [29/Jun/2021 01:34:45] "[36mGET /static/images/stainless_steel.jpg HTTP/1.1[0m" 304 -
127.0.0.1 - - [29/Jun/2021 01:34:45] "[36mGET /static/images/white.png HTTP/1.1[0m" 304 -
127.0.0.1 - - [29/Jun/2021 01:34:45] "[36mGET /static/images/black.png HTTP/1.1[0m" 304 -
127.0.0.1 - - [29/Jun/2021 01:35:05] "[33mGET /robots.txt?1624944905189 HTTP/1.1[0m" 404 -
127.0.0.1 - - [29/Jun/2021 01:35:07] "[36mGET /static/css/styles.css HTTP/1.1[0m" 304 -
127.0.0.1 - - [29/Jun/2021 01:35:16] "GET /appliances/refrigerators HTTP/1.1" 200 -
127.0.0.1 - - [29/Jun/2021 01:35:16] "[33mGET /robots.txt?1624944916079 HTTP/1.1[0m" 404 -
127.0.0.1 - - [29/Jun/2021 01:35:16] "[36mGET /static/css/styles.css HTTP/1.1[0m" 304 -
127.0.0.1 - - [29/Jun/2021 01:35:16] "[36mGET /static/images/logo.svg HTTP/1.1[0m" 304 -
127.0.0.1 - - [29/Jun/2021 01:35:16] "[36mGET /static/images/refrigerators/french-door.png HTTP/1.1[0m" 304 -
127.0.0.1 - - [29/Jun/2021 01:35:16] "[36mGET /static/images/refrigerators/side-by-side.png HTTP/1.1[0m" 304 -
127.0.0.1 - - [29/Jun/2021 01:35:16] "[36mGET /static/images/refrigerators/botton-freezer.png HTTP/1.1[0m" 304 -
127.0.0.1 - - [29/Jun/2021 01:35:16] "[36mGET /static/images/refrigerators/top-fridge.png HTTP/1.1[0m" 304 -
127.0.0.1 - - [29/Jun/2021 01:35:16] "[36mGET /static/images/refrigerators/freezerless-fridge.jpg HTTP/1.1[0m" 304 -
127.0.0.1 - - [29/Jun/2021 01:35:16] "[36mGET /static/images/refrigerators/upright-freezer.png HTTP/1.1[0m" 304 -
127.0.0.1 - - [29/Jun/2021 01:35:16] "[36mGET /static/images/black.png HTTP/1.1[0m" 304 -
127.0.0.1 - - [29/Jun/2021 01:35:16] "[36mGET /static/images/white.png HTTP/1.1[0m" 304 -
127.0.0.1 - - [29/Jun/2021 01:35:16] "[36mGET /static/images/refrigerators/mini-fridge.jpg HTTP/1.1[0m" 304 -
127.0.0.1 - - [29/Jun/2021 01:35:16] "[36mGET /static/images/stainless_steel.jpg HTTP/1.1[0m" 304 -
127.0.0.1 - - [29/Jun/2021 01:35:16] "[36mGET /static/images/refrigerators/chest-freezer.png HTTP/1.1[0m" 304 -
127.0.0.1 - - [29/Jun/2021 01:35:34] "GET /appliances/refrigerators HTTP/1.1" 200 -
127.0.0.1 - - [29/Jun/2021 01:35:34] "[33mGET /robots.txt?1624944934420 HTTP/1.1[0m" 404 -
127.0.0.1 - - [29/Jun/2021 01:35:34] "[36mGET /static/css/styles.css HTTP/1.1[0m" 304 -
127.0.0.1 - - [29/Jun/2021 01:35:34] "[36mGET /static/images/logo.svg HTTP/1.1[0m" 304 -
127.0.0.1 - - [29/Jun/2021 01:35:34] "[36mGET /static/images/refrigerators/french-door.png HTTP/1.1[0m" 304 -
127.0.0.1 - - [29/Jun/2021 01:35:34] "[36mGET /static/images/refrigerators/side-by-side.png HTTP/1.1[0m" 304 -
127.0.0.1 - - [29/Jun/2021 01:35:34] "[36mGET /static/images/refrigerators/botton-freezer.png HTTP/1.1[0m" 304 -
127.0.0.1 - - [29/Jun/2021 01:35:34] "[36mGET /static/images/refrigerators/top-fridge.png HTTP/1.1[0m" 304 -
127.0.0.1 - - [29/Jun/2021 01:35:34] "[36mGET /static/images/refrigerators/freezerless-fridge.jpg HTTP/1.1[0m" 304 -
127.0.0.1 - - [29/Jun/2021 01:35:34] "[36mGET /static/images/refrigerators/upright-freezer.png HTTP/1.1[0m" 304 -
127.0.0.1 - - [29/Jun/2021 01:35:34] "[36mGET /static/images/refrigerators/chest-freezer.png HTTP/1.1[0m" 304 -
127.0.0.1 - - [29/Jun/2021 01:35:34] "[36mGET /static/images/refrigerators/mini-fridge.jpg HTTP/1.1[0m" 304 -
127.0.0.1 - - [29/Jun/2021 01:35:34] "[36mGET /static/images/stainless_steel.jpg HTTP/1.1[0m" 304 -
127.0.0.1 - - [29/Jun/2021 01:35:34] "[36mGET /static/images/black.png HTTP/1.1[0m" 304 -
127.0.0.1 - - [29/Jun/2021 01:35:34] "[36mGET /static/images/white.png HTTP/1.1[0m" 304 -
127.0.0.1 - - [29/Jun/2021 01:35:35] "GET /appliances/refrigerators HTTP/1.1" 200 -
127.0.0.1 - - [29/Jun/2021 01:35:35] "[33mGET /robots.txt?1624944935145 HTTP/1.1[0m" 404 -
127.0.0.1 - - [29/Jun/2021 01:35:35] "[36mGET /static/css/styles.css HTTP/1.1[0m" 304 -
127.0.0.1 - - [29/Jun/2021 01:35:35] "[36mGET /static/images/logo.svg HTTP/1.1[0m" 304 -
127.0.0.1 - - [29/Jun/2021 01:35:35] "[36mGET /static/images/refrigerators/french-door.png HTTP/1.1[0m" 304 -
127.0.0.1 - - [29/Jun/2021 01:35:35] "[36mGET /static/images/refrigerators/side-by-side.png HTTP/1.1[0m" 304 -
127.0.0.1 - - [29/Jun/2021 01:35:35] "[36mGET /static/images/refrigerators/botton-freezer.png HTTP/1.1[0m" 304 -
127.0.0.1 - - [29/Jun/2021 01:35:35] "[36mGET /static/images/refrigerators/top-fridge.png HTTP/1.1[0m" 304 -
127.0.0.1 - - [29/Jun/2021 01:35:35] "[36mGET /static/images/refrigerators/freezerless-fridge.jpg HTTP/1.1[0m" 304 -
127.0.0.1 - - [29/Jun/2021 01:35:35] "[36mGET /static/images/refrigerators/upright-freezer.png HTTP/1.1[0m" 304 -
127.0.0.1 - - [29/Jun/2021 01:35:35] "[36mGET /static/images/black.png HTTP/1.1[0m" 304 -
127.0.0.1 - - [29/Jun/2021 01:35:35] "[36mGET /static/images/refrigerators/mini-fridge.jpg HTTP/1.1[0m" 304 -
127.0.0.1 - - [29/Jun/2021 01:35:35] "[36mGET /static/images/white.png HTTP/1.1[0m" 304 -
127.0.0.1 - - [29/Jun/2021 01:35:35] "[36mGET /static/images/refrigerators/chest-freezer.png HTTP/1.1[0m" 304 -
127.0.0.1 - - [29/Jun/2021 01:35:35] "[36mGET /static/images/stainless_steel.jpg HTTP/1.1[0m" 304 -
127.0.0.1 - - [29/Jun/2021 01:35:59] "GET /appliances/refrigerators HTTP/1.1" 200 -
127.0.0.1 - - [29/Jun/2021 01:35:59] "[33mGET /robots.txt?1624944959972 HTTP/1.1[0m" 404 -
127.0.0.1 - - [29/Jun/2021 01:35:59] "[36mGET /static/css/styles.css HTTP/1.1[0m" 304 -
127.0.0.1 - - [29/Jun/2021 01:35:59] "[36mGET /static/images/logo.svg HTTP/1.1[0m" 304 -
127.0.0.1 - - [29/Jun/2021 01:36:00] "[36mGET /static/images/refrigerators/french-door.png HTTP/1.1[0m" 304 -
127.0.0.1 - - [29/Jun/2021 01:36:00] "[36mGET /static/images/refrigerators/botton-freezer.png HTTP/1.1[0m" 304 -
127.0.0.1 - - [29/Jun/2021 01:36:00] "[36mGET /static/images/refrigerators/side-by-side.png HTTP/1.1[0m" 304 -
127.0.0.1 - - [29/Jun/2021 01:36:00] "[36mGET /static/images/refrigerators/freezerless-fridge.jpg HTTP/1.1[0m" 304 -
127.0.0.1 - - [29/Jun/2021 01:36:00] "[36mGET /static/images/refrigerators/top-fridge.png HTTP/1.1[0m" 304 -
127.0.0.1 - - [29/Jun/2021 01:36:00] "[36mGET /static/images/refrigerators/upright-freezer.png HTTP/1.1[0m" 304 -
127.0.0.1 - - [29/Jun/2021 01:36:00] "[36mGET /static/images/refrigerators/mini-fridge.jpg HTTP/1.1[0m" 304 -
127.0.0.1 - - [29/Jun/2021 01:36:00] "[36mGET /static/images/refrigerators/chest-freezer.png HTTP/1.1[0m" 304 -
127.0.0.1 - - [29/Jun/2021 01:36:00] "[36mGET /static/images/black.png HTTP/1.1[0m" 304 -
127.0.0.1 - - [29/Jun/2021 01:36:00] "[36mGET /static/images/white.png HTTP/1.1[0m" 304 -
127.0.0.1 - - [29/Jun/2021 01:36:00] "[36mGET /static/images/stainless_steel.jpg HTTP/1.1[0m" 304 -
127.0.0.1 - - [29/Jun/2021 01:36:00] "GET /appliances/refrigerators HTTP/1.1" 200 -
127.0.0.1 - - [29/Jun/2021 01:36:00] "[33mGET /robots.txt?1624944960346 HTTP/1.1[0m" 404 -
127.0.0.1 - - [29/Jun/2021 01:36:00] "[36mGET /static/css/styles.css HTTP/1.1[0m" 304 -
127.0.0.1 - - [29/Jun/2021 01:36:00] "[36mGET /static/images/logo.svg HTTP/1.1[0m" 304 -
127.0.0.1 - - [29/Jun/2021 01:36:00] "[36mGET /static/images/refrigerators/french-door.png HTTP/1.1[0m" 304 -
127.0.0.1 - - [29/Jun/2021 01:36:00] "[36mGET /static/images/refrigerators/side-by-side.png HTTP/1.1[0m" 304 -
127.0.0.1 - - [29/Jun/2021 01:36:00] "[36mGET /static/images/refrigerators/botton-freezer.png HTTP/1.1[0m" 304 -
127.0.0.1 - - [29/Jun/2021 01:36:00] "[36mGET /static/images/refrigerators/top-fridge.png HTTP/1.1[0m" 304 -
127.0.0.1 - - [29/Jun/2021 01:36:00] "[36mGET /static/images/refrigerators/freezerless-fridge.jpg HTTP/1.1[0m" 304 -
127.0.0.1 - - [29/Jun/2021 01:36:00] "[36mGET /static/images/refrigerators/upright-freezer.png HTTP/1.1[0m" 304 -
127.0.0.1 - - [29/Jun/2021 01:36:00] "[36mGET /static/images/refrigerators/chest-freezer.png HTTP/1.1[0m" 304 -
127.0.0.1 - - [29/Jun/2021 01:36:00] "[36mGET /static/images/refrigerators/mini-fridge.jpg HTTP/1.1[0m" 304 -
127.0.0.1 - - [29/Jun/2021 01:36:00] "[36mGET /static/images/stainless_steel.jpg HTTP/1.1[0m" 304 -
127.0.0.1 - - [29/Jun/2021 01:36:00] "[36mGET /static/images/black.png HTTP/1.1[0m" 304 -
127.0.0.1 - - [29/Jun/2021 01:36:00] "[36mGET /static/images/white.png HTTP/1.1[0m" 304 -
127.0.0.1 - - [29/Jun/2021 01:36:00] "GET /appliances/refrigerators HTTP/1.1" 200 -
127.0.0.1 - - [29/Jun/2021 01:36:00] "[33mGET /robots.txt?1624944960574 HTTP/1.1[0m" 404 -
127.0.0.1 - - [29/Jun/2021 01:36:00] "[36mGET /static/css/styles.css HTTP/1.1[0m" 304 -
127.0.0.1 - - [29/Jun/2021 01:36:00] "[36mGET /static/images/logo.svg HTTP/1.1[0m" 304 -
127.0.0.1 - - [29/Jun/2021 01:36:00] "[36mGET /static/images/refrigerators/french-door.png HTTP/1.1[0m" 304 -
127.0.0.1 - - [29/Jun/2021 01:36:00] "[36mGET /static/images/refrigerators/side-by-side.png HTTP/1.1[0m" 304 -
127.0.0.1 - - [29/Jun/2021 01:36:00] "[36mGET /static/images/refrigerators/botton-freezer.png HTTP/1.1[0m" 304 -
127.0.0.1 - - [29/Jun/2021 01:36:00] "[36mGET /static/images/refrigerators/top-fridge.png HTTP/1.1[0m" 304 -
127.0.0.1 - - [29/Jun/2021 01:36:00] "[36mGET /static/images/refrigerators/freezerless-fridge.jpg HTTP/1.1[0m" 304 -
127.0.0.1 - - [29/Jun/2021 01:36:00] "[36mGET /static/images/refrigerators/upright-freezer.png HTTP/1.1[0m" 304 -
127.0.0.1 - - [29/Jun/2021 01:36:00] "[36mGET /static/images/black.png HTTP/1.1[0m" 304 -
127.0.0.1 - - [29/Jun/2021 01:36:00] "[36mGET /static/images/white.png HTTP/1.1[0m" 304 -
127.0.0.1 - - [29/Jun/2021 01:36:00] "[36mGET /static/images/refrigerators/mini-fridge.jpg HTTP/1.1[0m" 304 -
127.0.0.1 - - [29/Jun/2021 01:36:00] "[36mGET /static/images/refrigerators/chest-freezer.png HTTP/1.1[0m" 304 -
127.0.0.1 - - [29/Jun/2021 01:36:00] "[36mGET /static/images/stainless_steel.jpg HTTP/1.1[0m" 304 -
127.0.0.1 - - [29/Jun/2021 01:36:00] "GET /appliances/refrigerators HTTP/1.1" 200 -
127.0.0.1 - - [29/Jun/2021 01:36:00] "[33mGET /robots.txt?1624944960814 HTTP/1.1[0m" 404 -
127.0.0.1 - - [29/Jun/2021 01:36:00] "[36mGET /static/css/styles.css HTTP/1.1[0m" 304 -
127.0.0.1 - - [29/Jun/2021 01:36:00] "[36mGET /static/images/logo.svg HTTP/1.1[0m" 304 -
127.0.0.1 - - [29/Jun/2021 01:36:00] "[36mGET /static/images/refrigerators/french-door.png HTTP/1.1[0m" 304 -
127.0.0.1 - - [29/Jun/2021 01:36:00] "[36mGET /static/images/refrigerators/side-by-side.png HTTP/1.1[0m" 304 -
127.0.0.1 - - [29/Jun/2021 01:36:00] "[36mGET /static/images/refrigerators/botton-freezer.png HTTP/1.1[0m" 304 -
127.0.0.1 - - [29/Jun/2021 01:36:00] "[36mGET /static/images/refrigerators/top-fridge.png HTTP/1.1[0m" 304 -
127.0.0.1 - - [29/Jun/2021 01:36:00] "[36mGET /static/images/refrigerators/freezerless-fridge.jpg HTTP/1.1[0m" 304 -
127.0.0.1 - - [29/Jun/2021 01:36:00] "[36mGET /static/images/refrigerators/upright-freezer.png HTTP/1.1[0m" 304 -
127.0.0.1 - - [29/Jun/2021 01:36:00] "[36mGET /static/images/refrigerators/chest-freezer.png HTTP/1.1[0m" 304 -
127.0.0.1 - - [29/Jun/2021 01:36:00] "[36mGET /static/images/black.png HTTP/1.1[0m" 304 -
127.0.0.1 - - [29/Jun/2021 01:36:00] "[36mGET /static/images/white.png HTTP/1.1[0m" 304 -
127.0.0.1 - - [29/Jun/2021 01:36:00] "[36mGET /static/images/refrigerators/mini-fridge.jpg HTTP/1.1[0m" 304 -
127.0.0.1 - - [29/Jun/2021 01:36:00] "[36mGET /static/images/stainless_steel.jpg HTTP/1.1[0m" 304 -
127.0.0.1 - - [29/Jun/2021 01:36:31] "GET /appliances/refrigerators HTTP/1.1" 200 -
127.0.0.1 - - [29/Jun/2021 01:36:31] "[33mGET /robots.txt?1624944991053 HTTP/1.1[0m" 404 -
127.0.0.1 - - [29/Jun/2021 01:36:31] "[36mGET /static/css/styles.css HTTP/1.1[0m" 304 -
127.0.0.1 - - [29/Jun/2021 01:36:31] "[36mGET /static/images/logo.svg HTTP/1.1[0m" 304 -
127.0.0.1 - - [29/Jun/2021 01:36:31] "[36mGET /static/images/refrigerators/french-door.png HTTP/1.1[0m" 304 -
127.0.0.1 - - [29/Jun/2021 01:36:31] "[36mGET /static/images/refrigerators/side-by-side.png HTTP/1.1[0m" 304 -
127.0.0.1 - - [29/Jun/2021 01:36:31] "[36mGET /static/images/refrigerators/botton-freezer.png HTTP/1.1[0m" 304 -
127.0.0.1 - - [29/Jun/2021 01:36:31] "[36mGET /static/images/refrigerators/top-fridge.png HTTP/1.1[0m" 304 -
127.0.0.1 - - [29/Jun/2021 01:36:31] "[36mGET /static/images/refrigerators/freezerless-fridge.jpg HTTP/1.1[0m" 304 -
127.0.0.1 - - [29/Jun/2021 01:36:31] "[36mGET /static/images/refrigerators/upright-freezer.png HTTP/1.1[0m" 304 -
127.0.0.1 - - [29/Jun/2021 01:36:31] "[36mGET /static/images/refrigerators/chest-freezer.png HTTP/1.1[0m" 304 -
127.0.0.1 - - [29/Jun/2021 01:36:31] "[36mGET /static/images/refrigerators/mini-fridge.jpg HTTP/1.1[0m" 304 -
127.0.0.1 - - [29/Jun/2021 01:36:31] "[36mGET /static/images/stainless_steel.jpg HTTP/1.1[0m" 304 -
127.0.0.1 - - [29/Jun/2021 01:36:31] "[36mGET /static/images/black.png HTTP/1.1[0m" 304 -
127.0.0.1 - - [29/Jun/2021 01:36:31] "[36mGET /static/images/white.png HTTP/1.1[0m" 304 -
127.0.0.1 - - [29/Jun/2021 01:37:01] "GET /appliances/refrigerators HTTP/1.1" 200 -
127.0.0.1 - - [29/Jun/2021 01:37:01] "[33mGET /robots.txt?1624945021299 HTTP/1.1[0m" 404 -
127.0.0.1 - - [29/Jun/2021 01:37:01] "[36mGET /static/css/styles.css HTTP/1.1[0m" 304 -
127.0.0.1 - - [29/Jun/2021 01:37:01] "[36mGET /static/images/logo.svg HTTP/1.1[0m" 304 -
127.0.0.1 - - [29/Jun/2021 01:37:01] "[36mGET /static/images/refrigerators/french-door.png HTTP/1.1[0m" 304 -
127.0.0.1 - - [29/Jun/2021 01:37:01] "[36mGET /static/images/refrigerators/side-by-side.png HTTP/1.1[0m" 304 -
127.0.0.1 - - [29/Jun/2021 01:37:01] "[36mGET /static/images/refrigerators/botton-freezer.png HTTP/1.1[0m" 304 -
127.0.0.1 - - [29/Jun/2021 01:37:01] "[36mGET /static/images/refrigerators/top-fridge.png HTTP/1.1[0m" 304 -
127.0.0.1 - - [29/Jun/2021 01:37:01] "[36mGET /static/images/refrigerators/freezerless-fridge.jpg HTTP/1.1[0m" 304 -
127.0.0.1 - - [29/Jun/2021 01:37:01] "[36mGET /static/images/refrigerators/upright-freezer.png HTTP/1.1[0m" 304 -
127.0.0.1 - - [29/Jun/2021 01:37:01] "[36mGET /static/images/refrigerators/chest-freezer.png HTTP/1.1[0m" 304 -
127.0.0.1 - - [29/Jun/2021 01:37:01] "[36mGET /static/images/refrigerators/mini-fridge.jpg HTTP/1.1[0m" 304 -
127.0.0.1 - - [29/Jun/2021 01:37:01] "[36mGET /static/images/stainless_steel.jpg HTTP/1.1[0m" 304 -
127.0.0.1 - - [29/Jun/2021 01:37:01] "[36mGET /static/images/black.png HTTP/1.1[0m" 304 -
127.0.0.1 - - [29/Jun/2021 01:37:01] "[36mGET /static/images/white.png HTTP/1.1[0m" 304 -
127.0.0.1 - - [29/Jun/2021 01:37:30] "GET /appliances/refrigerators HTTP/1.1" 200 -
127.0.0.1 - - [29/Jun/2021 01:37:30] "[33mGET /robots.txt?1624945050098 HTTP/1.1[0m" 404 -
127.0.0.1 - - [29/Jun/2021 01:37:30] "[36mGET /static/css/styles.css HTTP/1.1[0m" 304 -
127.0.0.1 - - [29/Jun/2021 01:37:30] "[36mGET /static/images/logo.svg HTTP/1.1[0m" 304 -
127.0.0.1 - - [29/Jun/2021 01:37:30] "[36mGET /static/images/refrigerators/french-door.png HTTP/1.1[0m" 304 -
127.0.0.1 - - [29/Jun/2021 01:37:30] "[36mGET /static/images/refrigerators/side-by-side.png HTTP/1.1[0m" 304 -
127.0.0.1 - - [29/Jun/2021 01:37:30] "[36mGET /static/images/refrigerators/botton-freezer.png HTTP/1.1[0m" 304 -
127.0.0.1 - - [29/Jun/2021 01:37:30] "[36mGET /static/images/refrigerators/top-fridge.png HTTP/1.1[0m" 304 -
127.0.0.1 - - [29/Jun/2021 01:37:30] "[36mGET /static/images/refrigerators/freezerless-fridge.jpg HTTP/1.1[0m" 304 -
127.0.0.1 - - [29/Jun/2021 01:37:30] "[36mGET /static/images/refrigerators/upright-freezer.png HTTP/1.1[0m" 304 -
127.0.0.1 - - [29/Jun/2021 01:37:30] "[36mGET /static/images/refrigerators/chest-freezer.png HTTP/1.1[0m" 304 -
127.0.0.1 - - [29/Jun/2021 01:37:30] "[36mGET /static/images/black.png HTTP/1.1[0m" 304 -
127.0.0.1 - - [29/Jun/2021 01:37:30] "[36mGET /static/images/refrigerators/mini-fridge.jpg HTTP/1.1[0m" 304 -
127.0.0.1 - - [29/Jun/2021 01:37:30] "[36mGET /static/images/stainless_steel.jpg HTTP/1.1[0m" 304 -
127.0.0.1 - - [29/Jun/2021 01:37:30] "[36mGET /static/images/white.png HTTP/1.1[0m" 304 -
127.0.0.1 - - [29/Jun/2021 01:37:30] "GET /appliances/refrigerators HTTP/1.1" 200 -
127.0.0.1 - - [29/Jun/2021 01:37:30] "[33mGET /robots.txt?1624945050724 HTTP/1.1[0m" 404 -
127.0.0.1 - - [29/Jun/2021 01:37:30] "[36mGET /static/css/styles.css HTTP/1.1[0m" 304 -
127.0.0.1 - - [29/Jun/2021 01:37:30] "[36mGET /static/images/logo.svg HTTP/1.1[0m" 304 -
127.0.0.1 - - [29/Jun/2021 01:37:30] "[36mGET /static/images/refrigerators/french-door.png HTTP/1.1[0m" 304 -
127.0.0.1 - - [29/Jun/2021 01:37:30] "[36mGET /static/images/refrigerators/side-by-side.png HTTP/1.1[0m" 304 -
127.0.0.1 - - [29/Jun/2021 01:37:30] "[36mGET /static/images/refrigerators/botton-freezer.png HTTP/1.1[0m" 304 -
127.0.0.1 - - [29/Jun/2021 01:37:30] "[36mGET /static/images/refrigerators/freezerless-fridge.jpg HTTP/1.1[0m" 304 -
127.0.0.1 - - [29/Jun/2021 01:37:30] "[36mGET /static/images/refrigerators/top-fridge.png HTTP/1.1[0m" 304 -
127.0.0.1 - - [29/Jun/2021 01:37:30] "[36mGET /static/images/refrigerators/upright-freezer.png HTTP/1.1[0m" 304 -
127.0.0.1 - - [29/Jun/2021 01:37:30] "[36mGET /static/images/refrigerators/chest-freezer.png HTTP/1.1[0m" 304 -
127.0.0.1 - - [29/Jun/2021 01:37:30] "[36mGET /static/images/refrigerators/mini-fridge.jpg HTTP/1.1[0m" 304 -
127.0.0.1 - - [29/Jun/2021 01:37:30] "[36mGET /static/images/black.png HTTP/1.1[0m" 304 -
127.0.0.1 - - [29/Jun/2021 01:37:30] "[36mGET /static/images/white.png HTTP/1.1[0m" 304 -
127.0.0.1 - - [29/Jun/2021 01:37:30] "[36mGET /static/images/stainless_steel.jpg HTTP/1.1[0m" 304 -
127.0.0.1 - - [29/Jun/2021 01:37:30] "GET /appliances/refrigerators HTTP/1.1" 200 -
127.0.0.1 - - [29/Jun/2021 01:37:31] "[33mGET /robots.txt?1624945050995 HTTP/1.1[0m" 404 -
127.0.0.1 - - [29/Jun/2021 01:37:31] "[36mGET /static/css/styles.css HTTP/1.1[0m" 304 -
127.0.0.1 - - [29/Jun/2021 01:37:31] "[36mGET /static/images/logo.svg HTTP/1.1[0m" 304 -
127.0.0.1 - - [29/Jun/2021 01:37:31] "[36mGET /static/images/refrigerators/french-door.png HTTP/1.1[0m" 304 -
127.0.0.1 - - [29/Jun/2021 01:37:31] "[36mGET /static/images/refrigerators/botton-freezer.png HTTP/1.1[0m" 304 -
127.0.0.1 - - [29/Jun/2021 01:37:31] "[36mGET /static/images/refrigerators/side-by-side.png HTTP/1.1[0m" 304 -
127.0.0.1 - - [29/Jun/2021 01:37:31] "[36mGET /static/images/refrigerators/top-fridge.png HTTP/1.1[0m" 304 -
127.0.0.1 - - [29/Jun/2021 01:37:31] "[36mGET /static/images/refrigerators/freezerless-fridge.jpg HTTP/1.1[0m" 304 -
127.0.0.1 - - [29/Jun/2021 01:37:31] "[36mGET /static/images/refrigerators/upright-freezer.png HTTP/1.1[0m" 304 -
127.0.0.1 - - [29/Jun/2021 01:37:31] "[36mGET /static/images/black.png HTTP/1.1[0m" 304 -
127.0.0.1 - - [29/Jun/2021 01:37:31] "[36mGET /static/images/white.png HTTP/1.1[0m" 304 -
127.0.0.1 - - [29/Jun/2021 01:37:31] "[36mGET /static/images/refrigerators/mini-fridge.jpg HTTP/1.1[0m" 304 -
127.0.0.1 - - [29/Jun/2021 01:37:31] "[36mGET /static/images/refrigerators/chest-freezer.png HTTP/1.1[0m" 304 -
127.0.0.1 - - [29/Jun/2021 01:37:31] "[36mGET /static/images/stainless_steel.jpg HTTP/1.1[0m" 304 -
127.0.0.1 - - [29/Jun/2021 01:37:41] "GET /appliances/refrigerators HTTP/1.1" 200 -
127.0.0.1 - - [29/Jun/2021 01:37:41] "[33mGET /robots.txt?1624945061353 HTTP/1.1[0m" 404 -
127.0.0.1 - - [29/Jun/2021 01:37:41] "[36mGET /static/css/styles.css HTTP/1.1[0m" 304 -
127.0.0.1 - - [29/Jun/2021 01:37:41] "[36mGET /static/images/logo.svg HTTP/1.1[0m" 304 -
127.0.0.1 - - [29/Jun/2021 01:37:41] "[36mGET /static/images/refrigerators/french-door.png HTTP/1.1[0m" 304 -
127.0.0.1 - - [29/Jun/2021 01:37:41] "[36mGET /static/images/refrigerators/side-by-side.png HTTP/1.1[0m" 304 -
127.0.0.1 - - [29/Jun/2021 01:37:41] "[36mGET /static/images/refrigerators/botton-freezer.png HTTP/1.1[0m" 304 -
127.0.0.1 - - [29/Jun/2021 01:37:41] "[36mGET /static/images/refrigerators/top-fridge.png HTTP/1.1[0m" 304 -
127.0.0.1 - - [29/Jun/2021 01:37:41] "[36mGET /static/images/refrigerators/freezerless-fridge.jpg HTTP/1.1[0m" 304 -
127.0.0.1 - - [29/Jun/2021 01:37:41] "[36mGET /static/images/refrigerators/upright-freezer.png HTTP/1.1[0m" 304 -
127.0.0.1 - - [29/Jun/2021 01:37:41] "[36mGET /static/images/refrigerators/chest-freezer.png HTTP/1.1[0m" 304 -
127.0.0.1 - - [29/Jun/2021 01:37:41] "[36mGET /static/images/refrigerators/mini-fridge.jpg HTTP/1.1[0m" 304 -
127.0.0.1 - - [29/Jun/2021 01:37:41] "[36mGET /static/images/stainless_steel.jpg HTTP/1.1[0m" 304 -
127.0.0.1 - - [29/Jun/2021 01:37:41] "[36mGET /static/images/black.png HTTP/1.1[0m" 304 -
127.0.0.1 - - [29/Jun/2021 01:37:41] "[36mGET /static/images/white.png HTTP/1.1[0m" 304 -
127.0.0.1 - - [29/Jun/2021 01:37:41] "GET /appliances/refrigerators HTTP/1.1" 200 -
127.0.0.1 - - [29/Jun/2021 01:37:41] "[33mGET /robots.txt?1624945061850 HTTP/1.1[0m" 404 -
127.0.0.1 - - [29/Jun/2021 01:37:41] "[36mGET /static/css/styles.css HTTP/1.1[0m" 304 -
127.0.0.1 - - [29/Jun/2021 01:37:41] "[36mGET /static/images/logo.svg HTTP/1.1[0m" 304 -
127.0.0.1 - - [29/Jun/2021 01:37:41] "[36mGET /static/images/refrigerators/french-door.png HTTP/1.1[0m" 304 -
127.0.0.1 - - [29/Jun/2021 01:37:41] "[36mGET /static/images/refrigerators/side-by-side.png HTTP/1.1[0m" 304 -
127.0.0.1 - - [29/Jun/2021 01:37:41] "[36mGET /static/images/refrigerators/botton-freezer.png HTTP/1.1[0m" 304 -
127.0.0.1 - - [29/Jun/2021 01:37:41] "[36mGET /static/images/refrigerators/top-fridge.png HTTP/1.1[0m" 304 -
127.0.0.1 - - [29/Jun/2021 01:37:41] "[36mGET /static/images/refrigerators/freezerless-fridge.jpg HTTP/1.1[0m" 304 -
127.0.0.1 - - [29/Jun/2021 01:37:41] "[36mGET /static/images/refrigerators/upright-freezer.png HTTP/1.1[0m" 304 -
127.0.0.1 - - [29/Jun/2021 01:37:41] "[36mGET /static/images/refrigerators/chest-freezer.png HTTP/1.1[0m" 304 -
127.0.0.1 - - [29/Jun/2021 01:37:41] "[36mGET /static/images/refrigerators/mini-fridge.jpg HTTP/1.1[0m" 304 -
127.0.0.1 - - [29/Jun/2021 01:37:41] "[36mGET /static/images/black.png HTTP/1.1[0m" 304 -
127.0.0.1 - - [29/Jun/2021 01:37:41] "[36mGET /static/images/stainless_steel.jpg HTTP/1.1[0m" 304 -
127.0.0.1 - - [29/Jun/2021 01:37:41] "[36mGET /static/images/white.png HTTP/1.1[0m" 304 -
127.0.0.1 - - [29/Jun/2021 01:37:42] "GET /appliances/refrigerators HTTP/1.1" 200 -
127.0.0.1 - - [29/Jun/2021 01:37:42] "[33mGET /robots.txt?1624945062104 HTTP/1.1[0m" 404 -
127.0.0.1 - - [29/Jun/2021 01:37:42] "[36mGET /static/css/styles.css HTTP/1.1[0m" 304 -
127.0.0.1 - - [29/Jun/2021 01:37:42] "[36mGET /static/images/logo.svg HTTP/1.1[0m" 304 -
127.0.0.1 - - [29/Jun/2021 01:37:42] "[36mGET /static/images/refrigerators/french-door.png HTTP/1.1[0m" 304 -
127.0.0.1 - - [29/Jun/2021 01:37:42] "[36mGET /static/images/refrigerators/side-by-side.png HTTP/1.1[0m" 304 -
127.0.0.1 - - [29/Jun/2021 01:37:42] "[36mGET /static/images/refrigerators/botton-freezer.png HTTP/1.1[0m" 304 -
127.0.0.1 - - [29/Jun/2021 01:37:42] "[36mGET /static/images/refrigerators/top-fridge.png HTTP/1.1[0m" 304 -
127.0.0.1 - - [29/Jun/2021 01:37:42] "[36mGET /static/images/refrigerators/freezerless-fridge.jpg HTTP/1.1[0m" 304 -
127.0.0.1 - - [29/Jun/2021 01:37:42] "[36mGET /static/images/refrigerators/upright-freezer.png HTTP/1.1[0m" 304 -
127.0.0.1 - - [29/Jun/2021 01:37:42] "[36mGET /static/images/black.png HTTP/1.1[0m" 304 -
127.0.0.1 - - [29/Jun/2021 01:37:42] "[36mGET /static/images/refrigerators/mini-fridge.jpg HTTP/1.1[0m" 304 -
127.0.0.1 - - [29/Jun/2021 01:37:42] "[36mGET /static/images/white.png HTTP/1.1[0m" 304 -
127.0.0.1 - - [29/Jun/2021 01:37:42] "[36mGET /static/images/refrigerators/chest-freezer.png HTTP/1.1[0m" 304 -
127.0.0.1 - - [29/Jun/2021 01:37:42] "[36mGET /static/images/stainless_steel.jpg HTTP/1.1[0m" 304 -
127.0.0.1 - - [29/Jun/2021 01:38:12] "GET /appliances/refrigerators HTTP/1.1" 200 -
127.0.0.1 - - [29/Jun/2021 01:38:12] "[33mGET /robots.txt?1624945092364 HTTP/1.1[0m" 404 -
127.0.0.1 - - [29/Jun/2021 01:38:12] "[36mGET /static/css/styles.css HTTP/1.1[0m" 304 -
127.0.0.1 - - [29/Jun/2021 01:38:12] "[36mGET /static/images/logo.svg HTTP/1.1[0m" 304 -
127.0.0.1 - - [29/Jun/2021 01:38:12] "[36mGET /static/images/refrigerators/french-door.png HTTP/1.1[0m" 304 -
127.0.0.1 - - [29/Jun/2021 01:38:12] "[36mGET /static/images/refrigerators/side-by-side.png HTTP/1.1[0m" 304 -
127.0.0.1 - - [29/Jun/2021 01:38:12] "[36mGET /static/images/refrigerators/botton-freezer.png HTTP/1.1[0m" 304 -
127.0.0.1 - - [29/Jun/2021 01:38:12] "[36mGET /static/images/refrigerators/top-fridge.png HTTP/1.1[0m" 304 -
127.0.0.1 - - [29/Jun/2021 01:38:12] "[36mGET /static/images/refrigerators/freezerless-fridge.jpg HTTP/1.1[0m" 304 -
127.0.0.1 - - [29/Jun/2021 01:38:12] "[36mGET /static/images/refrigerators/upright-freezer.png HTTP/1.1[0m" 304 -
127.0.0.1 - - [29/Jun/2021 01:38:12] "[36mGET /static/images/refrigerators/chest-freezer.png HTTP/1.1[0m" 304 -
127.0.0.1 - - [29/Jun/2021 01:38:12] "[36mGET /static/images/refrigerators/mini-fridge.jpg HTTP/1.1[0m" 304 -
127.0.0.1 - - [29/Jun/2021 01:38:12] "[36mGET /static/images/stainless_steel.jpg HTTP/1.1[0m" 304 -
127.0.0.1 - - [29/Jun/2021 01:38:12] "[36mGET /static/images/black.png HTTP/1.1[0m" 304 -
127.0.0.1 - - [29/Jun/2021 01:38:12] "[36mGET /static/images/white.png HTTP/1.1[0m" 304 -
127.0.0.1 - - [29/Jun/2021 01:38:26] "GET /appliances/refrigerators HTTP/1.1" 200 -
127.0.0.1 - - [29/Jun/2021 01:38:26] "[33mGET /robots.txt?1624945106651 HTTP/1.1[0m" 404 -
127.0.0.1 - - [29/Jun/2021 01:38:26] "GET /static/css/styles.css HTTP/1.1" 200 -
127.0.0.1 - - [29/Jun/2021 01:38:26] "[36mGET /static/images/logo.svg HTTP/1.1[0m" 304 -
127.0.0.1 - - [29/Jun/2021 01:38:26] "[36mGET /static/images/refrigerators/side-by-side.png HTTP/1.1[0m" 304 -
127.0.0.1 - - [29/Jun/2021 01:38:26] "[36mGET /static/images/refrigerators/botton-freezer.png HTTP/1.1[0m" 304 -
127.0.0.1 - - [29/Jun/2021 01:38:26] "[36mGET /static/images/refrigerators/french-door.png HTTP/1.1[0m" 304 -
127.0.0.1 - - [29/Jun/2021 01:38:26] "[36mGET /static/images/refrigerators/top-fridge.png HTTP/1.1[0m" 304 -
127.0.0.1 - - [29/Jun/2021 01:38:26] "[36mGET /static/images/refrigerators/freezerless-fridge.jpg HTTP/1.1[0m" 304 -
127.0.0.1 - - [29/Jun/2021 01:38:26] "[36mGET /static/images/refrigerators/upright-freezer.png HTTP/1.1[0m" 304 -
127.0.0.1 - - [29/Jun/2021 01:38:26] "[36mGET /static/images/refrigerators/chest-freezer.png HTTP/1.1[0m" 304 -
127.0.0.1 - - [29/Jun/2021 01:38:26] "[36mGET /static/images/refrigerators/mini-fridge.jpg HTTP/1.1[0m" 304 -
127.0.0.1 - - [29/Jun/2021 01:38:26] "[36mGET /static/images/black.png HTTP/1.1[0m" 304 -
127.0.0.1 - - [29/Jun/2021 01:38:26] "[36mGET /static/images/white.png HTTP/1.1[0m" 304 -
127.0.0.1 - - [29/Jun/2021 01:38:26] "[36mGET /static/images/stainless_steel.jpg HTTP/1.1[0m" 304 -
127.0.0.1 - - [29/Jun/2021 01:38:27] "GET /appliances/refrigerators HTTP/1.1" 200 -
127.0.0.1 - - [29/Jun/2021 01:38:27] "[33mGET /robots.txt?1624945107197 HTTP/1.1[0m" 404 -
127.0.0.1 - - [29/Jun/2021 01:38:27] "[36mGET /static/css/styles.css HTTP/1.1[0m" 304 -
127.0.0.1 - - [29/Jun/2021 01:38:27] "[36mGET /static/images/logo.svg HTTP/1.1[0m" 304 -
127.0.0.1 - - [29/Jun/2021 01:38:27] "[36mGET /static/images/refrigerators/french-door.png HTTP/1.1[0m" 304 -
127.0.0.1 - - [29/Jun/2021 01:38:27] "[36mGET /static/images/refrigerators/side-by-side.png HTTP/1.1[0m" 304 -
127.0.0.1 - - [29/Jun/2021 01:38:27] "[36mGET /static/images/refrigerators/botton-freezer.png HTTP/1.1[0m" 304 -
127.0.0.1 - - [29/Jun/2021 01:38:27] "[36mGET /static/images/refrigerators/top-fridge.png HTTP/1.1[0m" 304 -
127.0.0.1 - - [29/Jun/2021 01:38:27] "[36mGET /static/images/refrigerators/freezerless-fridge.jpg HTTP/1.1[0m" 304 -
127.0.0.1 - - [29/Jun/2021 01:38:27] "[36mGET /static/images/refrigerators/upright-freezer.png HTTP/1.1[0m" 304 -
127.0.0.1 - - [29/Jun/2021 01:38:27] "[36mGET /static/images/refrigerators/chest-freezer.png HTTP/1.1[0m" 304 -
127.0.0.1 - - [29/Jun/2021 01:38:27] "[36mGET /static/images/refrigerators/mini-fridge.jpg HTTP/1.1[0m" 304 -
127.0.0.1 - - [29/Jun/2021 01:38:27] "[36mGET /static/images/black.png HTTP/1.1[0m" 304 -
127.0.0.1 - - [29/Jun/2021 01:38:27] "[36mGET /static/images/stainless_steel.jpg HTTP/1.1[0m" 304 -
127.0.0.1 - - [29/Jun/2021 01:38:27] "[36mGET /static/images/white.png HTTP/1.1[0m" 304 -
127.0.0.1 - - [29/Jun/2021 01:38:27] "GET /appliances/refrigerators HTTP/1.1" 200 -
127.0.0.1 - - [29/Jun/2021 01:38:27] "[33mGET /robots.txt?1624945107410 HTTP/1.1[0m" 404 -
127.0.0.1 - - [29/Jun/2021 01:38:27] "[36mGET /static/css/styles.css HTTP/1.1[0m" 304 -
127.0.0.1 - - [29/Jun/2021 01:38:27] "[36mGET /static/images/logo.svg HTTP/1.1[0m" 304 -
127.0.0.1 - - [29/Jun/2021 01:38:27] "[36mGET /static/images/refrigerators/french-door.png HTTP/1.1[0m" 304 -
127.0.0.1 - - [29/Jun/2021 01:38:27] "[36mGET /static/images/refrigerators/side-by-side.png HTTP/1.1[0m" 304 -
127.0.0.1 - - [29/Jun/2021 01:38:27] "[36mGET /static/images/refrigerators/botton-freezer.png HTTP/1.1[0m" 304 -
127.0.0.1 - - [29/Jun/2021 01:38:27] "[36mGET /static/images/refrigerators/top-fridge.png HTTP/1.1[0m" 304 -
127.0.0.1 - - [29/Jun/2021 01:38:27] "[36mGET /static/images/refrigerators/freezerless-fridge.jpg HTTP/1.1[0m" 304 -
127.0.0.1 - - [29/Jun/2021 01:38:27] "[36mGET /static/images/refrigerators/upright-freezer.png HTTP/1.1[0m" 304 -
127.0.0.1 - - [29/Jun/2021 01:38:27] "[36mGET /static/images/black.png HTTP/1.1[0m" 304 -
127.0.0.1 - - [29/Jun/2021 01:38:27] "[36mGET /static/images/white.png HTTP/1.1[0m" 304 -
127.0.0.1 - - [29/Jun/2021 01:38:27] "[36mGET /static/images/refrigerators/mini-fridge.jpg HTTP/1.1[0m" 304 -
127.0.0.1 - - [29/Jun/2021 01:38:27] "[36mGET /static/images/refrigerators/chest-freezer.png HTTP/1.1[0m" 304 -
127.0.0.1 - - [29/Jun/2021 01:38:27] "[36mGET /static/images/stainless_steel.jpg HTTP/1.1[0m" 304 -
127.0.0.1 - - [29/Jun/2021 01:38:27] "GET /appliances/refrigerators HTTP/1.1" 200 -
127.0.0.1 - - [29/Jun/2021 01:38:27] "[33mGET /robots.txt?1624945107615 HTTP/1.1[0m" 404 -
127.0.0.1 - - [29/Jun/2021 01:38:27] "[36mGET /static/css/styles.css HTTP/1.1[0m" 304 -
127.0.0.1 - - [29/Jun/2021 01:38:27] "[36mGET /static/images/logo.svg HTTP/1.1[0m" 304 -
127.0.0.1 - - [29/Jun/2021 01:38:27] "[36mGET /static/images/refrigerators/french-door.png HTTP/1.1[0m" 304 -
127.0.0.1 - - [29/Jun/2021 01:38:27] "[36mGET /static/images/refrigerators/botton-freezer.png HTTP/1.1[0m" 304 -
127.0.0.1 - - [29/Jun/2021 01:38:27] "[36mGET /static/images/refrigerators/side-by-side.png HTTP/1.1[0m" 304 -
127.0.0.1 - - [29/Jun/2021 01:38:27] "[36mGET /static/images/refrigerators/top-fridge.png HTTP/1.1[0m" 304 -
127.0.0.1 - - [29/Jun/2021 01:38:27] "[36mGET /static/images/refrigerators/freezerless-fridge.jpg HTTP/1.1[0m" 304 -
127.0.0.1 - - [29/Jun/2021 01:38:27] "[36mGET /static/images/refrigerators/upright-freezer.png HTTP/1.1[0m" 304 -
127.0.0.1 - - [29/Jun/2021 01:38:27] "[36mGET /static/images/refrigerators/chest-freezer.png HTTP/1.1[0m" 304 -
127.0.0.1 - - [29/Jun/2021 01:38:27] "[36mGET /static/images/refrigerators/mini-fridge.jpg HTTP/1.1[0m" 304 -
127.0.0.1 - - [29/Jun/2021 01:38:27] "[36mGET /static/images/stainless_steel.jpg HTTP/1.1[0m" 304 -
127.0.0.1 - - [29/Jun/2021 01:38:27] "[36mGET /static/images/black.png HTTP/1.1[0m" 304 -
127.0.0.1 - - [29/Jun/2021 01:38:27] "[36mGET /static/images/white.png HTTP/1.1[0m" 304 -
127.0.0.1 - - [29/Jun/2021 01:38:27] "GET /appliances/refrigerators HTTP/1.1" 200 -
127.0.0.1 - - [29/Jun/2021 01:38:27] "[33mGET /robots.txt?1624945107787 HTTP/1.1[0m" 404 -
127.0.0.1 - - [29/Jun/2021 01:38:27] "[36mGET /static/css/styles.css HTTP/1.1[0m" 304 -
127.0.0.1 - - [29/Jun/2021 01:38:27] "[36mGET /static/images/logo.svg HTTP/1.1[0m" 304 -
127.0.0.1 - - [29/Jun/2021 01:38:27] "[36mGET /static/images/refrigerators/french-door.png HTTP/1.1[0m" 304 -
127.0.0.1 - - [29/Jun/2021 01:38:27] "[36mGET /static/images/refrigerators/side-by-side.png HTTP/1.1[0m" 304 -
127.0.0.1 - - [29/Jun/2021 01:38:27] "[36mGET /static/images/refrigerators/botton-freezer.png HTTP/1.1[0m" 304 -
127.0.0.1 - - [29/Jun/2021 01:38:27] "[36mGET /static/images/refrigerators/top-fridge.png HTTP/1.1[0m" 304 -
127.0.0.1 - - [29/Jun/2021 01:38:27] "[36mGET /static/images/refrigerators/freezerless-fridge.jpg HTTP/1.1[0m" 304 -
127.0.0.1 - - [29/Jun/2021 01:38:27] "[36mGET /static/images/refrigerators/upright-freezer.png HTTP/1.1[0m" 304 -
127.0.0.1 - - [29/Jun/2021 01:38:27] "[36mGET /static/images/refrigerators/chest-freezer.png HTTP/1.1[0m" 304 -
127.0.0.1 - - [29/Jun/2021 01:38:27] "[36mGET /static/images/refrigerators/mini-fridge.jpg HTTP/1.1[0m" 304 -
127.0.0.1 - - [29/Jun/2021 01:38:27] "[36mGET /static/images/stainless_steel.jpg HTTP/1.1[0m" 304 -
127.0.0.1 - - [29/Jun/2021 01:38:27] "[36mGET /static/images/black.png HTTP/1.1[0m" 304 -
127.0.0.1 - - [29/Jun/2021 01:38:27] "[36mGET /static/images/white.png HTTP/1.1[0m" 304 -
127.0.0.1 - - [29/Jun/2021 01:38:57] "GET /appliances/refrigerators HTTP/1.1" 200 -
127.0.0.1 - - [29/Jun/2021 01:38:58] "[33mGET /robots.txt?1624945138022 HTTP/1.1[0m" 404 -
127.0.0.1 - - [29/Jun/2021 01:38:58] "[36mGET /static/css/styles.css HTTP/1.1[0m" 304 -
127.0.0.1 - - [29/Jun/2021 01:38:58] "[36mGET /static/images/logo.svg HTTP/1.1[0m" 304 -
127.0.0.1 - - [29/Jun/2021 01:38:58] "[36mGET /static/images/refrigerators/french-door.png HTTP/1.1[0m" 304 -
127.0.0.1 - - [29/Jun/2021 01:38:58] "[36mGET /static/images/refrigerators/side-by-side.png HTTP/1.1[0m" 304 -
127.0.0.1 - - [29/Jun/2021 01:38:58] "[36mGET /static/images/refrigerators/botton-freezer.png HTTP/1.1[0m" 304 -
127.0.0.1 - - [29/Jun/2021 01:38:58] "[36mGET /static/images/refrigerators/top-fridge.png HTTP/1.1[0m" 304 -
127.0.0.1 - - [29/Jun/2021 01:38:58] "[36mGET /static/images/refrigerators/freezerless-fridge.jpg HTTP/1.1[0m" 304 -
127.0.0.1 - - [29/Jun/2021 01:38:58] "[36mGET /static/images/refrigerators/upright-freezer.png HTTP/1.1[0m" 304 -
127.0.0.1 - - [29/Jun/2021 01:38:58] "[36mGET /static/images/refrigerators/chest-freezer.png HTTP/1.1[0m" 304 -
127.0.0.1 - - [29/Jun/2021 01:38:58] "[36mGET /static/images/refrigerators/mini-fridge.jpg HTTP/1.1[0m" 304 -
127.0.0.1 - - [29/Jun/2021 01:38:58] "[36mGET /static/images/stainless_steel.jpg HTTP/1.1[0m" 304 -
127.0.0.1 - - [29/Jun/2021 01:38:58] "[36mGET /static/images/black.png HTTP/1.1[0m" 304 -
127.0.0.1 - - [29/Jun/2021 01:38:58] "[36mGET /static/images/white.png HTTP/1.1[0m" 304 -
127.0.0.1 - - [29/Jun/2021 01:39:28] "GET /appliances/refrigerators HTTP/1.1" 200 -
127.0.0.1 - - [29/Jun/2021 01:39:28] "[33mGET /robots.txt?1624945168252 HTTP/1.1[0m" 404 -
127.0.0.1 - - [29/Jun/2021 01:39:28] "[36mGET /static/css/styles.css HTTP/1.1[0m" 304 -
127.0.0.1 - - [29/Jun/2021 01:39:28] "[36mGET /static/images/logo.svg HTTP/1.1[0m" 304 -
127.0.0.1 - - [29/Jun/2021 01:39:28] "[36mGET /static/images/refrigerators/french-door.png HTTP/1.1[0m" 304 -
127.0.0.1 - - [29/Jun/2021 01:39:28] "[36mGET /static/images/refrigerators/side-by-side.png HTTP/1.1[0m" 304 -
127.0.0.1 - - [29/Jun/2021 01:39:28] "[36mGET /static/images/refrigerators/botton-freezer.png HTTP/1.1[0m" 304 -
127.0.0.1 - - [29/Jun/2021 01:39:28] "[36mGET /static/images/refrigerators/top-fridge.png HTTP/1.1[0m" 304 -
127.0.0.1 - - [29/Jun/2021 01:39:28] "[36mGET /static/images/refrigerators/freezerless-fridge.jpg HTTP/1.1[0m" 304 -
127.0.0.1 - - [29/Jun/2021 01:39:28] "[36mGET /static/images/refrigerators/upright-freezer.png HTTP/1.1[0m" 304 -
127.0.0.1 - - [29/Jun/2021 01:39:28] "[36mGET /static/images/refrigerators/chest-freezer.png HTTP/1.1[0m" 304 -
127.0.0.1 - - [29/Jun/2021 01:39:28] "[36mGET /static/images/refrigerators/mini-fridge.jpg HTTP/1.1[0m" 304 -
127.0.0.1 - - [29/Jun/2021 01:39:28] "[36mGET /static/images/stainless_steel.jpg HTTP/1.1[0m" 304 -
127.0.0.1 - - [29/Jun/2021 01:39:28] "[36mGET /static/images/black.png HTTP/1.1[0m" 304 -
127.0.0.1 - - [29/Jun/2021 01:39:28] "[36mGET /static/images/white.png HTTP/1.1[0m" 304 -
127.0.0.1 - - [29/Jun/2021 01:39:58] "GET /appliances/refrigerators HTTP/1.1" 200 -
127.0.0.1 - - [29/Jun/2021 01:39:58] "[33mGET /robots.txt?1624945198520 HTTP/1.1[0m" 404 -
127.0.0.1 - - [29/Jun/2021 01:39:58] "[36mGET /static/css/styles.css HTTP/1.1[0m" 304 -
127.0.0.1 - - [29/Jun/2021 01:39:58] "[36mGET /static/images/logo.svg HTTP/1.1[0m" 304 -
127.0.0.1 - - [29/Jun/2021 01:39:58] "[36mGET /static/images/refrigerators/french-door.png HTTP/1.1[0m" 304 -
127.0.0.1 - - [29/Jun/2021 01:39:58] "[36mGET /static/images/refrigerators/side-by-side.png HTTP/1.1[0m" 304 -
127.0.0.1 - - [29/Jun/2021 01:39:58] "[36mGET /static/images/refrigerators/botton-freezer.png HTTP/1.1[0m" 304 -
127.0.0.1 - - [29/Jun/2021 01:39:58] "[36mGET /static/images/refrigerators/top-fridge.png HTTP/1.1[0m" 304 -
127.0.0.1 - - [29/Jun/2021 01:39:58] "[36mGET /static/images/refrigerators/freezerless-fridge.jpg HTTP/1.1[0m" 304 -
127.0.0.1 - - [29/Jun/2021 01:39:58] "[36mGET /static/images/refrigerators/upright-freezer.png HTTP/1.1[0m" 304 -
127.0.0.1 - - [29/Jun/2021 01:39:58] "[36mGET /static/images/refrigerators/chest-freezer.png HTTP/1.1[0m" 304 -
127.0.0.1 - - [29/Jun/2021 01:39:58] "[36mGET /static/images/refrigerators/mini-fridge.jpg HTTP/1.1[0m" 304 -
127.0.0.1 - - [29/Jun/2021 01:39:58] "[36mGET /static/images/stainless_steel.jpg HTTP/1.1[0m" 304 -
127.0.0.1 - - [29/Jun/2021 01:39:58] "[36mGET /static/images/black.png HTTP/1.1[0m" 304 -
127.0.0.1 - - [29/Jun/2021 01:39:58] "[36mGET /static/images/white.png HTTP/1.1[0m" 304 -
127.0.0.1 - - [29/Jun/2021 01:40:01] "GET /appliances/refrigerators HTTP/1.1" 200 -
127.0.0.1 - - [29/Jun/2021 01:40:01] "[33mGET /robots.txt?1624945201487 HTTP/1.1[0m" 404 -
127.0.0.1 - - [29/Jun/2021 01:40:01] "[36mGET /static/css/styles.css HTTP/1.1[0m" 304 -
127.0.0.1 - - [29/Jun/2021 01:40:01] "[36mGET /static/images/logo.svg HTTP/1.1[0m" 304 -
127.0.0.1 - - [29/Jun/2021 01:40:01] "[36mGET /static/images/refrigerators/french-door.png HTTP/1.1[0m" 304 -
127.0.0.1 - - [29/Jun/2021 01:40:01] "[36mGET /static/images/refrigerators/side-by-side.png HTTP/1.1[0m" 304 -
127.0.0.1 - - [29/Jun/2021 01:40:01] "[36mGET /static/images/refrigerators/botton-freezer.png HTTP/1.1[0m" 304 -
127.0.0.1 - - [29/Jun/2021 01:40:01] "[36mGET /static/images/refrigerators/top-fridge.png HTTP/1.1[0m" 304 -
127.0.0.1 - - [29/Jun/2021 01:40:01] "[36mGET /static/images/refrigerators/freezerless-fridge.jpg HTTP/1.1[0m" 304 -
127.0.0.1 - - [29/Jun/2021 01:40:01] "[36mGET /static/images/refrigerators/upright-freezer.png HTTP/1.1[0m" 304 -
127.0.0.1 - - [29/Jun/2021 01:40:01] "[36mGET /static/images/refrigerators/chest-freezer.png HTTP/1.1[0m" 304 -
127.0.0.1 - - [29/Jun/2021 01:40:01] "[36mGET /static/images/black.png HTTP/1.1[0m" 304 -
127.0.0.1 - - [29/Jun/2021 01:40:01] "[36mGET /static/images/white.png HTTP/1.1[0m" 304 -
127.0.0.1 - - [29/Jun/2021 01:40:01] "[36mGET /static/images/refrigerators/mini-fridge.jpg HTTP/1.1[0m" 304 -
127.0.0.1 - - [29/Jun/2021 01:40:01] "[36mGET /static/images/stainless_steel.jpg HTTP/1.1[0m" 304 -
127.0.0.1 - - [29/Jun/2021 01:40:01] "GET /appliances/refrigerators HTTP/1.1" 200 -
127.0.0.1 - - [29/Jun/2021 01:40:01] "[33mGET /robots.txt?1624945201962 HTTP/1.1[0m" 404 -
127.0.0.1 - - [29/Jun/2021 01:40:01] "[36mGET /static/css/styles.css HTTP/1.1[0m" 304 -
127.0.0.1 - - [29/Jun/2021 01:40:01] "[36mGET /static/images/logo.svg HTTP/1.1[0m" 304 -
127.0.0.1 - - [29/Jun/2021 01:40:02] "[36mGET /static/images/refrigerators/french-door.png HTTP/1.1[0m" 304 -
127.0.0.1 - - [29/Jun/2021 01:40:02] "[36mGET /static/images/refrigerators/side-by-side.png HTTP/1.1[0m" 304 -
127.0.0.1 - - [29/Jun/2021 01:40:02] "[36mGET /static/images/refrigerators/botton-freezer.png HTTP/1.1[0m" 304 -
127.0.0.1 - - [29/Jun/2021 01:40:02] "[36mGET /static/images/refrigerators/top-fridge.png HTTP/1.1[0m" 304 -
127.0.0.1 - - [29/Jun/2021 01:40:02] "[36mGET /static/images/refrigerators/freezerless-fridge.jpg HTTP/1.1[0m" 304 -
127.0.0.1 - - [29/Jun/2021 01:40:02] "[36mGET /static/images/refrigerators/upright-freezer.png HTTP/1.1[0m" 304 -
127.0.0.1 - - [29/Jun/2021 01:40:02] "[36mGET /static/images/refrigerators/chest-freezer.png HTTP/1.1[0m" 304 -
127.0.0.1 - - [29/Jun/2021 01:40:02] "[36mGET /static/images/refrigerators/mini-fridge.jpg HTTP/1.1[0m" 304 -
127.0.0.1 - - [29/Jun/2021 01:40:02] "[36mGET /static/images/black.png HTTP/1.1[0m" 304 -
127.0.0.1 - - [29/Jun/2021 01:40:02] "[36mGET /static/images/white.png HTTP/1.1[0m" 304 -
127.0.0.1 - - [29/Jun/2021 01:40:02] "[36mGET /static/images/stainless_steel.jpg HTTP/1.1[0m" 304 -
127.0.0.1 - - [29/Jun/2021 01:40:02] "GET /appliances/refrigerators HTTP/1.1" 200 -
127.0.0.1 - - [29/Jun/2021 01:40:02] "[33mGET /robots.txt?1624945202198 HTTP/1.1[0m" 404 -
127.0.0.1 - - [29/Jun/2021 01:40:02] "[36mGET /static/css/styles.css HTTP/1.1[0m" 304 -
127.0.0.1 - - [29/Jun/2021 01:40:02] "[36mGET /static/images/logo.svg HTTP/1.1[0m" 304 -
127.0.0.1 - - [29/Jun/2021 01:40:02] "[36mGET /static/images/refrigerators/french-door.png HTTP/1.1[0m" 304 -
127.0.0.1 - - [29/Jun/2021 01:40:02] "[36mGET /static/images/refrigerators/side-by-side.png HTTP/1.1[0m" 304 -
127.0.0.1 - - [29/Jun/2021 01:40:02] "[36mGET /static/images/refrigerators/botton-freezer.png HTTP/1.1[0m" 304 -
127.0.0.1 - - [29/Jun/2021 01:40:02] "[36mGET /static/images/refrigerators/freezerless-fridge.jpg HTTP/1.1[0m" 304 -
127.0.0.1 - - [29/Jun/2021 01:40:02] "[36mGET /static/images/refrigerators/top-fridge.png HTTP/1.1[0m" 304 -
127.0.0.1 - - [29/Jun/2021 01:40:02] "[36mGET /static/images/refrigerators/upright-freezer.png HTTP/1.1[0m" 304 -
127.0.0.1 - - [29/Jun/2021 01:40:02] "[36mGET /static/images/refrigerators/chest-freezer.png HTTP/1.1[0m" 304 -
127.0.0.1 - - [29/Jun/2021 01:40:02] "[36mGET /static/images/refrigerators/mini-fridge.jpg HTTP/1.1[0m" 304 -
127.0.0.1 - - [29/Jun/2021 01:40:02] "[36mGET /static/images/black.png HTTP/1.1[0m" 304 -
127.0.0.1 - - [29/Jun/2021 01:40:02] "[36mGET /static/images/white.png HTTP/1.1[0m" 304 -
127.0.0.1 - - [29/Jun/2021 01:40:02] "[36mGET /static/images/stainless_steel.jpg HTTP/1.1[0m" 304 -
127.0.0.1 - - [29/Jun/2021 01:40:02] "GET /appliances/refrigerators HTTP/1.1" 200 -
127.0.0.1 - - [29/Jun/2021 01:40:02] "[33mGET /robots.txt?1624945202414 HTTP/1.1[0m" 404 -
127.0.0.1 - - [29/Jun/2021 01:40:02] "[36mGET /static/css/styles.css HTTP/1.1[0m" 304 -
127.0.0.1 - - [29/Jun/2021 01:40:02] "[36mGET /static/images/logo.svg HTTP/1.1[0m" 304 -
127.0.0.1 - - [29/Jun/2021 01:40:02] "[36mGET /static/images/refrigerators/french-door.png HTTP/1.1[0m" 304 -
127.0.0.1 - - [29/Jun/2021 01:40:02] "[36mGET /static/images/refrigerators/side-by-side.png HTTP/1.1[0m" 304 -
127.0.0.1 - - [29/Jun/2021 01:40:02] "[36mGET /static/images/refrigerators/top-fridge.png HTTP/1.1[0m" 304 -
127.0.0.1 - - [29/Jun/2021 01:40:02] "[36mGET /static/images/refrigerators/botton-freezer.png HTTP/1.1[0m" 304 -
127.0.0.1 - - [29/Jun/2021 01:40:02] "[36mGET /static/images/refrigerators/freezerless-fridge.jpg HTTP/1.1[0m" 304 -
127.0.0.1 - - [29/Jun/2021 01:40:02] "[36mGET /static/images/refrigerators/upright-freezer.png HTTP/1.1[0m" 304 -
127.0.0.1 - - [29/Jun/2021 01:40:02] "[36mGET /static/images/black.png HTTP/1.1[0m" 304 -
127.0.0.1 - - [29/Jun/2021 01:40:02] "[36mGET /static/images/white.png HTTP/1.1[0m" 304 -
127.0.0.1 - - [29/Jun/2021 01:40:02] "[36mGET /static/images/refrigerators/mini-fridge.jpg HTTP/1.1[0m" 304 -
127.0.0.1 - - [29/Jun/2021 01:40:02] "[36mGET /static/images/refrigerators/chest-freezer.png HTTP/1.1[0m" 304 -
127.0.0.1 - - [29/Jun/2021 01:40:02] "[36mGET /static/images/stainless_steel.jpg HTTP/1.1[0m" 304 -
127.0.0.1 - - [29/Jun/2021 01:40:05] "GET /appliances/refrigerators HTTP/1.1" 200 -
127.0.0.1 - - [29/Jun/2021 01:40:05] "[33mGET /robots.txt?1624945205351 HTTP/1.1[0m" 404 -
127.0.0.1 - - [29/Jun/2021 01:40:05] "[36mGET /static/css/styles.css HTTP/1.1[0m" 304 -
127.0.0.1 - - [29/Jun/2021 01:40:05] "[36mGET /static/images/logo.svg HTTP/1.1[0m" 304 -
127.0.0.1 - - [29/Jun/2021 01:40:05] "[36mGET /static/images/refrigerators/french-door.png HTTP/1.1[0m" 304 -
127.0.0.1 - - [29/Jun/2021 01:40:05] "[36mGET /static/images/refrigerators/side-by-side.png HTTP/1.1[0m" 304 -
127.0.0.1 - - [29/Jun/2021 01:40:05] "[36mGET /static/images/refrigerators/botton-freezer.png HTTP/1.1[0m" 304 -
127.0.0.1 - - [29/Jun/2021 01:40:05] "[36mGET /static/images/refrigerators/top-fridge.png HTTP/1.1[0m" 304 -
127.0.0.1 - - [29/Jun/2021 01:40:05] "[36mGET /static/images/refrigerators/freezerless-fridge.jpg HTTP/1.1[0m" 304 -
127.0.0.1 - - [29/Jun/2021 01:40:05] "[36mGET /static/images/refrigerators/upright-freezer.png HTTP/1.1[0m" 304 -
127.0.0.1 - - [29/Jun/2021 01:40:05] "[36mGET /static/images/refrigerators/mini-fridge.jpg HTTP/1.1[0m" 304 -
127.0.0.1 - - [29/Jun/2021 01:40:05] "[36mGET /static/images/refrigerators/chest-freezer.png HTTP/1.1[0m" 304 -
127.0.0.1 - - [29/Jun/2021 01:40:05] "[36mGET /static/images/black.png HTTP/1.1[0m" 304 -
127.0.0.1 - - [29/Jun/2021 01:40:05] "[36mGET /static/images/white.png HTTP/1.1[0m" 304 -
127.0.0.1 - - [29/Jun/2021 01:40:05] "[36mGET /static/images/stainless_steel.jpg HTTP/1.1[0m" 304 -
127.0.0.1 - - [29/Jun/2021 01:40:06] "GET /appliances/refrigerators HTTP/1.1" 200 -
127.0.0.1 - - [29/Jun/2021 01:40:06] "[33mGET /robots.txt?1624945206090 HTTP/1.1[0m" 404 -
127.0.0.1 - - [29/Jun/2021 01:40:06] "[36mGET /static/css/styles.css HTTP/1.1[0m" 304 -
127.0.0.1 - - [29/Jun/2021 01:40:06] "[36mGET /static/images/logo.svg HTTP/1.1[0m" 304 -
127.0.0.1 - - [29/Jun/2021 01:40:06] "[36mGET /static/images/refrigerators/french-door.png HTTP/1.1[0m" 304 -
127.0.0.1 - - [29/Jun/2021 01:40:06] "[36mGET /static/images/refrigerators/side-by-side.png HTTP/1.1[0m" 304 -
127.0.0.1 - - [29/Jun/2021 01:40:06] "[36mGET /static/images/refrigerators/botton-freezer.png HTTP/1.1[0m" 304 -
127.0.0.1 - - [29/Jun/2021 01:40:06] "[36mGET /static/images/refrigerators/top-fridge.png HTTP/1.1[0m" 304 -
127.0.0.1 - - [29/Jun/2021 01:40:06] "[36mGET /static/images/refrigerators/freezerless-fridge.jpg HTTP/1.1[0m" 304 -
127.0.0.1 - - [29/Jun/2021 01:40:06] "[36mGET /static/images/refrigerators/upright-freezer.png HTTP/1.1[0m" 304 -
127.0.0.1 - - [29/Jun/2021 01:40:06] "[36mGET /static/images/black.png HTTP/1.1[0m" 304 -
127.0.0.1 - - [29/Jun/2021 01:40:06] "[36mGET /static/images/white.png HTTP/1.1[0m" 304 -
127.0.0.1 - - [29/Jun/2021 01:40:06] "[36mGET /static/images/refrigerators/mini-fridge.jpg HTTP/1.1[0m" 304 -
127.0.0.1 - - [29/Jun/2021 01:40:06] "[36mGET /static/images/refrigerators/chest-freezer.png HTTP/1.1[0m" 304 -
127.0.0.1 - - [29/Jun/2021 01:40:06] "[36mGET /static/images/stainless_steel.jpg HTTP/1.1[0m" 304 -
127.0.0.1 - - [29/Jun/2021 01:40:29] "GET /appliances/refrigerators HTTP/1.1" 200 -
127.0.0.1 - - [29/Jun/2021 01:40:29] "[33mGET /robots.txt?1624945229946 HTTP/1.1[0m" 404 -
127.0.0.1 - - [29/Jun/2021 01:40:29] "GET /static/css/styles.css HTTP/1.1" 200 -
127.0.0.1 - - [29/Jun/2021 01:40:30] "[36mGET /static/images/logo.svg HTTP/1.1[0m" 304 -
127.0.0.1 - - [29/Jun/2021 01:40:30] "[36mGET /static/images/refrigerators/french-door.png HTTP/1.1[0m" 304 -
127.0.0.1 - - [29/Jun/2021 01:40:30] "[36mGET /static/images/refrigerators/side-by-side.png HTTP/1.1[0m" 304 -
127.0.0.1 - - [29/Jun/2021 01:40:30] "[36mGET /static/images/refrigerators/botton-freezer.png HTTP/1.1[0m" 304 -
127.0.0.1 - - [29/Jun/2021 01:40:30] "[36mGET /static/images/refrigerators/top-fridge.png HTTP/1.1[0m" 304 -
127.0.0.1 - - [29/Jun/2021 01:40:30] "[36mGET /static/images/refrigerators/freezerless-fridge.jpg HTTP/1.1[0m" 304 -
127.0.0.1 - - [29/Jun/2021 01:40:30] "[36mGET /static/images/refrigerators/upright-freezer.png HTTP/1.1[0m" 304 -
127.0.0.1 - - [29/Jun/2021 01:40:30] "[36mGET /static/images/refrigerators/chest-freezer.png HTTP/1.1[0m" 304 -
127.0.0.1 - - [29/Jun/2021 01:40:30] "[36mGET /static/images/refrigerators/mini-fridge.jpg HTTP/1.1[0m" 304 -
127.0.0.1 - - [29/Jun/2021 01:40:30] "[36mGET /static/images/stainless_steel.jpg HTTP/1.1[0m" 304 -
127.0.0.1 - - [29/Jun/2021 01:40:30] "[36mGET /static/images/white.png HTTP/1.1[0m" 304 -
127.0.0.1 - - [29/Jun/2021 01:40:30] "[36mGET /static/images/black.png HTTP/1.1[0m" 304 -
127.0.0.1 - - [29/Jun/2021 01:40:30] "GET /appliances/refrigerators HTTP/1.1" 200 -
127.0.0.1 - - [29/Jun/2021 01:40:30] "[33mGET /robots.txt?1624945230369 HTTP/1.1[0m" 404 -
127.0.0.1 - - [29/Jun/2021 01:40:30] "[36mGET /static/css/styles.css HTTP/1.1[0m" 304 -
127.0.0.1 - - [29/Jun/2021 01:40:30] "[36mGET /static/images/logo.svg HTTP/1.1[0m" 304 -
127.0.0.1 - - [29/Jun/2021 01:40:30] "[36mGET /static/images/refrigerators/french-door.png HTTP/1.1[0m" 304 -
127.0.0.1 - - [29/Jun/2021 01:40:30] "[36mGET /static/images/refrigerators/side-by-side.png HTTP/1.1[0m" 304 -
127.0.0.1 - - [29/Jun/2021 01:40:30] "[36mGET /static/images/refrigerators/botton-freezer.png HTTP/1.1[0m" 304 -
127.0.0.1 - - [29/Jun/2021 01:40:30] "[36mGET /static/images/refrigerators/top-fridge.png HTTP/1.1[0m" 304 -
127.0.0.1 - - [29/Jun/2021 01:40:30] "[36mGET /static/images/refrigerators/freezerless-fridge.jpg HTTP/1.1[0m" 304 -
127.0.0.1 - - [29/Jun/2021 01:40:30] "[36mGET /static/images/refrigerators/upright-freezer.png HTTP/1.1[0m" 304 -
127.0.0.1 - - [29/Jun/2021 01:40:30] "[36mGET /static/images/black.png HTTP/1.1[0m" 304 -
127.0.0.1 - - [29/Jun/2021 01:40:30] "[36mGET /static/images/white.png HTTP/1.1[0m" 304 -
127.0.0.1 - - [29/Jun/2021 01:40:30] "[36mGET /static/images/refrigerators/mini-fridge.jpg HTTP/1.1[0m" 304 -
127.0.0.1 - - [29/Jun/2021 01:40:30] "[36mGET /static/images/refrigerators/chest-freezer.png HTTP/1.1[0m" 304 -
127.0.0.1 - - [29/Jun/2021 01:40:30] "[36mGET /static/images/stainless_steel.jpg HTTP/1.1[0m" 304 -
127.0.0.1 - - [29/Jun/2021 01:40:30] "GET /appliances/refrigerators HTTP/1.1" 200 -
127.0.0.1 - - [29/Jun/2021 01:40:30] "[33mGET /robots.txt?1624945230639 HTTP/1.1[0m" 404 -
127.0.0.1 - - [29/Jun/2021 01:40:30] "[36mGET /static/css/styles.css HTTP/1.1[0m" 304 -
127.0.0.1 - - [29/Jun/2021 01:40:30] "[36mGET /static/images/logo.svg HTTP/1.1[0m" 304 -
127.0.0.1 - - [29/Jun/2021 01:40:30] "[36mGET /static/images/refrigerators/french-door.png HTTP/1.1[0m" 304 -
127.0.0.1 - - [29/Jun/2021 01:40:30] "[36mGET /static/images/refrigerators/botton-freezer.png HTTP/1.1[0m" 304 -
127.0.0.1 - - [29/Jun/2021 01:40:30] "[36mGET /static/images/refrigerators/side-by-side.png HTTP/1.1[0m" 304 -
127.0.0.1 - - [29/Jun/2021 01:40:30] "[36mGET /static/images/refrigerators/top-fridge.png HTTP/1.1[0m" 304 -
127.0.0.1 - - [29/Jun/2021 01:40:30] "[36mGET /static/images/refrigerators/freezerless-fridge.jpg HTTP/1.1[0m" 304 -
127.0.0.1 - - [29/Jun/2021 01:40:30] "[36mGET /static/images/refrigerators/upright-freezer.png HTTP/1.1[0m" 304 -
127.0.0.1 - - [29/Jun/2021 01:40:30] "[36mGET /static/images/black.png HTTP/1.1[0m" 304 -
127.0.0.1 - - [29/Jun/2021 01:40:30] "[36mGET /static/images/white.png HTTP/1.1[0m" 304 -
127.0.0.1 - - [29/Jun/2021 01:40:30] "[36mGET /static/images/refrigerators/mini-fridge.jpg HTTP/1.1[0m" 304 -
127.0.0.1 - - [29/Jun/2021 01:40:30] "[36mGET /static/images/refrigerators/chest-freezer.png HTTP/1.1[0m" 304 -
127.0.0.1 - - [29/Jun/2021 01:40:30] "[36mGET /static/images/stainless_steel.jpg HTTP/1.1[0m" 304 -
127.0.0.1 - - [29/Jun/2021 01:40:37] "GET /appliances/refrigerators HTTP/1.1" 200 -
127.0.0.1 - - [29/Jun/2021 01:40:37] "[33mGET /robots.txt?1624945237757 HTTP/1.1[0m" 404 -
127.0.0.1 - - [29/Jun/2021 01:40:37] "[36mGET /static/css/styles.css HTTP/1.1[0m" 304 -
127.0.0.1 - - [29/Jun/2021 01:40:37] "[36mGET /static/images/logo.svg HTTP/1.1[0m" 304 -
127.0.0.1 - - [29/Jun/2021 01:40:37] "[36mGET /static/images/refrigerators/french-door.png HTTP/1.1[0m" 304 -
127.0.0.1 - - [29/Jun/2021 01:40:37] "[36mGET /static/images/refrigerators/side-by-side.png HTTP/1.1[0m" 304 -
127.0.0.1 - - [29/Jun/2021 01:40:37] "[36mGET /static/images/refrigerators/botton-freezer.png HTTP/1.1[0m" 304 -
127.0.0.1 - - [29/Jun/2021 01:40:37] "[36mGET /static/images/refrigerators/top-fridge.png HTTP/1.1[0m" 304 -
127.0.0.1 - - [29/Jun/2021 01:40:37] "[36mGET /static/images/refrigerators/upright-freezer.png HTTP/1.1[0m" 304 -
127.0.0.1 - - [29/Jun/2021 01:40:37] "[36mGET /static/images/refrigerators/freezerless-fridge.jpg HTTP/1.1[0m" 304 -
127.0.0.1 - - [29/Jun/2021 01:40:37] "[36mGET /static/images/white.png HTTP/1.1[0m" 304 -
127.0.0.1 - - [29/Jun/2021 01:40:37] "[36mGET /static/images/black.png HTTP/1.1[0m" 304 -
127.0.0.1 - - [29/Jun/2021 01:40:37] "[36mGET /static/images/refrigerators/mini-fridge.jpg HTTP/1.1[0m" 304 -
127.0.0.1 - - [29/Jun/2021 01:40:37] "[36mGET /static/images/refrigerators/chest-freezer.png HTTP/1.1[0m" 304 -
127.0.0.1 - - [29/Jun/2021 01:40:37] "[36mGET /static/images/stainless_steel.jpg HTTP/1.1[0m" 304 -
127.0.0.1 - - [29/Jun/2021 01:41:06] "POST /appliances/refrigerators HTTP/1.1" 200 -
127.0.0.1 - - [29/Jun/2021 01:41:06] "[33mGET /robots.txt?1624945266546 HTTP/1.1[0m" 404 -
127.0.0.1 - - [29/Jun/2021 01:41:06] "[36mGET /static/css/styles.css HTTP/1.1[0m" 304 -
127.0.0.1 - - [29/Jun/2021 01:41:06] "[36mGET /static/images/logo.svg HTTP/1.1[0m" 304 -
127.0.0.1 - - [29/Jun/2021 01:41:06] "[36mGET /static/images/refrigerators/french-door.png HTTP/1.1[0m" 304 -
127.0.0.1 - - [29/Jun/2021 01:41:07] "GET /appliances/refrigerators HTTP/1.1" 200 -
127.0.0.1 - - [29/Jun/2021 01:41:07] "[33mGET /robots.txt?1624945267875 HTTP/1.1[0m" 404 -
127.0.0.1 - - [29/Jun/2021 01:41:38] "GET /appliances/refrigerators HTTP/1.1" 200 -
127.0.0.1 - - [29/Jun/2021 01:41:38] "[33mGET /robots.txt?1624945298080 HTTP/1.1[0m" 404 -
127.0.0.1 - - [29/Jun/2021 01:41:38] "[36mGET /static/css/styles.css HTTP/1.1[0m" 304 -
127.0.0.1 - - [29/Jun/2021 01:41:38] "[36mGET /static/images/logo.svg HTTP/1.1[0m" 304 -
127.0.0.1 - - [29/Jun/2021 01:41:38] "[36mGET /static/images/refrigerators/french-door.png HTTP/1.1[0m" 304 -
127.0.0.1 - - [29/Jun/2021 01:41:38] "[36mGET /static/images/refrigerators/side-by-side.png HTTP/1.1[0m" 304 -
127.0.0.1 - - [29/Jun/2021 01:41:38] "[36mGET /static/images/refrigerators/botton-freezer.png HTTP/1.1[0m" 304 -
127.0.0.1 - - [29/Jun/2021 01:41:38] "[36mGET /static/images/refrigerators/top-fridge.png HTTP/1.1[0m" 304 -
127.0.0.1 - - [29/Jun/2021 01:41:38] "[36mGET /static/images/refrigerators/freezerless-fridge.jpg HTTP/1.1[0m" 304 -
127.0.0.1 - - [29/Jun/2021 01:41:38] "[36mGET /static/images/refrigerators/upright-freezer.png HTTP/1.1[0m" 304 -
127.0.0.1 - - [29/Jun/2021 01:41:38] "[36mGET /static/images/refrigerators/chest-freezer.png HTTP/1.1[0m" 304 -
127.0.0.1 - - [29/Jun/2021 01:41:38] "[36mGET /static/images/refrigerators/mini-fridge.jpg HTTP/1.1[0m" 304 -
127.0.0.1 - - [29/Jun/2021 01:41:38] "[36mGET /static/images/stainless_steel.jpg HTTP/1.1[0m" 304 -
127.0.0.1 - - [29/Jun/2021 01:41:38] "[36mGET /static/images/black.png HTTP/1.1[0m" 304 -
127.0.0.1 - - [29/Jun/2021 01:41:38] "[36mGET /static/images/white.png HTTP/1.1[0m" 304 -
127.0.0.1 - - [29/Jun/2021 01:42:08] "GET /appliances/refrigerators HTTP/1.1" 200 -
127.0.0.1 - - [29/Jun/2021 01:42:08] "[33mGET /robots.txt?1624945328323 HTTP/1.1[0m" 404 -
127.0.0.1 - - [29/Jun/2021 01:42:08] "[36mGET /static/css/styles.css HTTP/1.1[0m" 304 -
127.0.0.1 - - [29/Jun/2021 01:42:08] "[36mGET /static/images/logo.svg HTTP/1.1[0m" 304 -
127.0.0.1 - - [29/Jun/2021 01:42:08] "[36mGET /static/images/refrigerators/french-door.png HTTP/1.1[0m" 304 -
127.0.0.1 - - [29/Jun/2021 01:42:08] "[36mGET /static/images/refrigerators/side-by-side.png HTTP/1.1[0m" 304 -
127.0.0.1 - - [29/Jun/2021 01:42:08] "[36mGET /static/images/refrigerators/botton-freezer.png HTTP/1.1[0m" 304 -
127.0.0.1 - - [29/Jun/2021 01:42:08] "[36mGET /static/images/refrigerators/top-fridge.png HTTP/1.1[0m" 304 -
127.0.0.1 - - [29/Jun/2021 01:42:08] "[36mGET /static/images/refrigerators/freezerless-fridge.jpg HTTP/1.1[0m" 304 -
127.0.0.1 - - [29/Jun/2021 01:42:08] "[36mGET /static/images/refrigerators/upright-freezer.png HTTP/1.1[0m" 304 -
127.0.0.1 - - [29/Jun/2021 01:42:08] "[36mGET /static/images/refrigerators/chest-freezer.png HTTP/1.1[0m" 304 -
127.0.0.1 - - [29/Jun/2021 01:42:08] "[36mGET /static/images/refrigerators/mini-fridge.jpg HTTP/1.1[0m" 304 -
127.0.0.1 - - [29/Jun/2021 01:42:08] "[36mGET /static/images/stainless_steel.jpg HTTP/1.1[0m" 304 -
127.0.0.1 - - [29/Jun/2021 01:42:08] "[36mGET /static/images/black.png HTTP/1.1[0m" 304 -
127.0.0.1 - - [29/Jun/2021 01:42:08] "[36mGET /static/images/white.png HTTP/1.1[0m" 304 -
127.0.0.1 - - [29/Jun/2021 01:42:38] "GET /appliances/refrigerators HTTP/1.1" 200 -
127.0.0.1 - - [29/Jun/2021 01:42:38] "[33mGET /robots.txt?1624945358618 HTTP/1.1[0m" 404 -
127.0.0.1 - - [29/Jun/2021 01:42:38] "[36mGET /static/css/styles.css HTTP/1.1[0m" 304 -
127.0.0.1 - - [29/Jun/2021 01:42:38] "[36mGET /static/images/logo.svg HTTP/1.1[0m" 304 -
127.0.0.1 - - [29/Jun/2021 01:42:38] "[36mGET /static/images/refrigerators/french-door.png HTTP/1.1[0m" 304 -
127.0.0.1 - - [29/Jun/2021 01:42:38] "[36mGET /static/images/refrigerators/side-by-side.png HTTP/1.1[0m" 304 -
127.0.0.1 - - [29/Jun/2021 01:42:38] "[36mGET /static/images/refrigerators/botton-freezer.png HTTP/1.1[0m" 304 -
127.0.0.1 - - [29/Jun/2021 01:42:38] "[36mGET /static/images/refrigerators/top-fridge.png HTTP/1.1[0m" 304 -
127.0.0.1 - - [29/Jun/2021 01:42:38] "[36mGET /static/images/refrigerators/freezerless-fridge.jpg HTTP/1.1[0m" 304 -
127.0.0.1 - - [29/Jun/2021 01:42:38] "[36mGET /static/images/refrigerators/upright-freezer.png HTTP/1.1[0m" 304 -
127.0.0.1 - - [29/Jun/2021 01:42:38] "[36mGET /static/images/refrigerators/chest-freezer.png HTTP/1.1[0m" 304 -
127.0.0.1 - - [29/Jun/2021 01:42:38] "[36mGET /static/images/refrigerators/mini-fridge.jpg HTTP/1.1[0m" 304 -
127.0.0.1 - - [29/Jun/2021 01:42:38] "[36mGET /static/images/stainless_steel.jpg HTTP/1.1[0m" 304 -
127.0.0.1 - - [29/Jun/2021 01:42:38] "[36mGET /static/images/black.png HTTP/1.1[0m" 304 -
127.0.0.1 - - [29/Jun/2021 01:42:38] "[36mGET /static/images/white.png HTTP/1.1[0m" 304 -
127.0.0.1 - - [29/Jun/2021 01:43:08] "GET /appliances/refrigerators HTTP/1.1" 200 -
127.0.0.1 - - [29/Jun/2021 01:43:08] "[33mGET /robots.txt?1624945388857 HTTP/1.1[0m" 404 -
127.0.0.1 - - [29/Jun/2021 01:43:08] "[36mGET /static/css/styles.css HTTP/1.1[0m" 304 -
127.0.0.1 - - [29/Jun/2021 01:43:08] "[36mGET /static/images/logo.svg HTTP/1.1[0m" 304 -
127.0.0.1 - - [29/Jun/2021 01:43:08] "[36mGET /static/images/refrigerators/french-door.png HTTP/1.1[0m" 304 -
127.0.0.1 - - [29/Jun/2021 01:43:08] "[36mGET /static/images/refrigerators/side-by-side.png HTTP/1.1[0m" 304 -
127.0.0.1 - - [29/Jun/2021 01:43:08] "[36mGET /static/images/refrigerators/botton-freezer.png HTTP/1.1[0m" 304 -
127.0.0.1 - - [29/Jun/2021 01:43:08] "[36mGET /static/images/refrigerators/top-fridge.png HTTP/1.1[0m" 304 -
127.0.0.1 - - [29/Jun/2021 01:43:08] "[36mGET /static/images/refrigerators/freezerless-fridge.jpg HTTP/1.1[0m" 304 -
127.0.0.1 - - [29/Jun/2021 01:43:08] "[36mGET /static/images/refrigerators/upright-freezer.png HTTP/1.1[0m" 304 -
127.0.0.1 - - [29/Jun/2021 01:43:08] "[36mGET /static/images/refrigerators/chest-freezer.png HTTP/1.1[0m" 304 -
127.0.0.1 - - [29/Jun/2021 01:43:08] "[36mGET /static/images/refrigerators/mini-fridge.jpg HTTP/1.1[0m" 304 -
127.0.0.1 - - [29/Jun/2021 01:43:08] "[36mGET /static/images/stainless_steel.jpg HTTP/1.1[0m" 304 -
127.0.0.1 - - [29/Jun/2021 01:43:09] "[36mGET /static/images/black.png HTTP/1.1[0m" 304 -
127.0.0.1 - - [29/Jun/2021 01:43:09] "[36mGET /static/images/white.png HTTP/1.1[0m" 304 -
127.0.0.1 - - [29/Jun/2021 01:43:39] "GET /appliances/refrigerators HTTP/1.1" 200 -
127.0.0.1 - - [29/Jun/2021 01:43:39] "[33mGET /robots.txt?1624945419153 HTTP/1.1[0m" 404 -
127.0.0.1 - - [29/Jun/2021 01:43:39] "[36mGET /static/css/styles.css HTTP/1.1[0m" 304 -
127.0.0.1 - - [29/Jun/2021 01:43:39] "[36mGET /static/images/logo.svg HTTP/1.1[0m" 304 -
127.0.0.1 - - [29/Jun/2021 01:43:39] "[36mGET /static/images/refrigerators/french-door.png HTTP/1.1[0m" 304 -
127.0.0.1 - - [29/Jun/2021 01:43:39] "[36mGET /static/images/refrigerators/side-by-side.png HTTP/1.1[0m" 304 -
127.0.0.1 - - [29/Jun/2021 01:43:39] "[36mGET /static/images/refrigerators/botton-freezer.png HTTP/1.1[0m" 304 -
127.0.0.1 - - [29/Jun/2021 01:43:39] "[36mGET /static/images/refrigerators/top-fridge.png HTTP/1.1[0m" 304 -
127.0.0.1 - - [29/Jun/2021 01:43:39] "[36mGET /static/images/refrigerators/freezerless-fridge.jpg HTTP/1.1[0m" 304 -
127.0.0.1 - - [29/Jun/2021 01:43:39] "[36mGET /static/images/refrigerators/upright-freezer.png HTTP/1.1[0m" 304 -
127.0.0.1 - - [29/Jun/2021 01:43:39] "[36mGET /static/images/refrigerators/chest-freezer.png HTTP/1.1[0m" 304 -
127.0.0.1 - - [29/Jun/2021 01:43:39] "[36mGET /static/images/refrigerators/mini-fridge.jpg HTTP/1.1[0m" 304 -
127.0.0.1 - - [29/Jun/2021 01:43:39] "[36mGET /static/images/stainless_steel.jpg HTTP/1.1[0m" 304 -
127.0.0.1 - - [29/Jun/2021 01:43:39] "[36mGET /static/images/black.png HTTP/1.1[0m" 304 -
127.0.0.1 - - [29/Jun/2021 01:43:39] "[36mGET /static/images/white.png HTTP/1.1[0m" 304 -
127.0.0.1 - - [29/Jun/2021 01:44:09] "GET /appliances/refrigerators HTTP/1.1" 200 -
127.0.0.1 - - [29/Jun/2021 01:44:09] "[33mGET /robots.txt?1624945449428 HTTP/1.1[0m" 404 -
127.0.0.1 - - [29/Jun/2021 01:44:09] "[36mGET /static/css/styles.css HTTP/1.1[0m" 304 -
127.0.0.1 - - [29/Jun/2021 01:44:09] "[36mGET /static/images/logo.svg HTTP/1.1[0m" 304 -
127.0.0.1 - - [29/Jun/2021 01:44:09] "[36mGET /static/images/refrigerators/french-door.png HTTP/1.1[0m" 304 -
127.0.0.1 - - [29/Jun/2021 01:44:09] "[36mGET /static/images/refrigerators/side-by-side.png HTTP/1.1[0m" 304 -
127.0.0.1 - - [29/Jun/2021 01:44:09] "[36mGET /static/images/refrigerators/botton-freezer.png HTTP/1.1[0m" 304 -
127.0.0.1 - - [29/Jun/2021 01:44:09] "[36mGET /static/images/refrigerators/top-fridge.png HTTP/1.1[0m" 304 -
127.0.0.1 - - [29/Jun/2021 01:44:09] "[36mGET /static/images/refrigerators/freezerless-fridge.jpg HTTP/1.1[0m" 304 -
127.0.0.1 - - [29/Jun/2021 01:44:09] "[36mGET /static/images/refrigerators/upright-freezer.png HTTP/1.1[0m" 304 -
127.0.0.1 - - [29/Jun/2021 01:44:09] "[36mGET /static/images/refrigerators/chest-freezer.png HTTP/1.1[0m" 304 -
127.0.0.1 - - [29/Jun/2021 01:44:09] "[36mGET /static/images/refrigerators/mini-fridge.jpg HTTP/1.1[0m" 304 -
127.0.0.1 - - [29/Jun/2021 01:44:09] "[36mGET /static/images/stainless_steel.jpg HTTP/1.1[0m" 304 -
127.0.0.1 - - [29/Jun/2021 01:44:09] "[36mGET /static/images/black.png HTTP/1.1[0m" 304 -
127.0.0.1 - - [29/Jun/2021 01:44:09] "[36mGET /static/images/white.png HTTP/1.1[0m" 304 -
127.0.0.1 - - [29/Jun/2021 01:44:39] "GET /appliances/refrigerators HTTP/1.1" 200 -
127.0.0.1 - - [29/Jun/2021 01:44:39] "[33mGET /robots.txt?1624945479674 HTTP/1.1[0m" 404 -
127.0.0.1 - - [29/Jun/2021 01:44:39] "[36mGET /static/css/styles.css HTTP/1.1[0m" 304 -
127.0.0.1 - - [29/Jun/2021 01:44:39] "[36mGET /static/images/logo.svg HTTP/1.1[0m" 304 -
127.0.0.1 - - [29/Jun/2021 01:44:39] "[36mGET /static/images/refrigerators/french-door.png HTTP/1.1[0m" 304 -
127.0.0.1 - - [29/Jun/2021 01:44:39] "[36mGET /static/images/refrigerators/side-by-side.png HTTP/1.1[0m" 304 -
127.0.0.1 - - [29/Jun/2021 01:44:39] "[36mGET /static/images/refrigerators/botton-freezer.png HTTP/1.1[0m" 304 -
127.0.0.1 - - [29/Jun/2021 01:44:39] "[36mGET /static/images/refrigerators/top-fridge.png HTTP/1.1[0m" 304 -
127.0.0.1 - - [29/Jun/2021 01:44:39] "[36mGET /static/images/refrigerators/freezerless-fridge.jpg HTTP/1.1[0m" 304 -
127.0.0.1 - - [29/Jun/2021 01:44:39] "[36mGET /static/images/refrigerators/upright-freezer.png HTTP/1.1[0m" 304 -
127.0.0.1 - - [29/Jun/2021 01:44:39] "[36mGET /static/images/refrigerators/chest-freezer.png HTTP/1.1[0m" 304 -
127.0.0.1 - - [29/Jun/2021 01:44:39] "[36mGET /static/images/refrigerators/mini-fridge.jpg HTTP/1.1[0m" 304 -
127.0.0.1 - - [29/Jun/2021 01:44:39] "[36mGET /static/images/stainless_steel.jpg HTTP/1.1[0m" 304 -
127.0.0.1 - - [29/Jun/2021 01:44:39] "[36mGET /static/images/black.png HTTP/1.1[0m" 304 -
127.0.0.1 - - [29/Jun/2021 01:44:39] "[36mGET /static/images/white.png HTTP/1.1[0m" 304 -
127.0.0.1 - - [29/Jun/2021 01:45:09] "GET /appliances/refrigerators HTTP/1.1" 200 -
127.0.0.1 - - [29/Jun/2021 01:45:09] "[33mGET /robots.txt?1624945509930 HTTP/1.1[0m" 404 -
127.0.0.1 - - [29/Jun/2021 01:45:09] "[36mGET /static/css/styles.css HTTP/1.1[0m" 304 -
127.0.0.1 - - [29/Jun/2021 01:45:09] "[36mGET /static/images/logo.svg HTTP/1.1[0m" 304 -
127.0.0.1 - - [29/Jun/2021 01:45:10] "[36mGET /static/images/refrigerators/side-by-side.png HTTP/1.1[0m" 304 -
127.0.0.1 - - [29/Jun/2021 01:45:10] "[36mGET /static/images/refrigerators/french-door.png HTTP/1.1[0m" 304 -
127.0.0.1 - - [29/Jun/2021 01:45:10] "[36mGET /static/images/refrigerators/botton-freezer.png HTTP/1.1[0m" 304 -
127.0.0.1 - - [29/Jun/2021 01:45:10] "[36mGET /static/images/refrigerators/top-fridge.png HTTP/1.1[0m" 304 -
127.0.0.1 - - [29/Jun/2021 01:45:10] "[36mGET /static/images/refrigerators/freezerless-fridge.jpg HTTP/1.1[0m" 304 -
127.0.0.1 - - [29/Jun/2021 01:45:10] "[36mGET /static/images/refrigerators/upright-freezer.png HTTP/1.1[0m" 304 -
127.0.0.1 - - [29/Jun/2021 01:45:10] "[36mGET /static/images/refrigerators/chest-freezer.png HTTP/1.1[0m" 304 -
127.0.0.1 - - [29/Jun/2021 01:45:10] "[36mGET /static/images/refrigerators/mini-fridge.jpg HTTP/1.1[0m" 304 -
127.0.0.1 - - [29/Jun/2021 01:45:10] "[36mGET /static/images/stainless_steel.jpg HTTP/1.1[0m" 304 -
127.0.0.1 - - [29/Jun/2021 01:45:10] "[36mGET /static/images/black.png HTTP/1.1[0m" 304 -
127.0.0.1 - - [29/Jun/2021 01:45:10] "[36mGET /static/images/white.png HTTP/1.1[0m" 304 -
127.0.0.1 - - [29/Jun/2021 01:45:15] "GET / HTTP/1.1" 200 -
127.0.0.1 - - [29/Jun/2021 01:45:15] "[33mGET /robots.txt?1624945515400 HTTP/1.1[0m" 404 -
127.0.0.1 - - [29/Jun/2021 01:45:15] "[36mGET /static/css/styles.css HTTP/1.1[0m" 304 -
127.0.0.1 - - [29/Jun/2021 01:45:15] "[36mGET /static/images/logo.svg HTTP/1.1[0m" 304 -
127.0.0.1 - - [29/Jun/2021 01:45:15] "[36mGET /static/images/hero-bcg.jpeg HTTP/1.1[0m" 304 -
127.0.0.1 - - [29/Jun/2021 01:45:45] "GET / HTTP/1.1" 200 -
127.0.0.1 - - [29/Jun/2021 01:45:45] "[33mGET /robots.txt?1624945545633 HTTP/1.1[0m" 404 -
127.0.0.1 - - [29/Jun/2021 01:45:45] "[36mGET /static/css/styles.css HTTP/1.1[0m" 304 -
127.0.0.1 - - [29/Jun/2021 01:45:45] "[36mGET /static/images/logo.svg HTTP/1.1[0m" 304 -
127.0.0.1 - - [29/Jun/2021 01:45:45] "[36mGET /static/images/hero-bcg.jpeg HTTP/1.1[0m" 304 -
127.0.0.1 - - [29/Jun/2021 01:46:15] "GET / HTTP/1.1" 200 -
127.0.0.1 - - [29/Jun/2021 01:46:15] "[33mGET /robots.txt?1624945575861 HTTP/1.1[0m" 404 -
127.0.0.1 - - [29/Jun/2021 01:46:15] "[36mGET /static/css/styles.css HTTP/1.1[0m" 304 -
127.0.0.1 - - [29/Jun/2021 01:46:15] "[36mGET /static/images/logo.svg HTTP/1.1[0m" 304 -
127.0.0.1 - - [29/Jun/2021 01:46:15] "[36mGET /static/images/hero-bcg.jpeg HTTP/1.1[0m" 304 -
127.0.0.1 - - [29/Jun/2021 01:46:46] "GET / HTTP/1.1" 200 -
127.0.0.1 - - [29/Jun/2021 01:46:46] "[33mGET /robots.txt?1624945606060 HTTP/1.1[0m" 404 -
127.0.0.1 - - [29/Jun/2021 01:46:46] "[36mGET /static/css/styles.css HTTP/1.1[0m" 304 -
127.0.0.1 - - [29/Jun/2021 01:46:46] "[36mGET /static/images/logo.svg HTTP/1.1[0m" 304 -
127.0.0.1 - - [29/Jun/2021 01:46:46] "[36mGET /static/images/hero-bcg.jpeg HTTP/1.1[0m" 304 -
127.0.0.1 - - [29/Jun/2021 01:47:16] "GET / HTTP/1.1" 200 -
127.0.0.1 - - [29/Jun/2021 01:47:16] "[33mGET /robots.txt?1624945636333 HTTP/1.1[0m" 404 -
127.0.0.1 - - [29/Jun/2021 01:47:16] "[36mGET /static/css/styles.css HTTP/1.1[0m" 304 -
127.0.0.1 - - [29/Jun/2021 01:47:16] "[36mGET /static/images/logo.svg HTTP/1.1[0m" 304 -
127.0.0.1 - - [29/Jun/2021 01:47:16] "[36mGET /static/images/hero-bcg.jpeg HTTP/1.1[0m" 304 -
127.0.0.1 - - [29/Jun/2021 01:47:46] "GET / HTTP/1.1" 200 -
127.0.0.1 - - [29/Jun/2021 01:47:46] "[33mGET /robots.txt?1624945666533 HTTP/1.1[0m" 404 -
127.0.0.1 - - [29/Jun/2021 01:47:46] "[36mGET /static/css/styles.css HTTP/1.1[0m" 304 -
127.0.0.1 - - [29/Jun/2021 01:47:46] "[36mGET /static/images/logo.svg HTTP/1.1[0m" 304 -
127.0.0.1 - - [29/Jun/2021 01:47:46] "[36mGET /static/images/hero-bcg.jpeg HTTP/1.1[0m" 304 -
127.0.0.1 - - [29/Jun/2021 01:48:16] "GET / HTTP/1.1" 200 -
127.0.0.1 - - [29/Jun/2021 01:48:16] "[33mGET /robots.txt?1624945696741 HTTP/1.1[0m" 404 -
127.0.0.1 - - [29/Jun/2021 01:48:16] "[36mGET /static/css/styles.css HTTP/1.1[0m" 304 -
127.0.0.1 - - [29/Jun/2021 01:48:16] "[36mGET /static/images/logo.svg HTTP/1.1[0m" 304 -
127.0.0.1 - - [29/Jun/2021 01:48:16] "[36mGET /static/images/hero-bcg.jpeg HTTP/1.1[0m" 304 -
127.0.0.1 - - [29/Jun/2021 01:48:46] "GET / HTTP/1.1" 200 -
127.0.0.1 - - [29/Jun/2021 01:48:46] "[33mGET /robots.txt?1624945726989 HTTP/1.1[0m" 404 -
127.0.0.1 - - [29/Jun/2021 01:48:47] "[36mGET /static/css/styles.css HTTP/1.1[0m" 304 -
127.0.0.1 - - [29/Jun/2021 01:48:47] "[36mGET /static/images/logo.svg HTTP/1.1[0m" 304 -
127.0.0.1 - - [29/Jun/2021 01:48:47] "[36mGET /static/images/hero-bcg.jpeg HTTP/1.1[0m" 304 -
127.0.0.1 - - [29/Jun/2021 01:49:17] "GET / HTTP/1.1" 200 -
127.0.0.1 - - [29/Jun/2021 01:49:17] "[33mGET /robots.txt?1624945757199 HTTP/1.1[0m" 404 -
127.0.0.1 - - [29/Jun/2021 01:49:17] "[36mGET /static/css/styles.css HTTP/1.1[0m" 304 -
127.0.0.1 - - [29/Jun/2021 01:49:17] "[36mGET /static/images/logo.svg HTTP/1.1[0m" 304 -
127.0.0.1 - - [29/Jun/2021 01:49:17] "[36mGET /static/images/hero-bcg.jpeg HTTP/1.1[0m" 304 -
127.0.0.1 - - [29/Jun/2021 01:49:47] "GET / HTTP/1.1" 200 -
127.0.0.1 - - [29/Jun/2021 01:49:47] "[33mGET /robots.txt?1624945787504 HTTP/1.1[0m" 404 -
127.0.0.1 - - [29/Jun/2021 01:49:47] "[36mGET /static/css/styles.css HTTP/1.1[0m" 304 -
127.0.0.1 - - [29/Jun/2021 01:49:47] "[36mGET /static/images/logo.svg HTTP/1.1[0m" 304 -
127.0.0.1 - - [29/Jun/2021 01:49:47] "[36mGET /static/images/hero-bcg.jpeg HTTP/1.1[0m" 304 -
127.0.0.1 - - [29/Jun/2021 01:50:17] "GET / HTTP/1.1" 200 -
127.0.0.1 - - [29/Jun/2021 01:50:17] "[33mGET /robots.txt?1624945817741 HTTP/1.1[0m" 404 -
127.0.0.1 - - [29/Jun/2021 01:50:17] "[36mGET /static/css/styles.css HTTP/1.1[0m" 304 -
127.0.0.1 - - [29/Jun/2021 01:50:17] "[36mGET /static/images/logo.svg HTTP/1.1[0m" 304 -
127.0.0.1 - - [29/Jun/2021 01:50:17] "[36mGET /static/images/hero-bcg.jpeg HTTP/1.1[0m" 304 -
127.0.0.1 - - [29/Jun/2021 01:50:47] "GET / HTTP/1.1" 200 -
127.0.0.1 - - [29/Jun/2021 01:50:47] "[33mGET /robots.txt?1624945847985 HTTP/1.1[0m" 404 -
127.0.0.1 - - [29/Jun/2021 01:50:47] "[36mGET /static/css/styles.css HTTP/1.1[0m" 304 -
127.0.0.1 - - [29/Jun/2021 01:50:48] "[36mGET /static/images/logo.svg HTTP/1.1[0m" 304 -
127.0.0.1 - - [29/Jun/2021 01:50:48] "[36mGET /static/images/hero-bcg.jpeg HTTP/1.1[0m" 304 -
127.0.0.1 - - [29/Jun/2021 01:51:18] "GET / HTTP/1.1" 200 -
127.0.0.1 - - [29/Jun/2021 01:51:18] "[33mGET /robots.txt?1624945878245 HTTP/1.1[0m" 404 -
127.0.0.1 - - [29/Jun/2021 01:51:18] "[36mGET /static/css/styles.css HTTP/1.1[0m" 304 -
127.0.0.1 - - [29/Jun/2021 01:51:18] "[36mGET /static/images/logo.svg HTTP/1.1[0m" 304 -
127.0.0.1 - - [29/Jun/2021 01:51:18] "[36mGET /static/images/hero-bcg.jpeg HTTP/1.1[0m" 304 -
127.0.0.1 - - [29/Jun/2021 01:51:48] "GET / HTTP/1.1" 200 -
127.0.0.1 - - [29/Jun/2021 01:51:48] "[33mGET /robots.txt?1624945908439 HTTP/1.1[0m" 404 -
127.0.0.1 - - [29/Jun/2021 01:51:48] "[36mGET /static/css/styles.css HTTP/1.1[0m" 304 -
127.0.0.1 - - [29/Jun/2021 01:51:48] "[36mGET /static/images/logo.svg HTTP/1.1[0m" 304 -
127.0.0.1 - - [29/Jun/2021 01:51:48] "[36mGET /static/images/hero-bcg.jpeg HTTP/1.1[0m" 304 -
127.0.0.1 - - [29/Jun/2021 01:51:48] "GET /appliances HTTP/1.1" 200 -
127.0.0.1 - - [29/Jun/2021 01:51:48] "[33mGET /robots.txt?1624945908691 HTTP/1.1[0m" 404 -
127.0.0.1 - - [29/Jun/2021 01:51:48] "[36mGET /static/css/styles.css HTTP/1.1[0m" 304 -
127.0.0.1 - - [29/Jun/2021 01:51:48] "[36mGET /static/images/logo.svg HTTP/1.1[0m" 304 -
127.0.0.1 - - [29/Jun/2021 01:51:48] "[36mGET /static/images/refrigerator.png HTTP/1.1[0m" 304 -
127.0.0.1 - - [29/Jun/2021 01:51:48] "[36mGET /static/images/ranges.png HTTP/1.1[0m" 304 -
127.0.0.1 - - [29/Jun/2021 01:51:48] "[36mGET /static/images/dishwasher.png HTTP/1.1[0m" 304 -
127.0.0.1 - - [29/Jun/2021 01:51:48] "[36mGET /static/images/microwave.png HTTP/1.1[0m" 304 -
127.0.0.1 - - [29/Jun/2021 01:51:48] "[36mGET /static/images/cooktop.png HTTP/1.1[0m" 304 -
127.0.0.1 - - [29/Jun/2021 01:51:48] "[36mGET /static/images/washerdryer.png HTTP/1.1[0m" 304 -
127.0.0.1 - - [29/Jun/2021 01:51:49] "GET /appliances/refrigerators HTTP/1.1" 200 -
127.0.0.1 - - [29/Jun/2021 01:51:49] "[33mGET /robots.txt?1624945909570 HTTP/1.1[0m" 404 -
127.0.0.1 - - [29/Jun/2021 01:51:49] "[36mGET /static/css/styles.css HTTP/1.1[0m" 304 -
127.0.0.1 - - [29/Jun/2021 01:51:49] "[36mGET /static/images/logo.svg HTTP/1.1[0m" 304 -
127.0.0.1 - - [29/Jun/2021 01:51:49] "[36mGET /static/images/refrigerators/french-door.png HTTP/1.1[0m" 304 -
127.0.0.1 - - [29/Jun/2021 01:51:49] "[36mGET /static/images/refrigerators/side-by-side.png HTTP/1.1[0m" 304 -
127.0.0.1 - - [29/Jun/2021 01:51:49] "[36mGET /static/images/refrigerators/botton-freezer.png HTTP/1.1[0m" 304 -
127.0.0.1 - - [29/Jun/2021 01:51:49] "[36mGET /static/images/refrigerators/top-fridge.png HTTP/1.1[0m" 304 -
127.0.0.1 - - [29/Jun/2021 01:51:49] "[36mGET /static/images/refrigerators/freezerless-fridge.jpg HTTP/1.1[0m" 304 -
127.0.0.1 - - [29/Jun/2021 01:51:49] "[36mGET /static/images/refrigerators/upright-freezer.png HTTP/1.1[0m" 304 -
127.0.0.1 - - [29/Jun/2021 01:51:49] "[36mGET /static/images/refrigerators/chest-freezer.png HTTP/1.1[0m" 304 -
127.0.0.1 - - [29/Jun/2021 01:51:49] "[36mGET /static/images/refrigerators/mini-fridge.jpg HTTP/1.1[0m" 304 -
127.0.0.1 - - [29/Jun/2021 01:51:49] "[36mGET /static/images/stainless_steel.jpg HTTP/1.1[0m" 304 -
127.0.0.1 - - [29/Jun/2021 01:51:49] "[36mGET /static/images/black.png HTTP/1.1[0m" 304 -
127.0.0.1 - - [29/Jun/2021 01:51:49] "[36mGET /static/images/white.png HTTP/1.1[0m" 304 -
127.0.0.1 - - [29/Jun/2021 01:52:19] "GET /appliances/refrigerators HTTP/1.1" 200 -
127.0.0.1 - - [29/Jun/2021 01:52:19] "[33mGET /robots.txt?1624945939819 HTTP/1.1[0m" 404 -
127.0.0.1 - - [29/Jun/2021 01:52:19] "[36mGET /static/css/styles.css HTTP/1.1[0m" 304 -
127.0.0.1 - - [29/Jun/2021 01:52:19] "[36mGET /static/images/logo.svg HTTP/1.1[0m" 304 -
127.0.0.1 - - [29/Jun/2021 01:52:19] "[36mGET /static/images/refrigerators/french-door.png HTTP/1.1[0m" 304 -
127.0.0.1 - - [29/Jun/2021 01:52:19] "[36mGET /static/images/refrigerators/side-by-side.png HTTP/1.1[0m" 304 -
127.0.0.1 - - [29/Jun/2021 01:52:19] "[36mGET /static/images/refrigerators/botton-freezer.png HTTP/1.1[0m" 304 -
127.0.0.1 - - [29/Jun/2021 01:52:19] "[36mGET /static/images/refrigerators/top-fridge.png HTTP/1.1[0m" 304 -
127.0.0.1 - - [29/Jun/2021 01:52:19] "[36mGET /static/images/refrigerators/freezerless-fridge.jpg HTTP/1.1[0m" 304 -
127.0.0.1 - - [29/Jun/2021 01:52:19] "[36mGET /static/images/refrigerators/upright-freezer.png HTTP/1.1[0m" 304 -
127.0.0.1 - - [29/Jun/2021 01:52:19] "[36mGET /static/images/refrigerators/chest-freezer.png HTTP/1.1[0m" 304 -
127.0.0.1 - - [29/Jun/2021 01:52:19] "[36mGET /static/images/refrigerators/mini-fridge.jpg HTTP/1.1[0m" 304 -
127.0.0.1 - - [29/Jun/2021 01:52:19] "[36mGET /static/images/stainless_steel.jpg HTTP/1.1[0m" 304 -
127.0.0.1 - - [29/Jun/2021 01:52:19] "[36mGET /static/images/black.png HTTP/1.1[0m" 304 -
127.0.0.1 - - [29/Jun/2021 01:52:19] "[36mGET /static/images/white.png HTTP/1.1[0m" 304 -
127.0.0.1 - - [29/Jun/2021 01:52:49] "GET /appliances/refrigerators HTTP/1.1" 200 -
127.0.0.1 - - [29/Jun/2021 01:52:50] "[33mGET /robots.txt?1624945970022 HTTP/1.1[0m" 404 -
127.0.0.1 - - [29/Jun/2021 01:52:50] "[36mGET /static/css/styles.css HTTP/1.1[0m" 304 -
127.0.0.1 - - [29/Jun/2021 01:52:50] "[36mGET /static/images/logo.svg HTTP/1.1[0m" 304 -
127.0.0.1 - - [29/Jun/2021 01:52:50] "[36mGET /static/images/refrigerators/french-door.png HTTP/1.1[0m" 304 -
127.0.0.1 - - [29/Jun/2021 01:52:50] "[36mGET /static/images/refrigerators/side-by-side.png HTTP/1.1[0m" 304 -
127.0.0.1 - - [29/Jun/2021 01:52:50] "[36mGET /static/images/refrigerators/botton-freezer.png HTTP/1.1[0m" 304 -
127.0.0.1 - - [29/Jun/2021 01:52:50] "[36mGET /static/images/refrigerators/top-fridge.png HTTP/1.1[0m" 304 -
127.0.0.1 - - [29/Jun/2021 01:52:50] "[36mGET /static/images/refrigerators/freezerless-fridge.jpg HTTP/1.1[0m" 304 -
127.0.0.1 - - [29/Jun/2021 01:52:50] "[36mGET /static/images/refrigerators/upright-freezer.png HTTP/1.1[0m" 304 -
127.0.0.1 - - [29/Jun/2021 01:52:50] "[36mGET /static/images/refrigerators/chest-freezer.png HTTP/1.1[0m" 304 -
127.0.0.1 - - [29/Jun/2021 01:52:50] "[36mGET /static/images/refrigerators/mini-fridge.jpg HTTP/1.1[0m" 304 -
127.0.0.1 - - [29/Jun/2021 01:52:50] "[36mGET /static/images/stainless_steel.jpg HTTP/1.1[0m" 304 -
127.0.0.1 - - [29/Jun/2021 01:52:50] "[36mGET /static/images/black.png HTTP/1.1[0m" 304 -
127.0.0.1 - - [29/Jun/2021 01:52:50] "[36mGET /static/images/white.png HTTP/1.1[0m" 304 -
127.0.0.1 - - [29/Jun/2021 01:53:20] "GET /appliances/refrigerators HTTP/1.1" 200 -
127.0.0.1 - - [29/Jun/2021 01:53:20] "[33mGET /robots.txt?1624946000276 HTTP/1.1[0m" 404 -
127.0.0.1 - - [29/Jun/2021 01:53:20] "[36mGET /static/css/styles.css HTTP/1.1[0m" 304 -
127.0.0.1 - - [29/Jun/2021 01:53:20] "[36mGET /static/images/logo.svg HTTP/1.1[0m" 304 -
127.0.0.1 - - [29/Jun/2021 01:53:20] "[36mGET /static/images/refrigerators/french-door.png HTTP/1.1[0m" 304 -
127.0.0.1 - - [29/Jun/2021 01:53:20] "[36mGET /static/images/refrigerators/side-by-side.png HTTP/1.1[0m" 304 -
127.0.0.1 - - [29/Jun/2021 01:53:20] "[36mGET /static/images/refrigerators/botton-freezer.png HTTP/1.1[0m" 304 -
127.0.0.1 - - [29/Jun/2021 01:53:20] "[36mGET /static/images/refrigerators/top-fridge.png HTTP/1.1[0m" 304 -
127.0.0.1 - - [29/Jun/2021 01:53:20] "[36mGET /static/images/refrigerators/freezerless-fridge.jpg HTTP/1.1[0m" 304 -
127.0.0.1 - - [29/Jun/2021 01:53:20] "[36mGET /static/images/refrigerators/upright-freezer.png HTTP/1.1[0m" 304 -
127.0.0.1 - - [29/Jun/2021 01:53:20] "[36mGET /static/images/refrigerators/chest-freezer.png HTTP/1.1[0m" 304 -
127.0.0.1 - - [29/Jun/2021 01:53:20] "[36mGET /static/images/refrigerators/mini-fridge.jpg HTTP/1.1[0m" 304 -
127.0.0.1 - - [29/Jun/2021 01:53:20] "[36mGET /static/images/stainless_steel.jpg HTTP/1.1[0m" 304 -
127.0.0.1 - - [29/Jun/2021 01:53:20] "[36mGET /static/images/white.png HTTP/1.1[0m" 304 -
127.0.0.1 - - [29/Jun/2021 01:53:20] "[36mGET /static/images/black.png HTTP/1.1[0m" 304 -
127.0.0.1 - - [29/Jun/2021 01:53:50] "GET /appliances/refrigerators HTTP/1.1" 200 -
127.0.0.1 - - [29/Jun/2021 01:53:50] "[33mGET /robots.txt?1624946030467 HTTP/1.1[0m" 404 -
127.0.0.1 - - [29/Jun/2021 01:53:50] "[36mGET /static/css/styles.css HTTP/1.1[0m" 304 -
127.0.0.1 - - [29/Jun/2021 01:53:50] "[36mGET /static/images/logo.svg HTTP/1.1[0m" 304 -
127.0.0.1 - - [29/Jun/2021 01:53:50] "[36mGET /static/images/refrigerators/french-door.png HTTP/1.1[0m" 304 -
127.0.0.1 - - [29/Jun/2021 01:53:50] "[36mGET /static/images/refrigerators/side-by-side.png HTTP/1.1[0m" 304 -
127.0.0.1 - - [29/Jun/2021 01:53:50] "[36mGET /static/images/refrigerators/botton-freezer.png HTTP/1.1[0m" 304 -
127.0.0.1 - - [29/Jun/2021 01:53:50] "[36mGET /static/images/refrigerators/top-fridge.png HTTP/1.1[0m" 304 -
127.0.0.1 - - [29/Jun/2021 01:53:50] "[36mGET /static/images/refrigerators/freezerless-fridge.jpg HTTP/1.1[0m" 304 -
127.0.0.1 - - [29/Jun/2021 01:53:50] "[36mGET /static/images/refrigerators/upright-freezer.png HTTP/1.1[0m" 304 -
127.0.0.1 - - [29/Jun/2021 01:53:50] "[36mGET /static/images/refrigerators/chest-freezer.png HTTP/1.1[0m" 304 -
127.0.0.1 - - [29/Jun/2021 01:53:50] "[36mGET /static/images/refrigerators/mini-fridge.jpg HTTP/1.1[0m" 304 -
127.0.0.1 - - [29/Jun/2021 01:53:50] "[36mGET /static/images/stainless_steel.jpg HTTP/1.1[0m" 304 -
127.0.0.1 - - [29/Jun/2021 01:53:50] "[36mGET /static/images/black.png HTTP/1.1[0m" 304 -
127.0.0.1 - - [29/Jun/2021 01:53:50] "[36mGET /static/images/white.png HTTP/1.1[0m" 304 -
127.0.0.1 - - [29/Jun/2021 01:54:20] "GET /appliances/refrigerators HTTP/1.1" 200 -
127.0.0.1 - - [29/Jun/2021 01:54:20] "[33mGET /robots.txt?1624946060680 HTTP/1.1[0m" 404 -
127.0.0.1 - - [29/Jun/2021 01:54:20] "[36mGET /static/css/styles.css HTTP/1.1[0m" 304 -
127.0.0.1 - - [29/Jun/2021 01:54:20] "[36mGET /static/images/logo.svg HTTP/1.1[0m" 304 -
127.0.0.1 - - [29/Jun/2021 01:54:20] "[36mGET /static/images/refrigerators/french-door.png HTTP/1.1[0m" 304 -
127.0.0.1 - - [29/Jun/2021 01:54:20] "[36mGET /static/images/refrigerators/side-by-side.png HTTP/1.1[0m" 304 -
127.0.0.1 - - [29/Jun/2021 01:54:20] "[36mGET /static/images/refrigerators/botton-freezer.png HTTP/1.1[0m" 304 -
127.0.0.1 - - [29/Jun/2021 01:54:20] "[36mGET /static/images/refrigerators/top-fridge.png HTTP/1.1[0m" 304 -
127.0.0.1 - - [29/Jun/2021 01:54:20] "[36mGET /static/images/refrigerators/freezerless-fridge.jpg HTTP/1.1[0m" 304 -
127.0.0.1 - - [29/Jun/2021 01:54:20] "[36mGET /static/images/refrigerators/upright-freezer.png HTTP/1.1[0m" 304 -
127.0.0.1 - - [29/Jun/2021 01:54:20] "[36mGET /static/images/refrigerators/chest-freezer.png HTTP/1.1[0m" 304 -
127.0.0.1 - - [29/Jun/2021 01:54:20] "[36mGET /static/images/refrigerators/mini-fridge.jpg HTTP/1.1[0m" 304 -
127.0.0.1 - - [29/Jun/2021 01:54:20] "[36mGET /static/images/stainless_steel.jpg HTTP/1.1[0m" 304 -
127.0.0.1 - - [29/Jun/2021 01:54:20] "[36mGET /static/images/black.png HTTP/1.1[0m" 304 -
127.0.0.1 - - [29/Jun/2021 01:54:20] "[36mGET /static/images/white.png HTTP/1.1[0m" 304 -
127.0.0.1 - - [29/Jun/2021 01:54:50] "GET /appliances/refrigerators HTTP/1.1" 200 -
127.0.0.1 - - [29/Jun/2021 01:54:50] "[33mGET /robots.txt?1624946090928 HTTP/1.1[0m" 404 -
127.0.0.1 - - [29/Jun/2021 01:54:50] "[36mGET /static/css/styles.css HTTP/1.1[0m" 304 -
127.0.0.1 - - [29/Jun/2021 01:54:50] "[36mGET /static/images/logo.svg HTTP/1.1[0m" 304 -
127.0.0.1 - - [29/Jun/2021 01:54:50] "[36mGET /static/images/refrigerators/french-door.png HTTP/1.1[0m" 304 -
127.0.0.1 - - [29/Jun/2021 01:54:50] "[36mGET /static/images/refrigerators/side-by-side.png HTTP/1.1[0m" 304 -
127.0.0.1 - - [29/Jun/2021 01:54:51] "[36mGET /static/images/refrigerators/botton-freezer.png HTTP/1.1[0m" 304 -
127.0.0.1 - - [29/Jun/2021 01:54:51] "[36mGET /static/images/refrigerators/top-fridge.png HTTP/1.1[0m" 304 -
127.0.0.1 - - [29/Jun/2021 01:54:51] "[36mGET /static/images/refrigerators/freezerless-fridge.jpg HTTP/1.1[0m" 304 -
127.0.0.1 - - [29/Jun/2021 01:54:51] "[36mGET /static/images/refrigerators/upright-freezer.png HTTP/1.1[0m" 304 -
127.0.0.1 - - [29/Jun/2021 01:54:51] "[36mGET /static/images/refrigerators/chest-freezer.png HTTP/1.1[0m" 304 -
127.0.0.1 - - [29/Jun/2021 01:54:51] "[36mGET /static/images/refrigerators/mini-fridge.jpg HTTP/1.1[0m" 304 -
127.0.0.1 - - [29/Jun/2021 01:54:51] "[36mGET /static/images/stainless_steel.jpg HTTP/1.1[0m" 304 -
127.0.0.1 - - [29/Jun/2021 01:54:51] "[36mGET /static/images/black.png HTTP/1.1[0m" 304 -
127.0.0.1 - - [29/Jun/2021 01:54:51] "[36mGET /static/images/white.png HTTP/1.1[0m" 304 -
127.0.0.1 - - [29/Jun/2021 01:55:21] "GET /appliances/refrigerators HTTP/1.1" 200 -
127.0.0.1 - - [29/Jun/2021 01:55:21] "[33mGET /robots.txt?1624946121133 HTTP/1.1[0m" 404 -
127.0.0.1 - - [29/Jun/2021 01:55:21] "[36mGET /static/css/styles.css HTTP/1.1[0m" 304 -
127.0.0.1 - - [29/Jun/2021 01:55:21] "[36mGET /static/images/logo.svg HTTP/1.1[0m" 304 -
127.0.0.1 - - [29/Jun/2021 01:55:21] "[36mGET /static/images/refrigerators/french-door.png HTTP/1.1[0m" 304 -
127.0.0.1 - - [29/Jun/2021 01:55:21] "[36mGET /static/images/refrigerators/side-by-side.png HTTP/1.1[0m" 304 -
127.0.0.1 - - [29/Jun/2021 01:55:21] "[36mGET /static/images/refrigerators/botton-freezer.png HTTP/1.1[0m" 304 -
127.0.0.1 - - [29/Jun/2021 01:55:21] "[36mGET /static/images/refrigerators/top-fridge.png HTTP/1.1[0m" 304 -
127.0.0.1 - - [29/Jun/2021 01:55:21] "[36mGET /static/images/refrigerators/freezerless-fridge.jpg HTTP/1.1[0m" 304 -
127.0.0.1 - - [29/Jun/2021 01:55:21] "[36mGET /static/images/refrigerators/upright-freezer.png HTTP/1.1[0m" 304 -
127.0.0.1 - - [29/Jun/2021 01:55:21] "[36mGET /static/images/refrigerators/chest-freezer.png HTTP/1.1[0m" 304 -
127.0.0.1 - - [29/Jun/2021 01:55:21] "[36mGET /static/images/refrigerators/mini-fridge.jpg HTTP/1.1[0m" 304 -
127.0.0.1 - - [29/Jun/2021 01:55:21] "[36mGET /static/images/stainless_steel.jpg HTTP/1.1[0m" 304 -
127.0.0.1 - - [29/Jun/2021 01:55:21] "[36mGET /static/images/black.png HTTP/1.1[0m" 304 -
127.0.0.1 - - [29/Jun/2021 01:55:21] "[36mGET /static/images/white.png HTTP/1.1[0m" 304 -
127.0.0.1 - - [29/Jun/2021 01:55:51] "GET /appliances/refrigerators HTTP/1.1" 200 -
127.0.0.1 - - [29/Jun/2021 01:55:51] "[33mGET /robots.txt?1624946151396 HTTP/1.1[0m" 404 -
127.0.0.1 - - [29/Jun/2021 01:55:51] "[36mGET /static/css/styles.css HTTP/1.1[0m" 304 -
127.0.0.1 - - [29/Jun/2021 01:55:51] "[36mGET /static/images/logo.svg HTTP/1.1[0m" 304 -
127.0.0.1 - - [29/Jun/2021 01:55:51] "[36mGET /static/images/refrigerators/french-door.png HTTP/1.1[0m" 304 -
127.0.0.1 - - [29/Jun/2021 01:55:51] "[36mGET /static/images/refrigerators/side-by-side.png HTTP/1.1[0m" 304 -
127.0.0.1 - - [29/Jun/2021 01:55:51] "[36mGET /static/images/refrigerators/botton-freezer.png HTTP/1.1[0m" 304 -
127.0.0.1 - - [29/Jun/2021 01:55:51] "[36mGET /static/images/refrigerators/top-fridge.png HTTP/1.1[0m" 304 -
127.0.0.1 - - [29/Jun/2021 01:55:51] "[36mGET /static/images/refrigerators/freezerless-fridge.jpg HTTP/1.1[0m" 304 -
127.0.0.1 - - [29/Jun/2021 01:55:51] "[36mGET /static/images/refrigerators/upright-freezer.png HTTP/1.1[0m" 304 -
127.0.0.1 - - [29/Jun/2021 01:55:51] "[36mGET /static/images/refrigerators/chest-freezer.png HTTP/1.1[0m" 304 -
127.0.0.1 - - [29/Jun/2021 01:55:51] "[36mGET /static/images/refrigerators/mini-fridge.jpg HTTP/1.1[0m" 304 -
127.0.0.1 - - [29/Jun/2021 01:55:51] "[36mGET /static/images/stainless_steel.jpg HTTP/1.1[0m" 304 -
127.0.0.1 - - [29/Jun/2021 01:55:51] "[36mGET /static/images/black.png HTTP/1.1[0m" 304 -
127.0.0.1 - - [29/Jun/2021 01:55:51] "[36mGET /static/images/white.png HTTP/1.1[0m" 304 -
127.0.0.1 - - [29/Jun/2021 01:56:21] "GET /appliances/refrigerators HTTP/1.1" 200 -
127.0.0.1 - - [29/Jun/2021 01:56:21] "[33mGET /robots.txt?1624946181650 HTTP/1.1[0m" 404 -
127.0.0.1 - - [29/Jun/2021 01:56:21] "[36mGET /static/css/styles.css HTTP/1.1[0m" 304 -
127.0.0.1 - - [29/Jun/2021 01:56:21] "[36mGET /static/images/logo.svg HTTP/1.1[0m" 304 -
127.0.0.1 - - [29/Jun/2021 01:56:21] "[36mGET /static/images/refrigerators/french-door.png HTTP/1.1[0m" 304 -
127.0.0.1 - - [29/Jun/2021 01:56:21] "[36mGET /static/images/refrigerators/side-by-side.png HTTP/1.1[0m" 304 -
127.0.0.1 - - [29/Jun/2021 01:56:21] "[36mGET /static/images/refrigerators/botton-freezer.png HTTP/1.1[0m" 304 -
127.0.0.1 - - [29/Jun/2021 01:56:21] "[36mGET /static/images/refrigerators/top-fridge.png HTTP/1.1[0m" 304 -
127.0.0.1 - - [29/Jun/2021 01:56:21] "[36mGET /static/images/refrigerators/freezerless-fridge.jpg HTTP/1.1[0m" 304 -
127.0.0.1 - - [29/Jun/2021 01:56:21] "[36mGET /static/images/refrigerators/upright-freezer.png HTTP/1.1[0m" 304 -
127.0.0.1 - - [29/Jun/2021 01:56:21] "[36mGET /static/images/refrigerators/chest-freezer.png HTTP/1.1[0m" 304 -
127.0.0.1 - - [29/Jun/2021 01:56:21] "[36mGET /static/images/refrigerators/mini-fridge.jpg HTTP/1.1[0m" 304 -
127.0.0.1 - - [29/Jun/2021 01:56:21] "[36mGET /static/images/stainless_steel.jpg HTTP/1.1[0m" 304 -
127.0.0.1 - - [29/Jun/2021 01:56:21] "[36mGET /static/images/black.png HTTP/1.1[0m" 304 -
127.0.0.1 - - [29/Jun/2021 01:56:21] "[36mGET /static/images/white.png HTTP/1.1[0m" 304 -
127.0.0.1 - - [29/Jun/2021 01:56:51] "GET /appliances/refrigerators HTTP/1.1" 200 -
127.0.0.1 - - [29/Jun/2021 01:56:51] "[33mGET /robots.txt?1624946211848 HTTP/1.1[0m" 404 -
127.0.0.1 - - [29/Jun/2021 01:56:51] "[36mGET /static/css/styles.css HTTP/1.1[0m" 304 -
127.0.0.1 - - [29/Jun/2021 01:56:51] "[36mGET /static/images/logo.svg HTTP/1.1[0m" 304 -
127.0.0.1 - - [29/Jun/2021 01:56:51] "[36mGET /static/images/refrigerators/french-door.png HTTP/1.1[0m" 304 -
127.0.0.1 - - [29/Jun/2021 01:56:51] "[36mGET /static/images/refrigerators/side-by-side.png HTTP/1.1[0m" 304 -
127.0.0.1 - - [29/Jun/2021 01:56:51] "[36mGET /static/images/refrigerators/botton-freezer.png HTTP/1.1[0m" 304 -
127.0.0.1 - - [29/Jun/2021 01:56:51] "[36mGET /static/images/refrigerators/top-fridge.png HTTP/1.1[0m" 304 -
127.0.0.1 - - [29/Jun/2021 01:56:51] "[36mGET /static/images/refrigerators/freezerless-fridge.jpg HTTP/1.1[0m" 304 -
127.0.0.1 - - [29/Jun/2021 01:56:51] "[36mGET /static/images/refrigerators/upright-freezer.png HTTP/1.1[0m" 304 -
127.0.0.1 - - [29/Jun/2021 01:56:51] "[36mGET /static/images/refrigerators/chest-freezer.png HTTP/1.1[0m" 304 -
127.0.0.1 - - [29/Jun/2021 01:56:51] "[36mGET /static/images/refrigerators/mini-fridge.jpg HTTP/1.1[0m" 304 -
127.0.0.1 - - [29/Jun/2021 01:56:51] "[36mGET /static/images/stainless_steel.jpg HTTP/1.1[0m" 304 -
127.0.0.1 - - [29/Jun/2021 01:56:51] "[36mGET /static/images/black.png HTTP/1.1[0m" 304 -
127.0.0.1 - - [29/Jun/2021 01:56:51] "[36mGET /static/images/white.png HTTP/1.1[0m" 304 -
127.0.0.1 - - [29/Jun/2021 01:57:22] "GET /appliances/refrigerators HTTP/1.1" 200 -
127.0.0.1 - - [29/Jun/2021 01:57:22] "[33mGET /robots.txt?1624946242062 HTTP/1.1[0m" 404 -
127.0.0.1 - - [29/Jun/2021 01:57:22] "[36mGET /static/css/styles.css HTTP/1.1[0m" 304 -
127.0.0.1 - - [29/Jun/2021 01:57:22] "[36mGET /static/images/logo.svg HTTP/1.1[0m" 304 -
127.0.0.1 - - [29/Jun/2021 01:57:22] "[36mGET /static/images/refrigerators/french-door.png HTTP/1.1[0m" 304 -
127.0.0.1 - - [29/Jun/2021 01:57:22] "[36mGET /static/images/refrigerators/side-by-side.png HTTP/1.1[0m" 304 -
127.0.0.1 - - [29/Jun/2021 01:57:22] "[36mGET /static/images/refrigerators/botton-freezer.png HTTP/1.1[0m" 304 -
127.0.0.1 - - [29/Jun/2021 01:57:22] "[36mGET /static/images/refrigerators/top-fridge.png HTTP/1.1[0m" 304 -
127.0.0.1 - - [29/Jun/2021 01:57:22] "[36mGET /static/images/refrigerators/freezerless-fridge.jpg HTTP/1.1[0m" 304 -
127.0.0.1 - - [29/Jun/2021 01:57:22] "[36mGET /static/images/refrigerators/upright-freezer.png HTTP/1.1[0m" 304 -
127.0.0.1 - - [29/Jun/2021 01:57:22] "[36mGET /static/images/refrigerators/chest-freezer.png HTTP/1.1[0m" 304 -
127.0.0.1 - - [29/Jun/2021 01:57:22] "[36mGET /static/images/refrigerators/mini-fridge.jpg HTTP/1.1[0m" 304 -
127.0.0.1 - - [29/Jun/2021 01:57:22] "[36mGET /static/images/stainless_steel.jpg HTTP/1.1[0m" 304 -
127.0.0.1 - - [29/Jun/2021 01:57:22] "[36mGET /static/images/black.png HTTP/1.1[0m" 304 -
127.0.0.1 - - [29/Jun/2021 01:57:22] "[36mGET /static/images/white.png HTTP/1.1[0m" 304 -
127.0.0.1 - - [29/Jun/2021 01:57:52] "GET /appliances/refrigerators HTTP/1.1" 200 -
127.0.0.1 - - [29/Jun/2021 01:57:52] "[33mGET /robots.txt?1624946272279 HTTP/1.1[0m" 404 -
127.0.0.1 - - [29/Jun/2021 01:57:52] "[36mGET /static/css/styles.css HTTP/1.1[0m" 304 -
127.0.0.1 - - [29/Jun/2021 01:57:52] "[36mGET /static/images/logo.svg HTTP/1.1[0m" 304 -
127.0.0.1 - - [29/Jun/2021 01:57:52] "[36mGET /static/images/refrigerators/french-door.png HTTP/1.1[0m" 304 -
127.0.0.1 - - [29/Jun/2021 01:57:52] "[36mGET /static/images/refrigerators/side-by-side.png HTTP/1.1[0m" 304 -
127.0.0.1 - - [29/Jun/2021 01:57:52] "[36mGET /static/images/refrigerators/botton-freezer.png HTTP/1.1[0m" 304 -
127.0.0.1 - - [29/Jun/2021 01:57:52] "[36mGET /static/images/refrigerators/top-fridge.png HTTP/1.1[0m" 304 -
127.0.0.1 - - [29/Jun/2021 01:57:52] "[36mGET /static/images/refrigerators/upright-freezer.png HTTP/1.1[0m" 304 -
127.0.0.1 - - [29/Jun/2021 01:57:52] "[36mGET /static/images/refrigerators/freezerless-fridge.jpg HTTP/1.1[0m" 304 -
127.0.0.1 - - [29/Jun/2021 01:57:52] "[36mGET /static/images/refrigerators/chest-freezer.png HTTP/1.1[0m" 304 -
127.0.0.1 - - [29/Jun/2021 01:57:52] "[36mGET /static/images/refrigerators/mini-fridge.jpg HTTP/1.1[0m" 304 -
127.0.0.1 - - [29/Jun/2021 01:57:52] "[36mGET /static/images/stainless_steel.jpg HTTP/1.1[0m" 304 -
127.0.0.1 - - [29/Jun/2021 01:57:52] "[36mGET /static/images/black.png HTTP/1.1[0m" 304 -
127.0.0.1 - - [29/Jun/2021 01:57:52] "[36mGET /static/images/white.png HTTP/1.1[0m" 304 -
127.0.0.1 - - [29/Jun/2021 01:58:22] "GET /appliances/refrigerators HTTP/1.1" 200 -
127.0.0.1 - - [29/Jun/2021 01:58:22] "[33mGET /robots.txt?1624946302502 HTTP/1.1[0m" 404 -
127.0.0.1 - - [29/Jun/2021 01:58:22] "[36mGET /static/css/styles.css HTTP/1.1[0m" 304 -
127.0.0.1 - - [29/Jun/2021 01:58:22] "[36mGET /static/images/logo.svg HTTP/1.1[0m" 304 -
127.0.0.1 - - [29/Jun/2021 01:58:22] "[36mGET /static/images/refrigerators/french-door.png HTTP/1.1[0m" 304 -
127.0.0.1 - - [29/Jun/2021 01:58:22] "[36mGET /static/images/refrigerators/side-by-side.png HTTP/1.1[0m" 304 -
127.0.0.1 - - [29/Jun/2021 01:58:22] "[36mGET /static/images/refrigerators/botton-freezer.png HTTP/1.1[0m" 304 -
127.0.0.1 - - [29/Jun/2021 01:58:22] "[36mGET /static/images/refrigerators/top-fridge.png HTTP/1.1[0m" 304 -
127.0.0.1 - - [29/Jun/2021 01:58:22] "[36mGET /static/images/refrigerators/freezerless-fridge.jpg HTTP/1.1[0m" 304 -
127.0.0.1 - - [29/Jun/2021 01:58:22] "[36mGET /static/images/refrigerators/upright-freezer.png HTTP/1.1[0m" 304 -
127.0.0.1 - - [29/Jun/2021 01:58:22] "[36mGET /static/images/refrigerators/chest-freezer.png HTTP/1.1[0m" 304 -
127.0.0.1 - - [29/Jun/2021 01:58:22] "[36mGET /static/images/refrigerators/mini-fridge.jpg HTTP/1.1[0m" 304 -
127.0.0.1 - - [29/Jun/2021 01:58:22] "[36mGET /static/images/stainless_steel.jpg HTTP/1.1[0m" 304 -
127.0.0.1 - - [29/Jun/2021 01:58:22] "[36mGET /static/images/black.png HTTP/1.1[0m" 304 -
127.0.0.1 - - [29/Jun/2021 01:58:22] "[36mGET /static/images/white.png HTTP/1.1[0m" 304 -
127.0.0.1 - - [29/Jun/2021 01:58:26] "GET /appliances/refrigerators HTTP/1.1" 200 -
127.0.0.1 - - [29/Jun/2021 01:58:26] "[33mGET /robots.txt?1624946306666 HTTP/1.1[0m" 404 -
127.0.0.1 - - [29/Jun/2021 01:58:26] "[36mGET /static/css/styles.css HTTP/1.1[0m" 304 -
127.0.0.1 - - [29/Jun/2021 01:58:26] "[36mGET /static/images/logo.svg HTTP/1.1[0m" 304 -
127.0.0.1 - - [29/Jun/2021 01:58:26] "[36mGET /static/images/refrigerators/french-door.png HTTP/1.1[0m" 304 -
127.0.0.1 - - [29/Jun/2021 01:58:26] "[36mGET /static/images/refrigerators/side-by-side.png HTTP/1.1[0m" 304 -
127.0.0.1 - - [29/Jun/2021 01:58:26] "[36mGET /static/images/refrigerators/botton-freezer.png HTTP/1.1[0m" 304 -
127.0.0.1 - - [29/Jun/2021 01:58:26] "[36mGET /static/images/refrigerators/top-fridge.png HTTP/1.1[0m" 304 -
127.0.0.1 - - [29/Jun/2021 01:58:26] "[36mGET /static/images/refrigerators/freezerless-fridge.jpg HTTP/1.1[0m" 304 -
127.0.0.1 - - [29/Jun/2021 01:58:26] "[36mGET /static/images/refrigerators/upright-freezer.png HTTP/1.1[0m" 304 -
127.0.0.1 - - [29/Jun/2021 01:58:26] "[36mGET /static/images/refrigerators/chest-freezer.png HTTP/1.1[0m" 304 -
127.0.0.1 - - [29/Jun/2021 01:58:26] "[36mGET /static/images/refrigerators/mini-fridge.jpg HTTP/1.1[0m" 304 -
127.0.0.1 - - [29/Jun/2021 01:58:26] "[36mGET /static/images/stainless_steel.jpg HTTP/1.1[0m" 304 -
127.0.0.1 - - [29/Jun/2021 01:58:26] "[36mGET /static/images/white.png HTTP/1.1[0m" 304 -
127.0.0.1 - - [29/Jun/2021 01:58:26] "[36mGET /static/images/black.png HTTP/1.1[0m" 304 -
127.0.0.1 - - [29/Jun/2021 01:58:29] "GET /appliances/refrigerators HTTP/1.1" 200 -
127.0.0.1 - - [29/Jun/2021 01:58:29] "[33mGET /robots.txt?1624946309521 HTTP/1.1[0m" 404 -
127.0.0.1 - - [29/Jun/2021 01:58:29] "[36mGET /static/css/styles.css HTTP/1.1[0m" 304 -
127.0.0.1 - - [29/Jun/2021 01:58:29] "[36mGET /static/images/logo.svg HTTP/1.1[0m" 304 -
127.0.0.1 - - [29/Jun/2021 01:58:29] "[36mGET /static/images/refrigerators/french-door.png HTTP/1.1[0m" 304 -
127.0.0.1 - - [29/Jun/2021 01:58:29] "[36mGET /static/images/refrigerators/side-by-side.png HTTP/1.1[0m" 304 -
127.0.0.1 - - [29/Jun/2021 01:58:29] "[36mGET /static/images/refrigerators/botton-freezer.png HTTP/1.1[0m" 304 -
127.0.0.1 - - [29/Jun/2021 01:58:29] "[36mGET /static/images/refrigerators/top-fridge.png HTTP/1.1[0m" 304 -
127.0.0.1 - - [29/Jun/2021 01:58:29] "[36mGET /static/images/refrigerators/freezerless-fridge.jpg HTTP/1.1[0m" 304 -
127.0.0.1 - - [29/Jun/2021 01:58:29] "[36mGET /static/images/refrigerators/upright-freezer.png HTTP/1.1[0m" 304 -
127.0.0.1 - - [29/Jun/2021 01:58:29] "[36mGET /static/images/refrigerators/chest-freezer.png HTTP/1.1[0m" 304 -
127.0.0.1 - - [29/Jun/2021 01:58:29] "[36mGET /static/images/refrigerators/mini-fridge.jpg HTTP/1.1[0m" 304 -
127.0.0.1 - - [29/Jun/2021 01:58:29] "[36mGET /static/images/stainless_steel.jpg HTTP/1.1[0m" 304 -
127.0.0.1 - - [29/Jun/2021 01:58:29] "[36mGET /static/images/black.png HTTP/1.1[0m" 304 -
127.0.0.1 - - [29/Jun/2021 01:58:29] "[36mGET /static/images/white.png HTTP/1.1[0m" 304 -
127.0.0.1 - - [29/Jun/2021 01:58:29] "GET /appliances/refrigerators HTTP/1.1" 200 -
127.0.0.1 - - [29/Jun/2021 01:58:29] "[33mGET /robots.txt?1624946309819 HTTP/1.1[0m" 404 -
127.0.0.1 - - [29/Jun/2021 01:58:29] "[36mGET /static/css/styles.css HTTP/1.1[0m" 304 -
127.0.0.1 - - [29/Jun/2021 01:58:29] "[36mGET /static/images/logo.svg HTTP/1.1[0m" 304 -
127.0.0.1 - - [29/Jun/2021 01:58:29] "[36mGET /static/images/refrigerators/french-door.png HTTP/1.1[0m" 304 -
127.0.0.1 - - [29/Jun/2021 01:58:29] "[36mGET /static/images/refrigerators/botton-freezer.png HTTP/1.1[0m" 304 -
127.0.0.1 - - [29/Jun/2021 01:58:29] "[36mGET /static/images/refrigerators/side-by-side.png HTTP/1.1[0m" 304 -
127.0.0.1 - - [29/Jun/2021 01:58:29] "[36mGET /static/images/refrigerators/top-fridge.png HTTP/1.1[0m" 304 -
127.0.0.1 - - [29/Jun/2021 01:58:29] "[36mGET /static/images/refrigerators/freezerless-fridge.jpg HTTP/1.1[0m" 304 -
127.0.0.1 - - [29/Jun/2021 01:58:29] "[36mGET /static/images/refrigerators/upright-freezer.png HTTP/1.1[0m" 304 -
127.0.0.1 - - [29/Jun/2021 01:58:29] "[36mGET /static/images/refrigerators/chest-freezer.png HTTP/1.1[0m" 304 -
127.0.0.1 - - [29/Jun/2021 01:58:29] "[36mGET /static/images/refrigerators/mini-fridge.jpg HTTP/1.1[0m" 304 -
127.0.0.1 - - [29/Jun/2021 01:58:29] "[36mGET /static/images/stainless_steel.jpg HTTP/1.1[0m" 304 -
127.0.0.1 - - [29/Jun/2021 01:58:29] "[36mGET /static/images/black.png HTTP/1.1[0m" 304 -
127.0.0.1 - - [29/Jun/2021 01:58:29] "[36mGET /static/images/white.png HTTP/1.1[0m" 304 -
127.0.0.1 - - [29/Jun/2021 01:58:30] "GET /appliances/refrigerators HTTP/1.1" 200 -
127.0.0.1 - - [29/Jun/2021 01:58:30] "[33mGET /robots.txt?1624946310064 HTTP/1.1[0m" 404 -
127.0.0.1 - - [29/Jun/2021 01:58:30] "[36mGET /static/css/styles.css HTTP/1.1[0m" 304 -
127.0.0.1 - - [29/Jun/2021 01:58:30] "[36mGET /static/images/logo.svg HTTP/1.1[0m" 304 -
127.0.0.1 - - [29/Jun/2021 01:58:30] "[36mGET /static/images/refrigerators/french-door.png HTTP/1.1[0m" 304 -
127.0.0.1 - - [29/Jun/2021 01:58:30] "[36mGET /static/images/refrigerators/side-by-side.png HTTP/1.1[0m" 304 -
127.0.0.1 - - [29/Jun/2021 01:58:30] "[36mGET /static/images/refrigerators/botton-freezer.png HTTP/1.1[0m" 304 -
127.0.0.1 - - [29/Jun/2021 01:58:30] "[36mGET /static/images/refrigerators/top-fridge.png HTTP/1.1[0m" 304 -
127.0.0.1 - - [29/Jun/2021 01:58:30] "[36mGET /static/images/refrigerators/freezerless-fridge.jpg HTTP/1.1[0m" 304 -
127.0.0.1 - - [29/Jun/2021 01:58:30] "[36mGET /static/images/refrigerators/upright-freezer.png HTTP/1.1[0m" 304 -
127.0.0.1 - - [29/Jun/2021 01:58:30] "[36mGET /static/images/refrigerators/chest-freezer.png HTTP/1.1[0m" 304 -
127.0.0.1 - - [29/Jun/2021 01:58:30] "[36mGET /static/images/refrigerators/mini-fridge.jpg HTTP/1.1[0m" 304 -
127.0.0.1 - - [29/Jun/2021 01:58:30] "[36mGET /static/images/stainless_steel.jpg HTTP/1.1[0m" 304 -
127.0.0.1 - - [29/Jun/2021 01:58:30] "[36mGET /static/images/black.png HTTP/1.1[0m" 304 -
127.0.0.1 - - [29/Jun/2021 01:58:30] "[36mGET /static/images/white.png HTTP/1.1[0m" 304 -
127.0.0.1 - - [29/Jun/2021 01:58:30] "GET /appliances/refrigerators HTTP/1.1" 200 -
127.0.0.1 - - [29/Jun/2021 01:58:30] "[33mGET /robots.txt?1624946310291 HTTP/1.1[0m" 404 -
127.0.0.1 - - [29/Jun/2021 01:58:30] "[36mGET /static/css/styles.css HTTP/1.1[0m" 304 -
127.0.0.1 - - [29/Jun/2021 01:58:30] "[36mGET /static/images/logo.svg HTTP/1.1[0m" 304 -
127.0.0.1 - - [29/Jun/2021 01:58:30] "[36mGET /static/images/refrigerators/french-door.png HTTP/1.1[0m" 304 -
127.0.0.1 - - [29/Jun/2021 01:58:30] "[36mGET /static/images/refrigerators/side-by-side.png HTTP/1.1[0m" 304 -
127.0.0.1 - - [29/Jun/2021 01:58:30] "[36mGET /static/images/refrigerators/botton-freezer.png HTTP/1.1[0m" 304 -
127.0.0.1 - - [29/Jun/2021 01:58:30] "[36mGET /static/images/refrigerators/top-fridge.png HTTP/1.1[0m" 304 -
127.0.0.1 - - [29/Jun/2021 01:58:30] "[36mGET /static/images/refrigerators/freezerless-fridge.jpg HTTP/1.1[0m" 304 -
127.0.0.1 - - [29/Jun/2021 01:58:30] "[36mGET /static/images/refrigerators/upright-freezer.png HTTP/1.1[0m" 304 -
127.0.0.1 - - [29/Jun/2021 01:58:30] "[36mGET /static/images/refrigerators/chest-freezer.png HTTP/1.1[0m" 304 -
127.0.0.1 - - [29/Jun/2021 01:58:30] "[36mGET /static/images/refrigerators/mini-fridge.jpg HTTP/1.1[0m" 304 -
127.0.0.1 - - [29/Jun/2021 01:58:30] "[36mGET /static/images/stainless_steel.jpg HTTP/1.1[0m" 304 -
127.0.0.1 - - [29/Jun/2021 01:58:30] "[36mGET /static/images/black.png HTTP/1.1[0m" 304 -
127.0.0.1 - - [29/Jun/2021 01:58:30] "[36mGET /static/images/white.png HTTP/1.1[0m" 304 -
127.0.0.1 - - [29/Jun/2021 01:58:30] "GET /appliances/refrigerators HTTP/1.1" 200 -
127.0.0.1 - - [29/Jun/2021 01:58:30] "[33mGET /robots.txt?1624946310494 HTTP/1.1[0m" 404 -
127.0.0.1 - - [29/Jun/2021 01:58:30] "[36mGET /static/css/styles.css HTTP/1.1[0m" 304 -
127.0.0.1 - - [29/Jun/2021 01:58:30] "[36mGET /static/images/logo.svg HTTP/1.1[0m" 304 -
127.0.0.1 - - [29/Jun/2021 01:58:30] "[36mGET /static/images/refrigerators/french-door.png HTTP/1.1[0m" 304 -
127.0.0.1 - - [29/Jun/2021 01:58:30] "[36mGET /static/images/refrigerators/side-by-side.png HTTP/1.1[0m" 304 -
127.0.0.1 - - [29/Jun/2021 01:58:30] "[36mGET /static/images/refrigerators/botton-freezer.png HTTP/1.1[0m" 304 -
127.0.0.1 - - [29/Jun/2021 01:58:30] "[36mGET /static/images/refrigerators/top-fridge.png HTTP/1.1[0m" 304 -
127.0.0.1 - - [29/Jun/2021 01:58:30] "[36mGET /static/images/refrigerators/freezerless-fridge.jpg HTTP/1.1[0m" 304 -
127.0.0.1 - - [29/Jun/2021 01:58:30] "[36mGET /static/images/refrigerators/upright-freezer.png HTTP/1.1[0m" 304 -
127.0.0.1 - - [29/Jun/2021 01:58:30] "[36mGET /static/images/refrigerators/chest-freezer.png HTTP/1.1[0m" 304 -
127.0.0.1 - - [29/Jun/2021 01:58:30] "[36mGET /static/images/refrigerators/mini-fridge.jpg HTTP/1.1[0m" 304 -
127.0.0.1 - - [29/Jun/2021 01:58:30] "[36mGET /static/images/stainless_steel.jpg HTTP/1.1[0m" 304 -
127.0.0.1 - - [29/Jun/2021 01:58:30] "[36mGET /static/images/black.png HTTP/1.1[0m" 304 -
127.0.0.1 - - [29/Jun/2021 01:58:30] "[36mGET /static/images/white.png HTTP/1.1[0m" 304 -
 * Restarting with stat
 * Debugger is active!
 * Debugger PIN: 606-389-275
 * Running on http://127.0.0.1:5000/ (Press CTRL+C to quit)
127.0.0.1 - - [29/Jun/2021 01:58:58] "GET /appliances/refrigerators HTTP/1.1" 200 -
127.0.0.1 - - [29/Jun/2021 01:58:58] "[33mGET /robots.txt?1624946338111 HTTP/1.1[0m" 404 -
127.0.0.1 - - [29/Jun/2021 01:58:59] "[36mGET /static/images/logo.svg HTTP/1.1[0m" 304 -
127.0.0.1 - - [29/Jun/2021 01:58:59] "[36mGET /static/images/refrigerators/top-fridge.png HTTP/1.1[0m" 304 -
127.0.0.1 - - [29/Jun/2021 01:58:59] "[36mGET /static/css/styles.css HTTP/1.1[0m" 304 -
127.0.0.1 - - [29/Jun/2021 01:58:59] "[36mGET /static/images/refrigerators/side-by-side.png HTTP/1.1[0m" 304 -
127.0.0.1 - - [29/Jun/2021 01:58:59] "[36mGET /static/images/refrigerators/french-door.png HTTP/1.1[0m" 304 -
127.0.0.1 - - [29/Jun/2021 01:58:59] "[36mGET /static/images/refrigerators/botton-freezer.png HTTP/1.1[0m" 304 -
127.0.0.1 - - [29/Jun/2021 01:59:03] "GET /appliances/refrigerators HTTP/1.1" 200 -
127.0.0.1 - - [29/Jun/2021 01:59:03] "[33mGET /robots.txt?1624946343135 HTTP/1.1[0m" 404 -
127.0.0.1 - - [29/Jun/2021 01:59:03] "GET /static/css/styles.css HTTP/1.1" 200 -
127.0.0.1 - - [29/Jun/2021 01:59:03] "GET /static/images/logo.svg HTTP/1.1" 200 -
127.0.0.1 - - [29/Jun/2021 01:59:03] "GET /static/images/refrigerators/french-door.png HTTP/1.1" 200 -
127.0.0.1 - - [29/Jun/2021 01:59:03] "GET /static/images/refrigerators/side-by-side.png HTTP/1.1" 200 -
127.0.0.1 - - [29/Jun/2021 01:59:03] "GET /static/images/refrigerators/botton-freezer.png HTTP/1.1" 200 -
127.0.0.1 - - [29/Jun/2021 01:59:03] "GET /static/images/refrigerators/top-fridge.png HTTP/1.1" 200 -
127.0.0.1 - - [29/Jun/2021 01:59:03] "[36mGET /static/images/refrigerators/freezerless-fridge.jpg HTTP/1.1[0m" 304 -
127.0.0.1 - - [29/Jun/2021 01:59:03] "[36mGET /static/images/refrigerators/upright-freezer.png HTTP/1.1[0m" 304 -
127.0.0.1 - - [29/Jun/2021 01:59:03] "[36mGET /static/images/refrigerators/mini-fridge.jpg HTTP/1.1[0m" 304 -
127.0.0.1 - - [29/Jun/2021 01:59:03] "[36mGET /static/images/refrigerators/chest-freezer.png HTTP/1.1[0m" 304 -
127.0.0.1 - - [29/Jun/2021 01:59:03] "[36mGET /static/images/stainless_steel.jpg HTTP/1.1[0m" 304 -
127.0.0.1 - - [29/Jun/2021 01:59:03] "[36mGET /static/images/black.png HTTP/1.1[0m" 304 -
127.0.0.1 - - [29/Jun/2021 01:59:03] "[36mGET /static/images/white.png HTTP/1.1[0m" 304 -
127.0.0.1 - - [29/Jun/2021 01:59:03] "GET /appliances/refrigerators HTTP/1.1" 200 -
127.0.0.1 - - [29/Jun/2021 01:59:03] "[33mGET /robots.txt?1624946343730 HTTP/1.1[0m" 404 -
127.0.0.1 - - [29/Jun/2021 01:59:03] "[36mGET /static/css/styles.css HTTP/1.1[0m" 304 -
127.0.0.1 - - [29/Jun/2021 01:59:03] "[36mGET /static/images/logo.svg HTTP/1.1[0m" 304 -
127.0.0.1 - - [29/Jun/2021 01:59:03] "[36mGET /static/images/refrigerators/french-door.png HTTP/1.1[0m" 304 -
127.0.0.1 - - [29/Jun/2021 01:59:03] "[36mGET /static/images/refrigerators/side-by-side.png HTTP/1.1[0m" 304 -
127.0.0.1 - - [29/Jun/2021 01:59:03] "[36mGET /static/images/refrigerators/botton-freezer.png HTTP/1.1[0m" 304 -
127.0.0.1 - - [29/Jun/2021 01:59:03] "[36mGET /static/images/refrigerators/top-fridge.png HTTP/1.1[0m" 304 -
127.0.0.1 - - [29/Jun/2021 01:59:03] "[36mGET /static/images/refrigerators/freezerless-fridge.jpg HTTP/1.1[0m" 304 -
127.0.0.1 - - [29/Jun/2021 01:59:03] "[36mGET /static/images/refrigerators/chest-freezer.png HTTP/1.1[0m" 304 -
127.0.0.1 - - [29/Jun/2021 01:59:03] "[36mGET /static/images/refrigerators/upright-freezer.png HTTP/1.1[0m" 304 -
127.0.0.1 - - [29/Jun/2021 01:59:03] "[36mGET /static/images/refrigerators/mini-fridge.jpg HTTP/1.1[0m" 304 -
127.0.0.1 - - [29/Jun/2021 01:59:03] "[36mGET /static/images/stainless_steel.jpg HTTP/1.1[0m" 304 -
127.0.0.1 - - [29/Jun/2021 01:59:03] "[36mGET /static/images/black.png HTTP/1.1[0m" 304 -
127.0.0.1 - - [29/Jun/2021 01:59:03] "[36mGET /static/images/white.png HTTP/1.1[0m" 304 -
127.0.0.1 - - [29/Jun/2021 01:59:23] "[36mGET /static/css/styles.css HTTP/1.1[0m" 304 -
127.0.0.1 - - [29/Jun/2021 01:59:33] "GET /appliances/refrigerators HTTP/1.1" 200 -
127.0.0.1 - - [29/Jun/2021 01:59:33] "[33mGET /robots.txt?1624946373881 HTTP/1.1[0m" 404 -
127.0.0.1 - - [29/Jun/2021 01:59:33] "[36mGET /static/css/styles.css HTTP/1.1[0m" 304 -
127.0.0.1 - - [29/Jun/2021 01:59:33] "[36mGET /static/images/logo.svg HTTP/1.1[0m" 304 -
127.0.0.1 - - [29/Jun/2021 01:59:33] "[36mGET /static/images/refrigerators/french-door.png HTTP/1.1[0m" 304 -
127.0.0.1 - - [29/Jun/2021 01:59:33] "[36mGET /static/images/refrigerators/side-by-side.png HTTP/1.1[0m" 304 -
127.0.0.1 - - [29/Jun/2021 01:59:33] "[36mGET /static/images/refrigerators/botton-freezer.png HTTP/1.1[0m" 304 -
127.0.0.1 - - [29/Jun/2021 01:59:33] "[36mGET /static/images/refrigerators/top-fridge.png HTTP/1.1[0m" 304 -
127.0.0.1 - - [29/Jun/2021 01:59:33] "[36mGET /static/images/refrigerators/freezerless-fridge.jpg HTTP/1.1[0m" 304 -
127.0.0.1 - - [29/Jun/2021 01:59:33] "[36mGET /static/images/refrigerators/upright-freezer.png HTTP/1.1[0m" 304 -
127.0.0.1 - - [29/Jun/2021 01:59:33] "[36mGET /static/images/refrigerators/chest-freezer.png HTTP/1.1[0m" 304 -
127.0.0.1 - - [29/Jun/2021 01:59:33] "[36mGET /static/images/refrigerators/mini-fridge.jpg HTTP/1.1[0m" 304 -
127.0.0.1 - - [29/Jun/2021 01:59:34] "[36mGET /static/images/stainless_steel.jpg HTTP/1.1[0m" 304 -
127.0.0.1 - - [29/Jun/2021 01:59:34] "[36mGET /static/images/black.png HTTP/1.1[0m" 304 -
127.0.0.1 - - [29/Jun/2021 01:59:34] "[36mGET /static/images/white.png HTTP/1.1[0m" 304 -
127.0.0.1 - - [29/Jun/2021 01:59:47] "GET /appliances/refrigerators HTTP/1.1" 200 -
127.0.0.1 - - [29/Jun/2021 01:59:47] "[33mGET /robots.txt?1624946387046 HTTP/1.1[0m" 404 -
127.0.0.1 - - [29/Jun/2021 01:59:47] "[36mGET /static/css/styles.css HTTP/1.1[0m" 304 -
127.0.0.1 - - [29/Jun/2021 01:59:47] "[36mGET /static/images/logo.svg HTTP/1.1[0m" 304 -
127.0.0.1 - - [29/Jun/2021 01:59:47] "[36mGET /static/images/refrigerators/french-door.png HTTP/1.1[0m" 304 -
127.0.0.1 - - [29/Jun/2021 01:59:47] "[36mGET /static/images/refrigerators/side-by-side.png HTTP/1.1[0m" 304 -
127.0.0.1 - - [29/Jun/2021 01:59:47] "[36mGET /static/images/refrigerators/top-fridge.png HTTP/1.1[0m" 304 -
127.0.0.1 - - [29/Jun/2021 01:59:47] "[36mGET /static/images/refrigerators/botton-freezer.png HTTP/1.1[0m" 304 -
127.0.0.1 - - [29/Jun/2021 01:59:47] "[36mGET /static/images/refrigerators/freezerless-fridge.jpg HTTP/1.1[0m" 304 -
127.0.0.1 - - [29/Jun/2021 01:59:47] "[36mGET /static/images/refrigerators/upright-freezer.png HTTP/1.1[0m" 304 -
127.0.0.1 - - [29/Jun/2021 01:59:47] "[36mGET /static/images/refrigerators/mini-fridge.jpg HTTP/1.1[0m" 304 -
127.0.0.1 - - [29/Jun/2021 01:59:47] "[36mGET /static/images/refrigerators/chest-freezer.png HTTP/1.1[0m" 304 -
127.0.0.1 - - [29/Jun/2021 01:59:47] "[36mGET /static/images/stainless_steel.jpg HTTP/1.1[0m" 304 -
127.0.0.1 - - [29/Jun/2021 01:59:47] "[36mGET /static/images/black.png HTTP/1.1[0m" 304 -
127.0.0.1 - - [29/Jun/2021 01:59:47] "[36mGET /static/images/white.png HTTP/1.1[0m" 304 -
127.0.0.1 - - [29/Jun/2021 01:59:47] "GET /appliances/refrigerators HTTP/1.1" 200 -
127.0.0.1 - - [29/Jun/2021 01:59:47] "[33mGET /robots.txt?1624946387479 HTTP/1.1[0m" 404 -
127.0.0.1 - - [29/Jun/2021 01:59:47] "[36mGET /static/css/styles.css HTTP/1.1[0m" 304 -
127.0.0.1 - - [29/Jun/2021 01:59:47] "[36mGET /static/images/logo.svg HTTP/1.1[0m" 304 -
127.0.0.1 - - [29/Jun/2021 01:59:47] "[36mGET /static/images/refrigerators/french-door.png HTTP/1.1[0m" 304 -
127.0.0.1 - - [29/Jun/2021 01:59:47] "[36mGET /static/images/refrigerators/side-by-side.png HTTP/1.1[0m" 304 -
127.0.0.1 - - [29/Jun/2021 01:59:47] "[36mGET /static/images/refrigerators/botton-freezer.png HTTP/1.1[0m" 304 -
127.0.0.1 - - [29/Jun/2021 01:59:47] "[36mGET /static/images/refrigerators/top-fridge.png HTTP/1.1[0m" 304 -
127.0.0.1 - - [29/Jun/2021 01:59:47] "[36mGET /static/images/refrigerators/freezerless-fridge.jpg HTTP/1.1[0m" 304 -
127.0.0.1 - - [29/Jun/2021 01:59:47] "[36mGET /static/images/refrigerators/upright-freezer.png HTTP/1.1[0m" 304 -
127.0.0.1 - - [29/Jun/2021 01:59:47] "[36mGET /static/images/refrigerators/chest-freezer.png HTTP/1.1[0m" 304 -
127.0.0.1 - - [29/Jun/2021 01:59:47] "[36mGET /static/images/refrigerators/mini-fridge.jpg HTTP/1.1[0m" 304 -
127.0.0.1 - - [29/Jun/2021 01:59:47] "[36mGET /static/images/stainless_steel.jpg HTTP/1.1[0m" 304 -
127.0.0.1 - - [29/Jun/2021 01:59:47] "[36mGET /static/images/black.png HTTP/1.1[0m" 304 -
127.0.0.1 - - [29/Jun/2021 01:59:47] "[36mGET /static/images/white.png HTTP/1.1[0m" 304 -
 * Restarting with stat
 * Debugger is active!
 * Debugger PIN: 606-389-275
 * Running on http://127.0.0.1:5000/ (Press CTRL+C to quit)
127.0.0.1 - - [29/Jun/2021 02:00:17] "GET /appliances/refrigerators HTTP/1.1" 200 -
127.0.0.1 - - [29/Jun/2021 02:00:17] "[33mGET /robots.txt?1624946417727 HTTP/1.1[0m" 404 -
127.0.0.1 - - [29/Jun/2021 02:00:18] "[36mGET /static/css/styles.css HTTP/1.1[0m" 304 -
127.0.0.1 - - [29/Jun/2021 02:00:18] "[36mGET /static/images/logo.svg HTTP/1.1[0m" 304 -
127.0.0.1 - - [29/Jun/2021 02:00:18] "[36mGET /static/images/refrigerators/side-by-side.png HTTP/1.1[0m" 304 -
127.0.0.1 - - [29/Jun/2021 02:00:18] "[36mGET /static/images/refrigerators/botton-freezer.png HTTP/1.1[0m" 304 -
127.0.0.1 - - [29/Jun/2021 02:00:18] "[36mGET /static/images/refrigerators/top-fridge.png HTTP/1.1[0m" 304 -
127.0.0.1 - - [29/Jun/2021 02:00:18] "[36mGET /static/images/refrigerators/freezerless-fridge.jpg HTTP/1.1[0m" 304 -
127.0.0.1 - - [29/Jun/2021 02:00:18] "[36mGET /static/images/refrigerators/upright-freezer.png HTTP/1.1[0m" 304 -
127.0.0.1 - - [29/Jun/2021 02:00:18] "[36mGET /static/images/refrigerators/chest-freezer.png HTTP/1.1[0m" 304 -
127.0.0.1 - - [29/Jun/2021 02:00:18] "[36mGET /static/images/refrigerators/mini-fridge.jpg HTTP/1.1[0m" 304 -
127.0.0.1 - - [29/Jun/2021 02:00:18] "[36mGET /static/images/stainless_steel.jpg HTTP/1.1[0m" 304 -
127.0.0.1 - - [29/Jun/2021 02:00:18] "[36mGET /static/images/refrigerators/french-door.png HTTP/1.1[0m" 304 -
127.0.0.1 - - [29/Jun/2021 02:00:18] "[36mGET /static/images/black.png HTTP/1.1[0m" 304 -
127.0.0.1 - - [29/Jun/2021 02:00:18] "[36mGET /static/images/white.png HTTP/1.1[0m" 304 -
 * Restarting with stat
 * Debugger is active!
 * Debugger PIN: 606-389-275
 * Running on http://127.0.0.1:5000/ (Press CTRL+C to quit)
127.0.0.1 - - [29/Jun/2021 02:00:48] "GET /appliances/refrigerators HTTP/1.1" 200 -
127.0.0.1 - - [29/Jun/2021 02:00:48] "[33mGET /robots.txt?1624946448399 HTTP/1.1[0m" 404 -
127.0.0.1 - - [29/Jun/2021 02:00:48] "[36mGET /static/css/styles.css HTTP/1.1[0m" 304 -
127.0.0.1 - - [29/Jun/2021 02:00:48] "[36mGET /static/images/refrigerators/side-by-side.png HTTP/1.1[0m" 304 -
127.0.0.1 - - [29/Jun/2021 02:00:48] "[36mGET /static/images/refrigerators/botton-freezer.png HTTP/1.1[0m" 304 -
127.0.0.1 - - [29/Jun/2021 02:00:48] "[36mGET /static/images/refrigerators/top-fridge.png HTTP/1.1[0m" 304 -
127.0.0.1 - - [29/Jun/2021 02:00:48] "[36mGET /static/images/refrigerators/freezerless-fridge.jpg HTTP/1.1[0m" 304 -
127.0.0.1 - - [29/Jun/2021 02:00:48] "[36mGET /static/images/refrigerators/upright-freezer.png HTTP/1.1[0m" 304 -
127.0.0.1 - - [29/Jun/2021 02:00:48] "[36mGET /static/images/refrigerators/chest-freezer.png HTTP/1.1[0m" 304 -
127.0.0.1 - - [29/Jun/2021 02:00:48] "[36mGET /static/images/refrigerators/mini-fridge.jpg HTTP/1.1[0m" 304 -
127.0.0.1 - - [29/Jun/2021 02:00:48] "[36mGET /static/images/stainless_steel.jpg HTTP/1.1[0m" 304 -
127.0.0.1 - - [29/Jun/2021 02:00:48] "[36mGET /static/images/black.png HTTP/1.1[0m" 304 -
127.0.0.1 - - [29/Jun/2021 02:00:48] "[36mGET /static/images/white.png HTTP/1.1[0m" 304 -
127.0.0.1 - - [29/Jun/2021 02:00:48] "[36mGET /static/images/logo.svg HTTP/1.1[0m" 304 -
127.0.0.1 - - [29/Jun/2021 02:00:48] "[36mGET /static/images/refrigerators/french-door.png HTTP/1.1[0m" 304 -
127.0.0.1 - - [29/Jun/2021 02:01:19] "GET /appliances/refrigerators HTTP/1.1" 200 -
127.0.0.1 - - [29/Jun/2021 02:01:19] "[33mGET /robots.txt?1624946479042 HTTP/1.1[0m" 404 -
127.0.0.1 - - [29/Jun/2021 02:01:19] "[36mGET /static/css/styles.css HTTP/1.1[0m" 304 -
127.0.0.1 - - [29/Jun/2021 02:01:19] "[36mGET /static/images/logo.svg HTTP/1.1[0m" 304 -
127.0.0.1 - - [29/Jun/2021 02:01:19] "[36mGET /static/images/refrigerators/french-door.png HTTP/1.1[0m" 304 -
127.0.0.1 - - [29/Jun/2021 02:01:19] "[36mGET /static/images/refrigerators/side-by-side.png HTTP/1.1[0m" 304 -
127.0.0.1 - - [29/Jun/2021 02:01:19] "[36mGET /static/images/refrigerators/botton-freezer.png HTTP/1.1[0m" 304 -
127.0.0.1 - - [29/Jun/2021 02:01:19] "[36mGET /static/images/refrigerators/top-fridge.png HTTP/1.1[0m" 304 -
127.0.0.1 - - [29/Jun/2021 02:01:19] "[36mGET /static/images/refrigerators/freezerless-fridge.jpg HTTP/1.1[0m" 304 -
127.0.0.1 - - [29/Jun/2021 02:01:19] "[36mGET /static/images/refrigerators/upright-freezer.png HTTP/1.1[0m" 304 -
127.0.0.1 - - [29/Jun/2021 02:01:19] "[36mGET /static/images/refrigerators/chest-freezer.png HTTP/1.1[0m" 304 -
127.0.0.1 - - [29/Jun/2021 02:01:19] "[36mGET /static/images/refrigerators/mini-fridge.jpg HTTP/1.1[0m" 304 -
127.0.0.1 - - [29/Jun/2021 02:01:19] "[36mGET /static/images/stainless_steel.jpg HTTP/1.1[0m" 304 -
127.0.0.1 - - [29/Jun/2021 02:01:19] "[36mGET /static/images/white.png HTTP/1.1[0m" 304 -
127.0.0.1 - - [29/Jun/2021 02:01:19] "[36mGET /static/images/black.png HTTP/1.1[0m" 304 -
 * Restarting with stat
 * Debugger is active!
 * Debugger PIN: 606-389-275
 * Running on http://127.0.0.1:5000/ (Press CTRL+C to quit)
127.0.0.1 - - [29/Jun/2021 02:01:49] "GET /appliances/refrigerators HTTP/1.1" 200 -
127.0.0.1 - - [29/Jun/2021 02:01:49] "[33mGET /robots.txt?1624946509270 HTTP/1.1[0m" 404 -
127.0.0.1 - - [29/Jun/2021 02:01:49] "[36mGET /static/css/styles.css HTTP/1.1[0m" 304 -
127.0.0.1 - - [29/Jun/2021 02:01:49] "[36mGET /static/images/refrigerators/side-by-side.png HTTP/1.1[0m" 304 -
127.0.0.1 - - [29/Jun/2021 02:01:49] "[36mGET /static/images/refrigerators/botton-freezer.png HTTP/1.1[0m" 304 -
127.0.0.1 - - [29/Jun/2021 02:01:49] "[36mGET /static/images/refrigerators/top-fridge.png HTTP/1.1[0m" 304 -
127.0.0.1 - - [29/Jun/2021 02:01:49] "[36mGET /static/images/refrigerators/freezerless-fridge.jpg HTTP/1.1[0m" 304 -
127.0.0.1 - - [29/Jun/2021 02:01:49] "[36mGET /static/images/refrigerators/upright-freezer.png HTTP/1.1[0m" 304 -
127.0.0.1 - - [29/Jun/2021 02:01:49] "[36mGET /static/images/refrigerators/chest-freezer.png HTTP/1.1[0m" 304 -
127.0.0.1 - - [29/Jun/2021 02:01:49] "[36mGET /static/images/refrigerators/mini-fridge.jpg HTTP/1.1[0m" 304 -
127.0.0.1 - - [29/Jun/2021 02:01:49] "[36mGET /static/images/stainless_steel.jpg HTTP/1.1[0m" 304 -
127.0.0.1 - - [29/Jun/2021 02:01:49] "[36mGET /static/images/black.png HTTP/1.1[0m" 304 -
127.0.0.1 - - [29/Jun/2021 02:01:49] "[36mGET /static/images/white.png HTTP/1.1[0m" 304 -
127.0.0.1 - - [29/Jun/2021 02:01:49] "[36mGET /static/images/logo.svg HTTP/1.1[0m" 304 -
127.0.0.1 - - [29/Jun/2021 02:01:49] "[36mGET /static/images/refrigerators/french-door.png HTTP/1.1[0m" 304 -
127.0.0.1 - - [29/Jun/2021 02:02:19] "GET /appliances/refrigerators HTTP/1.1" 200 -
127.0.0.1 - - [29/Jun/2021 02:02:19] "[33mGET /robots.txt?1624946539944 HTTP/1.1[0m" 404 -
127.0.0.1 - - [29/Jun/2021 02:02:19] "[36mGET /static/css/styles.css HTTP/1.1[0m" 304 -
127.0.0.1 - - [29/Jun/2021 02:02:19] "[36mGET /static/images/logo.svg HTTP/1.1[0m" 304 -
127.0.0.1 - - [29/Jun/2021 02:02:20] "[36mGET /static/images/refrigerators/french-door.png HTTP/1.1[0m" 304 -
127.0.0.1 - - [29/Jun/2021 02:02:20] "[36mGET /static/images/refrigerators/side-by-side.png HTTP/1.1[0m" 304 -
127.0.0.1 - - [29/Jun/2021 02:02:20] "[36mGET /static/images/refrigerators/botton-freezer.png HTTP/1.1[0m" 304 -
127.0.0.1 - - [29/Jun/2021 02:02:20] "[36mGET /static/images/refrigerators/top-fridge.png HTTP/1.1[0m" 304 -
127.0.0.1 - - [29/Jun/2021 02:02:20] "[36mGET /static/images/refrigerators/freezerless-fridge.jpg HTTP/1.1[0m" 304 -
127.0.0.1 - - [29/Jun/2021 02:02:20] "[36mGET /static/images/refrigerators/upright-freezer.png HTTP/1.1[0m" 304 -
127.0.0.1 - - [29/Jun/2021 02:02:20] "[36mGET /static/images/refrigerators/chest-freezer.png HTTP/1.1[0m" 304 -
127.0.0.1 - - [29/Jun/2021 02:02:20] "[36mGET /static/images/refrigerators/mini-fridge.jpg HTTP/1.1[0m" 304 -
127.0.0.1 - - [29/Jun/2021 02:02:20] "[36mGET /static/images/stainless_steel.jpg HTTP/1.1[0m" 304 -
127.0.0.1 - - [29/Jun/2021 02:02:20] "[36mGET /static/images/black.png HTTP/1.1[0m" 304 -
127.0.0.1 - - [29/Jun/2021 02:02:20] "[36mGET /static/images/white.png HTTP/1.1[0m" 304 -
 * Detected change in 'C:\\Users\\ricar\\Desktop\\hd_scraper\\app.py', reloading
 * Restarting with stat
 * Restarting with stat
 * Debugger is active!
 * Debugger PIN: 606-389-275
 * Running on http://127.0.0.1:5000/ (Press CTRL+C to quit)
 * Detected change in 'C:\\Users\\ricar\\Desktop\\hd_scraper\\app.py', reloading
 * Restarting with stat
 * Debugger is active!
 * Debugger PIN: 606-389-275
 * Running on http://127.0.0.1:5000/ (Press CTRL+C to quit)
 * Detected change in 'C:\\Users\\ricar\\Desktop\\hd_scraper\\app.py', reloading
 * Restarting with stat
 * Restarting with stat
 * Debugger is active!
 * Debugger PIN: 606-389-275
 * Running on http://127.0.0.1:5000/ (Press CTRL+C to quit)
127.0.0.1 - - [29/Jun/2021 02:02:50] "GET /appliances/refrigerators HTTP/1.1" 200 -
127.0.0.1 - - [29/Jun/2021 02:02:50] "[33mGET /robots.txt?1624946570192 HTTP/1.1[0m" 404 -
127.0.0.1 - - [29/Jun/2021 02:02:50] "[36mGET /static/css/styles.css HTTP/1.1[0m" 304 -
127.0.0.1 - - [29/Jun/2021 02:02:50] "[36mGET /static/images/refrigerators/side-by-side.png HTTP/1.1[0m" 304 -
127.0.0.1 - - [29/Jun/2021 02:02:50] "[36mGET /static/images/refrigerators/botton-freezer.png HTTP/1.1[0m" 304 -
127.0.0.1 - - [29/Jun/2021 02:02:50] "[36mGET /static/images/refrigerators/top-fridge.png HTTP/1.1[0m" 304 -
127.0.0.1 - - [29/Jun/2021 02:02:50] "[36mGET /static/images/refrigerators/freezerless-fridge.jpg HTTP/1.1[0m" 304 -
127.0.0.1 - - [29/Jun/2021 02:02:50] "[36mGET /static/images/refrigerators/upright-freezer.png HTTP/1.1[0m" 304 -
127.0.0.1 - - [29/Jun/2021 02:02:50] "[36mGET /static/images/refrigerators/chest-freezer.png HTTP/1.1[0m" 304 -
127.0.0.1 - - [29/Jun/2021 02:02:50] "[36mGET /static/images/refrigerators/mini-fridge.jpg HTTP/1.1[0m" 304 -
127.0.0.1 - - [29/Jun/2021 02:02:50] "[36mGET /static/images/stainless_steel.jpg HTTP/1.1[0m" 304 -
127.0.0.1 - - [29/Jun/2021 02:02:50] "[36mGET /static/images/black.png HTTP/1.1[0m" 304 -
127.0.0.1 - - [29/Jun/2021 02:02:50] "[36mGET /static/images/white.png HTTP/1.1[0m" 304 -
127.0.0.1 - - [29/Jun/2021 02:02:50] "[36mGET /static/images/logo.svg HTTP/1.1[0m" 304 -
127.0.0.1 - - [29/Jun/2021 02:02:50] "[36mGET /static/images/refrigerators/french-door.png HTTP/1.1[0m" 304 -
 * Detected change in 'C:\\Users\\ricar\\Desktop\\hd_scraper\\app.py', reloading
 * Restarting with stat
